******************************************************************************
            TI ARM Clang Linker Unix v5.0.0                    
******************************************************************************
>> Linked Sat Feb 21 02:51:24 2026

OUTPUT FILE NAME:   <watchdog_interrupt.release.out>
ENTRY POINT SYMBOL: "_vectors"  address: 00000000


MEMORY CONFIGURATION

         name            origin    length      used     unused   attr    fill
----------------------  --------  ---------  --------  --------  ----  --------
  R5F_VECS              00000000   00000040  00000040  00000000  RWIX
  R5F_TCMA              00000040   00007fc0  00000000  00007fc0  RWIX
  R5F_TCMB              41010000   00008000  00000000  00008000  RWIX
  MSRAM                 79100000   00080000  000154f8  0006ab08  RWIX


SEGMENT ALLOCATION MAP

run origin  load origin   length   init length attrs members
----------  ----------- ---------- ----------- ----- -------
00000000    00000000    00000040   00000040    r-x
  00000000    00000000    00000040   00000040    r-x .vectors
79100000    79100000    0000d4d8   00000000    rw-
  79100000    79100000    000014d8   00000000    rw- .bss
  791014d8    791014d8    00008000   00000000    rw- .sysmem
  791094d8    791094d8    00004000   00000000    rw- .stack
7910d4e0    7910d4e0    000067e0   000067e0    r-x
  7910d4e0    7910d4e0    00005160   00005160    r-x .text
  79112640    79112640    000006f0   000006f0    r-- .rodata
  79112d30    79112d30    00000790   00000790    r-x .text.hwi
  791134c0    791134c0    00000488   00000488    r-x .text.cache
  79113948    79113948    00000248   00000248    r-x .text.mpu
  79113b90    79113b90    00000128   00000128    r-x .text.boot
  79113cb8    79113cb8    00000008   00000008    r-x .text:abort
79113cc0    79113cc0    00001840   00000440    rw-
  79113cc0    79113cc0    00000440   00000440    rw- .data
  79114100    79114100    00000100   00000000    rw- .irqstack
  79114200    79114200    00000100   00000000    rw- .fiqstack
  79114300    79114300    00001000   00000000    rw- .svcstack
  79115300    79115300    00000100   00000000    rw- .abortstack
  79115400    79115400    00000100   00000000    rw- .undefinedstack


SECTION ALLOCATION MAP

 output                                  attributes/
section   page    origin      length       input sections
--------  ----  ----------  ----------   ----------------
.vectors   0    00000000    00000040     
                  00000000    00000040     nortos.am62dx.r5f.ti-arm-clang.release.lib : HwiP_armv7r_vectors_nortos_asm.obj (.vectors)

.bss       0    79100000    000014d8     UNINITIALIZED
                  79100000    00001008     (.common:gHwiCtrl)
                  79101008    00000280     ti_drivers_config.obj (.bss.gUartObjects)
                  79101288    00000120     libsysbm.a : trgmsg.c.obj (.bss:_CIOBUF_)
                  791013a8    000000a0     libc.a : defs.c.obj (.bss.__TI_tmpnams)
                  79101448    00000038     (.common:gClockCtrl)
                  79101480    00000020     watchdog_interrupt_mode.obj (.bss.watchdog_interrupt_main.gRtiHwiObject)
                  791014a0    00000020     (.common:gWatchdogObjects)
                  791014c0    00000008     libsysbm.a : hostopen.c.obj (.bss.parmbuf)
                  791014c8    00000004     nortos.am62dx.r5f.ti-arm-clang.release.lib : HwiP_armv7r_vim.obj (.bss.gdummy)
                  791014cc    00000004     libc.a : memory.c.obj (.bss.sys_free)
                  791014d0    00000004     (.common:gUartHandle)
                  791014d4    00000004     (.common:gWatchdogHandle)

.sysmem    0    791014d8    00008000     UNINITIALIZED
                  791014d8    00000010     libc.a : memory.c.obj (.sysmem)
                  791014e8    00007ff0     --HOLE--

.stack     0    791094d8    00004000     UNINITIALIZED
                  791094d8    00000004     nortos.am62dx.r5f.ti-arm-clang.release.lib : boot_armv7r_asm.obj (.stack)
                  791094dc    00003ffc     --HOLE--

.text      0    7910d4e0    00005160     
                  7910d4e0    0000057a     nortos.am62dx.r5f.ti-arm-clang.release.lib : printf.obj (.text._vsnprintf)
                  7910da5a    000004d6     drivers.am62dx.r5f.ti-arm-clang.release.lib : uart_v0.obj (.text.UART_open)
                  7910df30    000003a0     nortos.am62dx.r5f.ti-arm-clang.release.lib : printf.obj (.text._ftoa)
                  7910e2d0    00000010     libclang_rt.builtins.a : aeabi_memset.S.obj (.text.__aeabi_memset)
                  7910e2e0    00000390     libc.a : strcmp32.S.obj (.text:strcmp)
                  7910e670    0000034e     drivers.am62dx.r5f.ti-arm-clang.release.lib : sciclient.obj (.text.Sciclient_service)
                  7910e9be    00000002     ti_board_config.obj (.text.Board_deinit)
                  7910e9c0    000002f8     nortos.am62dx.r5f.ti-arm-clang.release.lib : printf.obj (.text._etoa)
                  7910ecb8    0000021e     drivers.am62dx.r5f.ti-arm-clang.release.lib : uart_v0.obj (.text.UART_masterIsr)
                  7910eed6    00000218     nortos.am62dx.r5f.ti-arm-clang.release.lib : TimerP.obj (.text.TimerP_setup)
                  7910f0ee    00000002     ti_board_open_close.obj (.text.Board_driversClose)
                  7910f0f0    000001a0     libc.a : memory.c.obj (.text.free)
                  7910f290    00000194            : memory.c.obj (.text.aligned_alloc)
                  7910f424    00000146     drivers.am62dx.r5f.ti-arm-clang.release.lib : uart_v0.obj (.text.UART_close)
                  7910f56a    00000002     ti_board_config.obj (.text.Board_init)
                  7910f56c    00000144     libc.a : setvbuf.c.obj (.text.setvbuf)
                  7910f6b0    0000013a     drivers.am62dx.r5f.ti-arm-clang.release.lib : soc.obj (.text.SOC_moduleSetClockFrequency)
                  7910f7ea    00000132     nortos.am62dx.r5f.ti-arm-clang.release.lib : printf.obj (.text._ntoa_format)
                  7910f91c    0000012e     drivers.am62dx.r5f.ti-arm-clang.release.lib : uart_v0.obj (.text.UART_write)
                  7910fa4a    00000002     nortos.am62dx.r5f.ti-arm-clang.release.lib : SemaphoreP_nortos.obj (.text.SemaphoreP_destruct)
                  7910fa4c    0000012c                                                : PmuP_armv7r_asm.obj (.text.pmu)
                  7910fb78    0000012a     drivers.am62dx.r5f.ti-arm-clang.release.lib : watchdog_rti.obj (.text.Watchdog_open)
                  7910fca2    00000002     nortos.am62dx.r5f.ti-arm-clang.release.lib : TaskP_nortos.obj (.text.TaskP_yield)
                  7910fca4    00000118     libclang_rt.builtins.a : udivmoddi4.S.obj (.text)
                  7910fdbc    000000fc     nortos.am62dx.r5f.ti-arm-clang.release.lib : ClockP_nortos_r5.obj (.text.ClockP_init)
                  7910feb8    000000f0     libc.a : fputc.c.obj (.text.fputc)
                  7910ffa8    000000d6     drivers.am62dx.r5f.ti-arm-clang.release.lib : uart_v0.obj (.text.UART_writePolling)
                  7911007e    00000002                                                 : watchdog_rti.obj (.text.Watchdog_close)
                  79110080    000000c8     libc.a : getdevice.c.obj (.text.getdevice)
                  79110148    000000b8     drivers.am62dx.r5f.ti-arm-clang.release.lib : uart_v0.obj (.text.UART_divisorLatchWrite)
                  79110200    000000b4                                                 : sciclient_pm.obj (.text.Sciclient_pmQueryModuleClkFreq)
                  791102b4    000000b4     libc.a : fseek.c.obj (.text.fseeko)
                  79110368    000000b0     drivers.am62dx.r5f.ti-arm-clang.release.lib : uart_v0.obj (.text.UART_procLineStatusErr)
                  79110418    000000b0     libc.a : fclose.c.obj (.text.__TI_closefile)
                  791104c8    000000a8     drivers.am62dx.r5f.ti-arm-clang.release.lib : uart_v0.obj (.text.UART_flushTxFifo)
                  79110570    000000a6     nortos.am62dx.r5f.ti-arm-clang.release.lib : printf.obj (.text._out_rev)
                  79110616    00000002     drivers.am62dx.r5f.ti-arm-clang.release.lib : watchdog_rti.obj (.text.Watchdog_deinit)
                  79110618    000000a4     libc.a : memory.c.obj (.text.split)
                  791106bc    000000a2     drivers.am62dx.r5f.ti-arm-clang.release.lib : sciclient_pm.obj (.text.Sciclient_pmSetModuleClkFreq)
                  7911075e    000000a2     nortos.am62dx.r5f.ti-arm-clang.release.lib : printf.obj (.text._ntoa_long_long)
                  79110800    000000a0     libsysbm.a : hostrename.c.obj (.text.HOSTrename)
                  791108a0    0000009c                : hostopen.c.obj (.text.HOSTopen)
                  7911093c    0000009c     libc.a : _io_perm.c.obj (.text.__TI_wrt_ok)
                  791109d8    0000009a     drivers.am62dx.r5f.ti-arm-clang.release.lib : sciclient.obj (.text.Sciclient_init)
                  79110a72    0000009a                                                 : sciclient.obj (.text.Sciclient_sendMessage)
                  79110b0c    00000096     nortos.am62dx.r5f.ti-arm-clang.release.lib : SemaphoreP_nortos.obj (.text.SemaphoreP_pend)
                  79110ba2    00000094     drivers.am62dx.r5f.ti-arm-clang.release.lib : uart_v0.obj (.text.UART_init)
                  79110c36    0000008a     watchdog_interrupt_mode.obj (.text.watchdog_interrupt_main)
                  79110cc0    00000088     libc.a : fflush.c.obj (.text.__TI_doflush)
                  79110d48    00000088     libsysbm.a : close.c.obj (.text.close)
                  79110dd0    00000084                : hostread.c.obj (.text.HOSTread)
                  79110e54    00000084                : hostwrite.c.obj (.text.HOSTwrite)
                  79110ed8    00000080                : hostlseek.c.obj (.text.HOSTlseek)
                  79110f58    00000080     nortos.am62dx.r5f.ti-arm-clang.release.lib : printf.obj (.text._ntoa_long)
                  79110fd8    0000007c     drivers.am62dx.r5f.ti-arm-clang.release.lib : sciclient_pm.obj (.text.Sciclient_pmGetModuleClkNumParent)
                  79111054    0000007c                                                 : sciclient_pm.obj (.text.Sciclient_pmGetModuleClkParent)
                  791110d0    0000007a                                                 : sciclient_pm.obj (.text.Sciclient_pmGetModuleClkFreq)
                  7911114a    0000007a                                                 : sciclient_pm.obj (.text.Sciclient_pmGetModuleState)
                  791111c4    0000007a                                                 : sciclient_pm.obj (.text.Sciclient_pmModuleGetClkStatus)
                  7911123e    00000076                                                 : sciclient_pm.obj (.text.Sciclient_pmModuleClkRequest)
                  791112b4    00000076                                                 : sciclient_pm.obj (.text.Sciclient_pmSetModuleClkParent)
                  7911132a    0000006e                                                 : soc.obj (.text.SOC_moduleClockEnable)
                  79111398    0000006a                                                 : sciclient.obj (.text.Sciclient_getCurrentContext)
                  79111402    0000006a                                                 : uart_v0.obj (.text.UART_writeCancelNoCB)
                  7911146c    00000068     nortos.am62dx.r5f.ti-arm-clang.release.lib : AddrTranslateP.obj (.text.AddrTranslateP_getLocalAddr)
                  791114d4    00000064     libsysbm.a : hostunlink.c.obj (.text.HOSTunlink)
                  79111538    00000060                : hostclose.c.obj (.text.HOSTclose)
                  79111598    00000060     nortos.am62dx.r5f.ti-arm-clang.release.lib : PmuP_armv7r.obj (.text.pmu)
                  791115f8    0000005e                                                : ClockP_nortos.obj (.text.ClockP_timerTickIsr)
                  79111656    0000005c                                                : DebugP_log.obj (.text._DebugP_assert)
                  791116b2    00000058     drivers.am62dx.r5f.ti-arm-clang.release.lib : soc.obj (.text.SOC_controlModuleLockMMR)
                  7911170a    00000002                                                 : watchdog_rti.obj (.text.Watchdog_init)
                  7911170c    00000058     libc.a : fopen.c.obj (.text.__TI_cleanup)
                  79111764    00000058     libsysbm.a : trgmsg.c.obj (.text.__TI_readmsg)
                  791117bc    00000058                : trgmsg.c.obj (.text.__TI_writemsg)
                  79111814    00000058     main.obj (.text.main)
                  7911186c    00000056     ti_drivers_open_close.obj (.text.Drivers_uartOpen)
                  791118c2    00000056     drivers.am62dx.r5f.ti-arm-clang.release.lib : uart_dma.obj (.text.UART_dmaDisableChannel)
                  79111918    00000054                                                 : uart_dma.obj (.text.UART_dmaClose)
                  7911196c    00000054     libc.a : exit.c.obj (.text.exit)
                  791119c0    00000054            : getdevice.c.obj (.text.finddevice)
                  79111a14    00000054            : autoinit.c.obj (.text:__TI_auto_init_nobinit_nopinit)
                  79111a68    00000052     drivers.am62dx.r5f.ti-arm-clang.release.lib : sciclient_pm.obj (.text.Sciclient_pmSetModuleState)
                  79111aba    00000050     nortos.am62dx.r5f.ti-arm-clang.release.lib : ClockP_nortos.obj (.text.ClockP_construct)
                  79111b0a    0000004e                                                : ClockP_nortos.obj (.text.ClockP_addToList)
                  79111b58    0000004c     ti_drivers_open_close.obj (.text.Drivers_watchdogOpen)
                  79111ba4    0000004c     drivers.am62dx.r5f.ti-arm-clang.release.lib : pinmux.obj (.text.Pinmux_config)
                  79111bf0    0000004a                                                 : pinmux.obj (.text.Pinmux_unlockMMR)
                  79111c3a    0000004a                                                 : soc.obj (.text.SOC_controlModuleUnlockMMR)
                  79111c84    0000004a                                                 : sciclient_pm.obj (.text.Sciclient_pmSetModuleRst)
                  79111cce    00000002     nortos.am62dx.r5f.ti-arm-clang.release.lib : printf.obj (.text._out_null)
                  79111cd0    00000048     libsysbm.a : unlink.c.obj (.text.unlink)
                  79111d18    00000046     nortos.am62dx.r5f.ti-arm-clang.release.lib : ClockP_nortos.obj (.text.ClockP_getTimeUsec)
                  79111d5e    00000044                                                : ClockP_nortos.obj (.text.ClockP_stop)
                  79111da2    00000040     ti_dpl_config.obj (.text.Dpl_init)
                  79111de2    00000040     nortos.am62dx.r5f.ti-arm-clang.release.lib : SemaphoreP_nortos.obj (.text.SemaphoreP_constructBinary)
                  79111e22    00000002     --HOLE-- [fill = 0]
                  79111e24    00000040     libc.a : memory.c.obj (.text.free_list_insert)
                  79111e64    0000003e     nortos.am62dx.r5f.ti-arm-clang.release.lib : SemaphoreP_nortos.obj (.text.SemaphoreP_constructMutex)
                  79111ea2    0000003c                                                : ClockP_nortos.obj (.text.ClockP_usleep)
                  79111ede    0000003a                                                : ClockP_nortos.obj (.text.ClockP_destruct)
                  79111f18    0000003a                                                : DebugP_uartLogWriter.obj (.text.DebugP_uartLogWriterPutChar)
                  79111f52    0000003a     ti_power_clock_config.obj (.text.Module_clockSetFrequency)
                  79111f8c    0000003a     drivers.am62dx.r5f.ti-arm-clang.release.lib : uart_dma.obj (.text.UART_dmaOpen)
                  79111fc6    00000038     nortos.am62dx.r5f.ti-arm-clang.release.lib : DebugP_nortos.obj (.text._DebugP_logZone)
                  79111ffe    00000034                                                : ClockP_nortos.obj (.text.ClockP_start)
                  79112032    00000034     ti_power_clock_config.obj (.text.Module_clockDisable)
                  79112066    00000034     ti_power_clock_config.obj (.text.Module_clockEnable)
                  7911209a    00000002     --HOLE-- [fill = 0]
                  7911209c    00000034     libc.a : memory.c.obj (.text.free_list_remove)
                  791120d0    00000032     ti_drivers_open_close.obj (.text.Drivers_close)
                  79112102    00000002     --HOLE-- [fill = 0]
                  79112104    00000032     drivers.am62dx.r5f.ti-arm-clang.release.lib : sciclient_soc_priv.obj (.text.Sciclient_getContext)
                  79112136    00000032     nortos.am62dx.r5f.ti-arm-clang.release.lib : SemaphoreP_nortos.obj (.text.SemaphoreP_post)
                  79112168    00000032     ti_drivers_config.obj (.text.System_init)
                  7911219a    00000032     drivers.am62dx.r5f.ti-arm-clang.release.lib : uart_v0.obj (.text.UART_getHandle)
                  791121cc    00000032                                                 : watchdog_rti.obj (.text.Watchdog_clear)
                  791121fe    00000002     --HOLE-- [fill = 0]
                  79112200    00000030     libsysbm.a : lseek.c.obj (.text.lseek)
                  79112230    00000030                : write.c.obj (.text.write)
                  79112260    00000028     nortos.am62dx.r5f.ti-arm-clang.release.lib : ClockP_nortos.obj (.text.ClockP_sleepTicks)
                  79112288    00000024     ti_drivers_config.obj (.text.System_deinit)
                  791122ac    00000024     libclang_rt.builtins.a : aeabi_uldivmod.S.obj (.text.__aeabi_uldivmod)
                  791122d0    00000024     nortos.am62dx.r5f.ti-arm-clang.release.lib : printf.obj (.text.vprintf_)
                  791122f4    00000024     watchdog_interrupt_mode.obj (.text.watchdogCallback)
                  79112318    00000022     nortos.am62dx.r5f.ti-arm-clang.release.lib : ClockP_nortos.obj (.text.ClockP_deinit)
                  7911233a    00000022     ti_pinmux_config.obj (.text.Pinmux_init)
                  7911235c    00000020     nortos.am62dx.r5f.ti-arm-clang.release.lib : DebugP_log.obj (.text.DebugP_logZoneEnable)
                  7911237c    00000020     drivers.am62dx.r5f.ti-arm-clang.release.lib : soc.obj (.text.SOC_getSelfCpuClk)
                  7911239c    00000020     nortos.am62dx.r5f.ti-arm-clang.release.lib : TimerP.obj (.text.TimerP_Params_init)
                  791123bc    0000001c                                                : boot_armv7r.obj (.text._system_pre_init)
                  791123d8    0000001c     libsysbm.a : hostrename.c.obj (.text.strcpy)
                  791123f4    0000001c                : hostopen.c.obj (.text.strlen)
                  79112410    0000001c                : hostrename.c.obj (.text.strlen)
                  7911242c    0000001c                : hostunlink.c.obj (.text.strlen)
                  79112448    0000001c     libc.a : memcpy32.S.obj (.text:TI_memcpy_small)
                  79112464    0000001a     nortos.am62dx.r5f.ti-arm-clang.release.lib : TimerP.obj (.text.TimerP_start)
                  7911247e    0000001a                                                : TimerP.obj (.text.TimerP_stop)
                  79112498    0000001a     drivers.am62dx.r5f.ti-arm-clang.release.lib : uart_v0.obj (.text.UART_deinit)
                  791124b2    0000001a                                                 : uart_dma.obj (.text.UART_writeInterruptDma)
                  791124cc    00000018                                                 : sciclient_soc_priv.obj (.text.Sciclient_getDevId)
                  791124e4    00000018     libc.a : memset32.S.obj (.text:TI_memset_small)
                  791124fc    00000012     nortos.am62dx.r5f.ti-arm-clang.release.lib : TimerP.obj (.text.TimerP_clearOverflowInt)
                  7911250e    00000012     ti_dpl_config.obj (.text.putchar_)
                  79112520    00000010     libc.a : fputc.c.obj (.text.putchar)
                  79112530    0000000e     ti_dpl_config.obj (.text.Dpl_deinit)
                  7911253e    0000000e     ti_drivers_open_close.obj (.text.Drivers_open)
                  7911254c    0000000e     ti_power_clock_config.obj (.text.PowerClock_init)
                  7911255a    0000000c     nortos.am62dx.r5f.ti-arm-clang.release.lib : ClockP_nortos.obj (.text.ClockP_getTicks)
                  79112566    0000000c                                                : DebugP_uartLogWriter.obj (.text.DebugP_uartSetDrvIndex)
                  79112572    0000000c     drivers.am62dx.r5f.ti-arm-clang.release.lib : sciclient.obj (.text.Sciclient_getSelfDevIdCore)
                  7911257e    00000002     --HOLE-- [fill = 0]
                  79112580    0000000c     libclang_rt.builtins.a : aeabi_memset.S.obj (.text.__aeabi_memclr)
                  7911258c    0000000c     libc.a : memory.c.obj (.text.malloc)
                  79112598    00000008     libsysbm.a : hostexit.c.obj (.text.HOSTexit)
                  791125a0    0000000c     libc.a : strcmp32.S.obj (.text)
                  791125ac    0000000a     drivers.am62dx.r5f.ti-arm-clang.release.lib : csl_sec_proxy.obj (.text.CSL_secProxyGetDataAddr)
                  791125b6    0000000a     nortos.am62dx.r5f.ti-arm-clang.release.lib : ClockP_nortos.obj (.text.ClockP_Params_init)
                  791125c0    0000000a                                                : ClockP_nortos.obj (.text.ClockP_isActive)
                  791125ca    00000008                                                : printf.obj (.text._out_char)
                  791125d2    00000004     ti_board_open_close.obj (.text.Board_driversOpen)
                  791125d6    00000004     nortos.am62dx.r5f.ti-arm-clang.release.lib : ClockP_nortos_r5.obj (.text.ClockP_getTimerCount)
                  791125da    00000004                                                : ClockP_nortos_r5.obj (.text.ClockP_timerClearOverflowInt)
                  791125de    00000004     ti_power_clock_config.obj (.text.PowerClock_deinit)
                  791125e2    00000004     drivers.am62dx.r5f.ti-arm-clang.release.lib : sciclient.obj (.text.Sciclient_deinit)
                  791125e6    00000004     nortos.am62dx.r5f.ti-arm-clang.release.lib : TimerP.obj (.text.TimerP_getCount)
                  791125ea    00000004                                                : TimerP.obj (.text.TimerP_getReloadCount)
                  791125ee    00000002     --HOLE-- [fill = 0]
                  791125f0    00000004     libclang_rt.builtins.a : aeabi_div0.c.obj (.text.__aeabi_ldiv0)
                  791125f4    00000004                            : aeabi_memcpy.S.obj (.text.__aeabi_memcpy)
                  791125f8    00000004     libc.a : _lock.c.obj (.text._nop)
                  791125fc    00000004            : fseek.c.obj (.text.fseek)
                  79112600    00000004     libsysbm.a : remove.c.obj (.text.remove)
                  79112604    00000008     nortos.am62dx.r5f.ti-arm-clang.release.lib : HwiP_armv7r_asm.obj (.tramp.HwiP_disable.1)
                  7911260c    00000008                                                : HwiP_armv7r_asm.obj (.tramp.HwiP_enable.1)
                  79112614    00000008                                                : HwiP_armv7r_asm.obj (.tramp.HwiP_restore.1)
                  7911261c    00000008                                                : PmuP_armv7r_asm.obj (.tramp.PmuP_enableCounters.1)
                  79112624    0000001c     --HOLE-- [fill = 0]

.rodata    0    79112640    000006f0     
                  79112640    000000dc     drivers.am62dx.r5f.ti-arm-clang.release.lib : sciclient_fmwSecureProxyMap.obj (.rodata.gSciclientMap)
                  7911271c    00000004     nortos.am62dx.r5f.ti-arm-clang.release.lib : CacheP_armv7r.obj (.rodata.gCacheL1dCacheLineSize)
                  79112720    00000050                                                : printf.obj (.rodata._ftoa.pow10)
                  79112770    0000003d                                                : TimerP.obj (.rodata.str1.7204056284400265615.1)
                  791127ad    00000039     ti_drivers_open_close.obj (.rodata.str1.871795152488895636.1)
                  791127e6    00000037     nortos.am62dx.r5f.ti-arm-clang.release.lib : SemaphoreP_nortos.obj (.rodata.str1.10662889980186908518.1)
                  7911281d    00000035     ti_drivers_open_close.obj (.rodata.str1.7750254725308216577.1)
                  79112852    00000034     nortos.am62dx.r5f.ti-arm-clang.release.lib : TimerP.obj (.rodata.str1.1174123569608538634.1)
                  79112886    0000002e                                                : ClockP_nortos.obj (.rodata.str1.2466132907014901005.1)
                  791128b4    0000002b     watchdog_interrupt_mode.obj (.rodata.str1.17501056720570182836.1)
                  791128df    0000002a     nortos.am62dx.r5f.ti-arm-clang.release.lib : DebugP_log.obj (.rodata.str1.227947788441500939.1)
                  79112909    00000027                                                : ClockP_nortos_r5.obj (.rodata.str1.12743090444791882666.1)
                  79112930    00000023     watchdog_interrupt_mode.obj (.rodata.str1.17438167668408515436.1)
                  79112953    00000023     nortos.am62dx.r5f.ti-arm-clang.release.lib : ClockP_nortos_r5.obj (.rodata.str1.7689125538912326484.1)
                  79112976    00000021                                                : ClockP_nortos_r5.obj (.rodata.str1.8559540482768925367.1)
                  79112997    00000001     --HOLE-- [fill = 0]
                  79112998    00000020     drivers.am62dx.r5f.ti-arm-clang.release.lib : sciclient_soc_priv.obj (.rodata.cst32)
                  791129b8    0000001f     nortos.am62dx.r5f.ti-arm-clang.release.lib : SemaphoreP_nortos.obj (.rodata.str1.11943902863462617530.1)
                  791129d7    0000001f     watchdog_interrupt_mode.obj (.rodata.str1.15191644740805115737.1)
                  791129f6    0000001f     drivers.am62dx.r5f.ti-arm-clang.release.lib : uart_v0.obj (.rodata.str1.16594507886308206351.1)
                  79112a15    0000001f     nortos.am62dx.r5f.ti-arm-clang.release.lib : ClockP_nortos_r5.obj (.rodata.str1.2746619892315392655.1)
                  79112a34    0000001f                                                : TimerP.obj (.rodata.str1.8977518360697364867.1)
                  79112a53    0000001d                                                : TimerP.obj (.rodata.str1.10474951022783916479.1)
                  79112a70    0000001b                                                : ClockP_nortos.obj (.rodata.str1.6242061149943917857.1)
                  79112a8b    0000001a     watchdog_interrupt_mode.obj (.rodata.str1.10736752841186956991.1)
                  79112aa5    0000001a     watchdog_interrupt_mode.obj (.rodata.str1.17658024399568818687.1)
                  79112abf    0000001a     nortos.am62dx.r5f.ti-arm-clang.release.lib : ClockP_nortos_r5.obj (.rodata.str1.3810757863367538396.1)
                  79112ad9    0000001a                                                : TimerP.obj (.rodata.str1.8637723094013846684.1)
                  79112af3    00000019                                                : TimerP.obj (.rodata.str1.16064678841060788613.1)
                  79112b0c    00000019     drivers.am62dx.r5f.ti-arm-clang.release.lib : uart_v0.obj (.rodata.str1.4697665093340446018.1)
                  79112b25    00000018     watchdog_interrupt_mode.obj (.rodata.str1.16004050377465276734.1)
                  79112b3d    00000018     main.obj (.rodata.str1.8154729771448623357.1)
                  79112b55    00000017     drivers.am62dx.r5f.ti-arm-clang.release.lib : uart_dma.obj (.rodata.str1.17622282211441578302.1)
                  79112b6c    00000017                                                 : uart_dma.obj (.rodata.str1.8068979006002984012.1)
                  79112b83    00000017                                                 : uart_v0.obj (.rodata.str1.820148597884224364.1)
                  79112b9a    00000016                                                 : uart_v0.obj (.rodata.str1.16507871919775359273.1)
                  79112bb0    00000015     ti_drivers_open_close.obj (.rodata.str1.4799565180742340446.1)
                  79112bc5    00000015     nortos.am62dx.r5f.ti-arm-clang.release.lib : SemaphoreP_nortos.obj (.rodata.str1.7662662103702568143.1)
                  79112bda    00000015     drivers.am62dx.r5f.ti-arm-clang.release.lib : uart_v0.obj (.rodata.str1.8347944176057173588.1)
                  79112bef    00000001     --HOLE-- [fill = 0]
                  79112bf0    00000014                                                 : watchdog_rti.obj (.rodata.Watchdog_defaultParams)
                  79112c04    00000014                                                 : uart_v0.obj (.rodata.str1.10176561814002812036.1)
                  79112c18    00000014     nortos.am62dx.r5f.ti-arm-clang.release.lib : TimerP.obj (.rodata.str1.11921788875391145438.1)
                  79112c2c    00000012     drivers.am62dx.r5f.ti-arm-clang.release.lib : uart_v0.obj (.rodata.str1.1906408950570946892.1)
                  79112c3e    00000011                                                 : uart_v0.obj (.rodata.str1.18277465892467933209.1)
                  79112c4f    00000011     ti_drivers_open_close.obj (.rodata.str1.6292539624901818759.1)
                  79112c60    00000011     nortos.am62dx.r5f.ti-arm-clang.release.lib : ClockP_nortos.obj (.rodata.str1.9341864262286480583.1)
                  79112c71    0000000f     drivers.am62dx.r5f.ti-arm-clang.release.lib : uart_v0.obj (.rodata.str1.14526973635318284732.1)
                  79112c80    0000000f                                                 : uart_dma.obj (.rodata.str1.5933517016683749696.1)
                  79112c8f    0000000f                                                 : uart_v0.obj (.rodata.str1.8511823138002593779.1)
                  79112c9e    0000000e                                                 : uart_v0.obj (.rodata.str1.10085477686273322470.1)
                  79112cac    0000000e                                                 : uart_dma.obj (.rodata.str1.8377274764633514740.1)
                  79112cba    0000000d     nortos.am62dx.r5f.ti-arm-clang.release.lib : TimerP.obj (.rodata.str1.15557933655112365262.1)
                  79112cc7    0000000d                                                : TimerP.obj (.rodata.str1.3214927490806012327.1)
                  79112cd4    0000000c                                                : ClockP_nortos_r5.obj (.rodata.str1.13463193513887205357.1)
                  79112ce0    0000000b     drivers.am62dx.r5f.ti-arm-clang.release.lib : uart_v0.obj (.rodata.str1.1151567497034493012.1)
                  79112ceb    0000000b                                                 : uart_v0.obj (.rodata.str1.6746041542798830823.1)
                  79112cf6    0000000a     main.obj (.rodata.str1.15159059442110792349.1)
                  79112d00    0000000a     drivers.am62dx.r5f.ti-arm-clang.release.lib : uart_v0.obj (.rodata.str1.7892831408302009747.1)
                  79112d0a    0000000a                                                 : uart_v0.obj (.rodata.str1.8477608605346433529.1)
                  79112d14    00000005     main.obj (.rodata.str1.8309300403304547201.1)
                  79112d19    00000005     nortos.am62dx.r5f.ti-arm-clang.release.lib : printf.obj (.rodata.str1.8544352122861784523.1)
                  79112d1e    00000005                                                : printf.obj (.rodata.str1.8812429412984920041.1)
                  79112d23    00000001     --HOLE-- [fill = 0]
                  79112d24    00000004                                                : CacheP_armv7r.obj (.rodata.gCacheL1pCacheLineSize)
                  79112d28    00000004                                                : printf.obj (.rodata.str1.13278797451342649413.1)
                  79112d2c    00000004                                                : printf.obj (.rodata.str1.17155598869870286803.1)

.text.hwi 
*          0    79112d30    00000790     
                  79112d30    000003fa     nortos.am62dx.r5f.ti-arm-clang.release.lib : HwiP_armv7r_vim.obj (.text.hwi)
                  7911312a    000002a0                                                : HwiP_armv7r_handlers_nortos.obj (.text.hwi)
                  791133ca    00000002     --HOLE-- [fill = 0]
                  791133cc    00000078                                                : HwiP_armv7r_handlers_nortos_asm.obj (.text.hwi)
                  79113444    00000070                                                : HwiP_armv7r_asm.obj (.text.hwi)
                  791134b4    00000008                                                : HwiP_armv7r_asm.obj (.tramp.HwiP_enableFIQ.1)
                  791134bc    00000004     --HOLE-- [fill = 0]

.text.cache 
*          0    791134c0    00000488     
                  791134c0    00000394     nortos.am62dx.r5f.ti-arm-clang.release.lib : CacheP_armv7r_asm.obj (.text.cache)
                  79113854    000000d8                                                : CacheP_armv7r.obj (.text.cache)
                  7911392c    00000008                                                : CacheP_armv7r_asm.obj (.tramp.CacheP_invL1d.1)
                  79113934    00000008                                                : CacheP_armv7r_asm.obj (.tramp.CacheP_enableL1p.1)
                  7911393c    00000008                                                : HwiP_armv7r_asm.obj (.tramp.HwiP_restore.2)
                  79113944    00000004     --HOLE-- [fill = 0]

.text.mpu 
*          0    79113948    00000248     
                  79113948    000001b6     nortos.am62dx.r5f.ti-arm-clang.release.lib : MpuP_armv7r.obj (.text.mpu)
                  79113afe    00000002     --HOLE-- [fill = 0]
                  79113b00    00000078                                                : MpuP_armv7r_asm.obj (.text.mpu)
                  79113b78    00000008                                                : MpuP_armv7r_asm.obj (.tramp.MpuP_setRegionAsm.1)
                  79113b80    00000008                                                : HwiP_armv7r_asm.obj (.tramp.HwiP_restore.3)
                  79113b88    00000008                                                : MpuP_armv7r_asm.obj (.tramp.MpuP_isEnableAsm.1)

.text.boot 
*          0    79113b90    00000128     
                  79113b90    000000fc     nortos.am62dx.r5f.ti-arm-clang.release.lib : boot_armv7r_asm.obj (.text.boot)
                  79113c8c    0000001e                                                : DebugP_log.obj (.text.boot)
                  79113caa    0000000e     ti_dpl_config.obj (.text.boot)

.text:abort 
*          0    79113cb8    00000008     
                  79113cb8    00000008     libc.a : exit.c.obj (.text:abort)

.data      0    79113cc0    00000440     
                  79113cc0    000000f0     libc.a : defs.c.obj (.data._ftable)
                  79113db0    0000009c     drivers.am62dx.r5f.ti-arm-clang.release.lib : uart_v0.obj (.data.gUartDrvObj)
                  79113e4c    00000078     libsysbm.a : host_device.c.obj (.data._device)
                  79113ec4    00000060     ti_dpl_config.obj (.data.gMpuRegionConfig)
                  79113f24    00000054     ti_drivers_open_close.obj (.data.gUartParams)
                  79113f78    00000050     libsysbm.a : host_device.c.obj (.data._stream)
                  79113fc8    00000024     ti_power_clock_config.obj (.data.gSocModulesClockFrequency)
                  79113fec    00000004     libc.a : defs.c.obj (.data.__TI_ft_end)
                  79113ff0    00000020     drivers.am62dx.r5f.ti-arm-clang.release.lib : sciclient_soc_priv.obj (.data.gSciclientSecProxyCfg)
                  79114010    00000018     ti_dpl_config.obj (.data.gClockConfig)
                  79114028    00000018     ti_pinmux_config.obj (.data.gPinMuxMcuDomainCfg)
                  79114040    00000014     ti_drivers_open_close.obj (.data.gWatchdogParams)
                  79114054    00000004     libc.a : _lock.c.obj (.data._lock)
                  79114058    0000000c     nortos.am62dx.r5f.ti-arm-clang.release.lib : AddrTranslateP.obj (.data.gAddrTranslateConfig)
                  79114064    0000000c     ti_dpl_config.obj (.data.gMpuConfig)
                  79114070    0000000c     ti_power_clock_config.obj (.data.gSocModules)
                  7911407c    0000000c     ti_drivers_config.obj (.data.gUartConfig)
                  79114088    0000000c     ti_drivers_config.obj (.data.gWatchdogHwAttrs)
                  79114094    00000008     libc.a : exit.c.obj (.data..L_MergedGlobals)
                  7911409c    00000008     ti_dpl_config.obj (.data.gCacheConfig)
                  791140a4    00000008     ti_pinmux_config.obj (.data.gPinMuxMainDomainCfg)
                  791140ac    00000008     ti_drivers_config.obj (.data.gUartAttrs)
                  791140b4    00000008     ti_drivers_config.obj (.data.gWatchdogConfig)
                  791140bc    00000004     libc.a : _lock.c.obj (.data._unlock)
                  791140c0    00000008     nortos.am62dx.r5f.ti-arm-clang.release.lib : PmuP_armv7r.obj (.data.pmu)
                  791140c8    00000004                                                : DebugP_log.obj (.data.gDebugLogZone)
                  791140cc    00000004                                                : DebugP_uartLogWriter.obj (.data.gDebugP_uartDrvIndex)
                  791140d0    00000004     ti_dpl_config.obj (.data.gHwiConfig)
                  791140d4    00000004     drivers.am62dx.r5f.ti-arm-clang.release.lib : sciclient.obj (.data.gSciclientHandle.0)
                  791140d8    00000004                                                 : sciclient.obj (.data.gSciclientHandle.2)
                  791140dc    00000004                                                 : sciclient.obj (.data.gSciclientHandle.3)
                  791140e0    00000004                                                 : sciclient.obj (.data.gSciclientHandle.4)
                  791140e4    00000004                                                 : sciclient.obj (.data.gSciclientHandle.5)
                  791140e8    00000004     ti_drivers_config.obj (.data.gUartConfigNum)
                  791140ec    00000004     ti_drivers_config.obj (.data.gUartDmaConfigNum)
                  791140f0    00000004     ti_drivers_config.obj (.data.gWatchdogConfigNum)
                  791140f4    00000004     watchdog_interrupt_mode.obj (.data.gWatchdogInt)
                  791140f8    00000001     drivers.am62dx.r5f.ti-arm-clang.release.lib : sciclient.obj (.data.gSecHeaderSizeWords)
                  791140f9    00000003     --HOLE-- [fill = 0]
                  791140fc    00000001     libc.a : memory.c.obj (.data.memory_is_initialized)
                  791140fd    00000003     --HOLE-- [fill = 0]

.irqstack 
*          0    79114100    00000100     UNINITIALIZED
                  79114100    00000100     --HOLE--

.fiqstack 
*          0    79114200    00000100     UNINITIALIZED
                  79114200    00000100     --HOLE--

.svcstack 
*          0    79114300    00001000     UNINITIALIZED
                  79114300    00001000     --HOLE--

.abortstack 
*          0    79115300    00000100     UNINITIALIZED
                  79115300    00000100     --HOLE--

.undefinedstack 
*          0    79115400    00000100     UNINITIALIZED
                  79115400    00000100     --HOLE--

.init_array 
*          0    79100000    00000000     UNINITIALIZED

MODULE SUMMARY

       Module                                code    ro data   rw data
       ------                                ----    -------   -------
    obj/release/
       ti_drivers_config.obj                 86      0         724    
       ti_drivers_open_close.obj             226     148       112    
       watchdog_interrupt_mode.obj           174     185       36     
       ti_dpl_config.obj                     110     0         144    
       ti_power_clock_config.obj             180     0         48     
       main.obj                              88      39        0      
       ti_pinmux_config.obj                  34      0         32     
       ti_board_open_close.obj               6       0         0      
       ti_board_config.obj                   4       0         0      
    +--+-------------------------------------+-------+---------+---------+
       Total:                                908     372       1096   
                                                                      
    /home/pdourbal/ti/asdk-10.00.00/ti-asdk-bsp/mcu_plus_sdk/am62dx/source/drivers/lib/drivers.am62dx.r5f.ti-arm-clang.release.lib
       uart_v0.obj                           3480    263       156    
       sciclient_pm.obj                      1348    0         0      
       sciclient.obj                         1276    0         21     
       soc.obj                               618     0         0      
       watchdog_rti.obj                      354     20        0      
       uart_dma.obj                          254     75        0      
       sciclient_fmwSecureProxyMap.obj       0       220       0      
       pinmux.obj                            150     0         0      
       sciclient_soc_priv.obj                74      32        32     
       csl_sec_proxy.obj                     10      0         0      
    +--+-------------------------------------+-------+---------+---------+
       Total:                                7564    610       209    
                                                                      
    /home/pdourbal/ti/asdk-10.00.00/ti-asdk-bsp/mcu_plus_sdk/am62dx/source/kernel/nortos/lib/nortos.am62dx.r5f.ti-arm-clang.release.lib
       HwiP_armv7r_vim.obj                   1018    0         4108   
       printf.obj                            3898    98        0      
       CacheP_armv7r_asm.obj                 932     0         0      
       TimerP.obj                            646     270       0      
       ClockP_nortos.obj                     666     90        56     
       HwiP_armv7r_handlers_nortos.obj       672     0         0      
       MpuP_armv7r.obj                       438     0         0      
       ClockP_nortos_r5.obj                  260     176       0      
       SemaphoreP_nortos.obj                 328     107       0      
       PmuP_armv7r_asm.obj                   308     0         0      
       boot_armv7r_asm.obj                   252     0         0      
       CacheP_armv7r.obj                     216     8         0      
       DebugP_log.obj                        154     42        4      
       HwiP_armv7r_asm.obj                   160     0         0      
       MpuP_armv7r_asm.obj                   136     0         0      
       HwiP_armv7r_handlers_nortos_asm.obj   120     0         0      
       AddrTranslateP.obj                    104     0         12     
       PmuP_armv7r.obj                       96      0         8      
       DebugP_uartLogWriter.obj              70      0         4      
       HwiP_armv7r_vectors_nortos_asm.obj    64      0         0      
       DebugP_nortos.obj                     56      0         0      
       boot_armv7r.obj                       28      0         0      
       TaskP_nortos.obj                      2       0         0      
    +--+-------------------------------------+-------+---------+---------+
       Total:                                10624   791       4192   
                                                                      
    /home/pdourbal/ti/ti-cgt-armllvm_5.0.0.STS/lib/armv7r-ti-none-eabihf/c/libc.a
       memory.c.obj                          1112    0         5      
       strcmp32.S.obj                        924     0         0      
       defs.c.obj                            0       0         404    
       setvbuf.c.obj                         324     0         0      
       getdevice.c.obj                       284     0         0      
       fputc.c.obj                           256     0         0      
       fseek.c.obj                           184     0         0      
       fclose.c.obj                          176     0         0      
       _io_perm.c.obj                        156     0         0      
       fflush.c.obj                          136     0         0      
       exit.c.obj                            92      0         8      
       fopen.c.obj                           88      0         0      
       autoinit.c.obj                        84      0         0      
       memcpy32.S.obj                        28      0         0      
       memset32.S.obj                        24      0         0      
       _lock.c.obj                           4       0         8      
    +--+-------------------------------------+-------+---------+---------+
       Total:                                3872    0         425    
                                                                      
    /home/pdourbal/ti/ti-cgt-armllvm_5.0.0.STS/lib/armv7r-ti-none-eabihf/c/libsysbm.a
       trgmsg.c.obj                          176     0         288    
       hostrename.c.obj                      216     0         0      
       host_device.c.obj                     0       0         200    
       hostopen.c.obj                        184     0         8      
       close.c.obj                           136     0         0      
       hostread.c.obj                        132     0         0      
       hostwrite.c.obj                       132     0         0      
       hostlseek.c.obj                       128     0         0      
       hostunlink.c.obj                      128     0         0      
       hostclose.c.obj                       96      0         0      
       unlink.c.obj                          72      0         0      
       lseek.c.obj                           48      0         0      
       write.c.obj                           48      0         0      
       hostexit.c.obj                        8       0         0      
       remove.c.obj                          4       0         0      
    +--+-------------------------------------+-------+---------+---------+
       Total:                                1508    0         496    
                                                                      
    /home/pdourbal/ti/ti-cgt-armllvm_5.0.0.STS/lib/armv7r-ti-none-eabihf/libclang_rt.builtins.a
       udivmoddi4.S.obj                      280     0         0      
       aeabi_uldivmod.S.obj                  36      0         0      
       aeabi_memset.S.obj                    28      0         0      
       aeabi_div0.c.obj                      4       0         0      
       aeabi_memcpy.S.obj                    4       0         0      
    +--+-------------------------------------+-------+---------+---------+
       Total:                                352     0         0      
                                                                      
       Heap:                                 0       0         32768  
       Stack:                                0       0         16384  
    +--+-------------------------------------+-------+---------+---------+
       Grand Total:                          24828   1773      55570  

VENEERS

callee name               veneer name
   callee addr  veneer addr  call addr  call info
--------------  -----------  ---------  ----------------
HwiP_enableFIQ            $Ven$TA$L$PI$$HwiP_enableFIQ
   79113474     791134b4     79113114   nortos.am62dx.r5f.ti-arm-clang.release.lib : HwiP_armv7r_vim.obj (.text.hwi)
CacheP_invL1d             $Ven$TA$L$PI$$CacheP_invL1d
   79113530     7911392c     79113928   nortos.am62dx.r5f.ti-arm-clang.release.lib : CacheP_armv7r.obj (.text.cache)
CacheP_enableL1p          $Ven$TA$L$PI$$CacheP_enableL1p
   79113518     79113934     79113902   nortos.am62dx.r5f.ti-arm-clang.release.lib : CacheP_armv7r.obj (.text.cache)
HwiP_restore              $Ven$TA$L$PI$$HwiP_restore
   79113484     7911393c     791138e2   nortos.am62dx.r5f.ti-arm-clang.release.lib : CacheP_armv7r.obj (.text.cache)
MpuP_setRegionAsm         $Ven$TA$L$PI$$MpuP_setRegionAsm
   79113b64     79113b78     79113a7e   nortos.am62dx.r5f.ti-arm-clang.release.lib : MpuP_armv7r.obj (.text.mpu)
HwiP_restore              $Ven$TA$L$PI$$HwiP_restore
   79113484     79113b80     79113a34   nortos.am62dx.r5f.ti-arm-clang.release.lib : MpuP_armv7r.obj (.text.mpu)
                             79113a74                                              : MpuP_armv7r.obj (.text.mpu)
MpuP_isEnableAsm          $Ven$TA$L$PI$$MpuP_isEnableAsm
   79113b50     79113b88     79113a04   nortos.am62dx.r5f.ti-arm-clang.release.lib : MpuP_armv7r.obj (.text.mpu)
HwiP_disable              $Ven$TA$L$PI$$HwiP_disable
   79113444     79112604     7911253a   ti_dpl_config.obj (.text.Dpl_deinit)
HwiP_enable               $Ven$TA$L$PI$$HwiP_enable
   79113464     7911260c     79111dde   ti_dpl_config.obj (.text.Dpl_init)
HwiP_restore              $Ven$TA$L$PI$$HwiP_restore
   79113484     79112614     79111d9e   nortos.am62dx.r5f.ti-arm-clang.release.lib : ClockP_nortos.obj (.text.ClockP_stop)
                             79111f14                                              : ClockP_nortos.obj (.text.ClockP_destruct)
                             7911202e                                              : ClockP_nortos.obj (.text.ClockP_start)
                             79112164                                              : SemaphoreP_nortos.obj (.text.SemaphoreP_post)
PmuP_enableCounters       $Ven$TA$L$PI$$PmuP_enableCounters
   7910facc     7911261c     791115c8   nortos.am62dx.r5f.ti-arm-clang.release.lib : PmuP_armv7r.obj (.text.pmu)

[11 trampolines]
[15 trampoline calls]


GLOBAL SYMBOLS: SORTED ALPHABETICALLY BY Name 

address   name                               
-------   ----                               
7911146d  AddrTranslateP_getLocalAddr        
7910e9bf  Board_deinit                       
7910f0ef  Board_driversClose                 
791125d3  Board_driversOpen                  
7910f56b  Board_init                         
79112598  C$$EXIT                            
79111808  C$$IO$$                            
791125ad  CSL_secProxyGetDataAddr            
79113830  CacheP_CleanInvalidateDcacheSetWay 
79113800  CacheP_GetNumSets                  
79113818  CacheP_GetNumWays                  
791137d0  CacheP_configForceWrThru           
791138ad  CacheP_disable                     
791134c0  CacheP_disableL1d                  
791134e8  CacheP_disableL1p                  
791138e7  CacheP_enable                      
79113500  CacheP_enableL1d                   
79113518  CacheP_enableL1p                   
791137c4  CacheP_getCacheLevelInfo           
7911378c  CacheP_getEnabled                  
79113855  CacheP_init                        
79113907  CacheP_inv                         
79113530  CacheP_invL1d                      
791135a4  CacheP_invL1dAll                   
79113568  CacheP_invL1p                      
791135ac  CacheP_invL1pAll                   
791137f0  CacheP_setDLFO                     
791135b4  CacheP_wb                          
7911362c  CacheP_wbAll                       
791135f0  CacheP_wbInv                       
791136d4  CacheP_wbInvAll                    
791136ec  CacheP_wbInvAllAsm                 
791125b7  ClockP_Params_init                 
79111abb  ClockP_construct                   
79112319  ClockP_deinit                      
79111edf  ClockP_destruct                    
7911255b  ClockP_getTicks                    
79111d19  ClockP_getTimeUsec                 
791125d7  ClockP_getTimerCount               
7910fdbd  ClockP_init                        
791125c1  ClockP_isActive                    
79111fff  ClockP_start                       
79111d5f  ClockP_stop                        
791125db  ClockP_timerClearOverflowInt       
791115f9  ClockP_timerTickIsr                
79111ea3  ClockP_usleep                      
7910fa4c  CycleCounterP_getCount32           
79111599  CycleCounterP_init                 
791115cd  CycleCounterP_nsToTicks            
791115a9  CycleCounterP_reset                
7911235d  DebugP_logZoneEnable               
79111f19  DebugP_uartLogWriterPutChar        
79112567  DebugP_uartSetDrvIndex             
79112531  Dpl_deinit                         
79111da3  Dpl_init                           
791120d1  Drivers_close                      
7911253f  Drivers_open                       
7911186d  Drivers_uartOpen                   
79111b59  Drivers_watchdogOpen               
79111538  HOSTclose                          
79112598  HOSTexit                           
79110ed8  HOSTlseek                          
791108a0  HOSTopen                           
79110dd0  HOSTread                           
79110800  HOSTrename                         
791114d4  HOSTunlink                         
79110e54  HOSTwrite                          
79112e29  HwiP_Params_init                   
79112de1  HwiP_clearInt                      
79112e3b  HwiP_construct                     
79113389  HwiP_data_abort_handler            
79112f83  HwiP_destruct                      
79113444  HwiP_disable                       
79113454  HwiP_disableFIQ                    
79112d59  HwiP_disableInt                    
7911349c  HwiP_disableVIC                    
79113464  HwiP_enable                        
79113474  HwiP_enableFIQ                     
79112d31  HwiP_enableInt                     
7911348c  HwiP_enableVIC                     
791131b1  HwiP_fiq_handler                   
791134ac  HwiP_getCPSR                       
79113119  HwiP_inISR                         
79113055  HwiP_init                          
791133cc  HwiP_irq_handler                   
7911312b  HwiP_irq_handler_c                 
79112e01  HwiP_post                          
79113347  HwiP_prefetch_abort_handler        
79113281  HwiP_reserved_handler              
79113484  HwiP_restore                       
79112d8b  HwiP_restoreInt                    
79113305  HwiP_svc_handler                   
791132c3  HwiP_undefined_handler             
79112033  Module_clockDisable                
79112067  Module_clockEnable                 
79111f53  Module_clockSetFrequency           
79113949  MpuP_RegionAttrs_init              
79113a09  MpuP_disable                       
79113b00  MpuP_disableAsm                    
79113b18  MpuP_disableBRAsm                  
79113a3b  MpuP_enable                        
79113b28  MpuP_enableAsm                     
79113b40  MpuP_enableBRAsm                   
79113a83  MpuP_init                          
79113a05  MpuP_isEnable                      
79113b50  MpuP_isEnableAsm                   
79113a79  MpuP_resetRegion                   
79113957  MpuP_setRegion                     
79113b64  MpuP_setRegionAsm                  
79111ba5  Pinmux_config                      
7911233b  Pinmux_init                        
79111bf1  Pinmux_unlockMMR                   
7910fa5c  PmuP_Config                        
7910fa98  PmuP_ConfigCounter                 
7910fb00  PmuP_EnableAllCounters             
7910fb44  PmuP_EnableCounterOverflowInterrupt
7910fb20  PmuP_ReadCounter                   
7910fabc  PmuP_ResetCounters                 
7910fb70  PmuP_clearOverflowStatus           
7910fad4  PmuP_disableCounters               
7910fadc  PmuP_enableCounter                 
7910facc  PmuP_enableCounters                
7910fb68  PmuP_getOverflowStatus             
7910fa54  PmuP_setup                         
791125df  PowerClock_deinit                  
7911254d  PowerClock_init                    
791116b3  SOC_controlModuleLockMMR           
79111c3b  SOC_controlModuleUnlockMMR         
7911237d  SOC_getSelfCpuClk                  
7911132b  SOC_moduleClockEnable              
7910f6b1  SOC_moduleSetClockFrequency        
791125e3  Sciclient_deinit                   
79112105  Sciclient_getContext               
79111399  Sciclient_getCurrentContext        
791124cd  Sciclient_getDevId                 
79112573  Sciclient_getSelfDevIdCore         
791109d9  Sciclient_init                     
791110d1  Sciclient_pmGetModuleClkFreq       
79110fd9  Sciclient_pmGetModuleClkNumParent  
79111055  Sciclient_pmGetModuleClkParent     
7911114b  Sciclient_pmGetModuleState         
7911123f  Sciclient_pmModuleClkRequest       
791111c5  Sciclient_pmModuleGetClkStatus     
79110201  Sciclient_pmQueryModuleClkFreq     
791106bd  Sciclient_pmSetModuleClkFreq       
791112b5  Sciclient_pmSetModuleClkParent     
79111c85  Sciclient_pmSetModuleRst           
79111a69  Sciclient_pmSetModuleState         
7910e671  Sciclient_service                  
79111de3  SemaphoreP_constructBinary         
79111e65  SemaphoreP_constructMutex          
7910fa4b  SemaphoreP_destruct                
79110b0d  SemaphoreP_pend                    
79112137  SemaphoreP_post                    
79112289  System_deinit                      
79112169  System_init                        
79112448  TI_memcpy_small                    
791124e4  TI_memset_small                    
7910fca3  TaskP_yield                        
7911239d  TimerP_Params_init                 
791124fd  TimerP_clearOverflowInt            
791125e7  TimerP_getCount                    
791125eb  TimerP_getReloadCount              
7910eed7  TimerP_setup                       
79112465  TimerP_start                       
7911247f  TimerP_stop                        
7910f425  UART_close                         
79112499  UART_deinit                        
79111919  UART_dmaClose                      
791118c3  UART_dmaDisableChannel             
79111f8d  UART_dmaOpen                       
791104c9  UART_flushTxFifo                   
7911219b  UART_getHandle                     
79110ba3  UART_init                          
7910da5b  UART_open                          
7910f91d  UART_write                         
791124b3  UART_writeInterruptDma             
791121cd  Watchdog_clear                     
7911007f  Watchdog_close                     
79112bf0  Watchdog_defaultParams             
79110617  Watchdog_deinit                    
7911170b  Watchdog_init                      
7910fb79  Watchdog_open                      
79101288  _CIOBUF_                           
79111657  _DebugP_assert                     
79113c8d  _DebugP_assertNoLog                
79111fc7  _DebugP_logZone                    
79115400  __ABORT_STACK_END                  
00000100  __ABORT_STACK_SIZE                 
79115300  __ABORT_STACK_START                
791014d8  __BSS_END                          
79100000  __BSS_START                        
79101288  __CIOBUF_                          
79114300  __FIQ_STACK_END                    
00000100  __FIQ_STACK_SIZE                   
79114200  __FIQ_STACK_START                  
79114200  __IRQ_STACK_END                    
00000100  __IRQ_STACK_SIZE                   
79114100  __IRQ_STACK_START                  
7910d4d8  __STACK_END                        
00004000  __STACK_SIZE                       
79115300  __SVC_STACK_END                    
00001000  __SVC_STACK_SIZE                   
79114300  __SVC_STACK_START                  
00008000  __SYSMEM_SIZE                      
00000000  __TI_ATRegion0_region_sz           
00000000  __TI_ATRegion0_src_addr            
00000000  __TI_ATRegion0_trg_addr            
00000000  __TI_ATRegion1_region_sz           
00000000  __TI_ATRegion1_src_addr            
00000000  __TI_ATRegion1_trg_addr            
00000000  __TI_ATRegion2_region_sz           
00000000  __TI_ATRegion2_src_addr            
00000000  __TI_ATRegion2_trg_addr            
UNDEFED   __TI_CINIT_Base                    
UNDEFED   __TI_CINIT_Limit                   
UNDEFED   __TI_Handler_Table_Base            
UNDEFED   __TI_Handler_Table_Limit           
79111a14  __TI_auto_init_nobinit_nopinit     
7911170c  __TI_cleanup                       
79114094  __TI_cleanup_ptr                   
79110418  __TI_closefile                     
79110cc0  __TI_doflush                       
79114098  __TI_dtors_ptr                     
79113fec  __TI_ft_end                        
ffffffff  __TI_pprof_out_hndl                
ffffffff  __TI_prof_data_size                
ffffffff  __TI_prof_data_start               
79111764  __TI_readmsg                       
00000000  __TI_static_base__                 
791013a8  __TI_tmpnams                       
791117bc  __TI_writemsg                      
7911093c  __TI_wrt_ok                        
79115500  __UNDEFINED_STACK_END              
00000100  __UNDEFINED_STACK_SIZE             
79115400  __UNDEFINED_STACK_START            
791125f0  __aeabi_ldiv0                      
79112580  __aeabi_memclr                     
79112580  __aeabi_memclr4                    
79112580  __aeabi_memclr8                    
791125f4  __aeabi_memcpy                     
791125f4  __aeabi_memcpy4                    
791125f4  __aeabi_memcpy8                    
7910e2d0  __aeabi_memset                     
7910e2d0  __aeabi_memset4                    
7910e2d0  __aeabi_memset8                    
791122ac  __aeabi_uldivmod                   
ffffffff  __binit__                          
79113cab  __mpu_init                         
791094d8  __stack                            
7910fca4  __udivmoddi4                       
79113bb4  _c_int00                           
79113b90  _c_int00_sbl                       
79113e4c  _device                            
79113cc0  _ftable                            
79114054  _lock                              
791125f8  _nop                               
79113f78  _stream                            
791014d8  _sys_memory                        
UNDEFED   _system_post_cinit                 
791123bd  _system_pre_init                   
791140bc  _unlock                            
00000000  _vectors                           
79113cb8  abort                              
7910f290  aligned_alloc                      
ffffffff  binit                              
79110d48  close                              
7911196c  exit                               
791119c0  finddevice                         
7910feb8  fputc                              
7910f0f0  free                               
791125fc  fseek                              
791102b4  fseeko                             
79114058  gAddrTranslateConfig               
7911409c  gCacheConfig                       
7911271c  gCacheL1dCacheLineSize             
79112d24  gCacheL1pCacheLineSize             
79114010  gClockConfig                       
79101448  gClockCtrl                         
791140c8  gDebugLogZone                      
791140cc  gDebugP_uartDrvIndex               
791140d0  gHwiConfig                         
79100000  gHwiCtrl                           
79114064  gMpuConfig                         
79113ec4  gMpuRegionConfig                   
79112640  gSciclientMap                      
79113ff0  gSciclientSecProxyCfg              
79114070  gSocModules                        
79113fc8  gSocModulesClockFrequency          
7911407c  gUartConfig                        
791140e8  gUartConfigNum                     
79113cc0  gUartDmaConfig                     
791140ec  gUartDmaConfigNum                  
791014d0  gUartHandle                        
79113f24  gUartParams                        
791140b4  gWatchdogConfig                    
791140f0  gWatchdogConfigNum                 
791014d4  gWatchdogHandle                    
791140f4  gWatchdogInt                       
791014a0  gWatchdogObjects                   
79114040  gWatchdogParams                    
79110080  getdevice                          
79112200  lseek                              
79111815  main                               
7911258c  malloc                             
7910f290  memalign                           
791014c0  parmbuf                            
79112520  putchar                            
7911250f  putchar_                           
79112600  remove                             
7910f56c  setvbuf                            
7910e2e0  strcmp                             
79111cd0  unlink                             
791122d1  vprintf_                           
791122f5  watchdogCallback                   
79110c37  watchdog_interrupt_main            
79112230  write                              


GLOBAL SYMBOLS: SORTED BY Symbol Address 

address   name                               
-------   ----                               
00000000  __TI_ATRegion0_region_sz           
00000000  __TI_ATRegion0_src_addr            
00000000  __TI_ATRegion0_trg_addr            
00000000  __TI_ATRegion1_region_sz           
00000000  __TI_ATRegion1_src_addr            
00000000  __TI_ATRegion1_trg_addr            
00000000  __TI_ATRegion2_region_sz           
00000000  __TI_ATRegion2_src_addr            
00000000  __TI_ATRegion2_trg_addr            
00000000  __TI_static_base__                 
00000000  _vectors                           
00000100  __ABORT_STACK_SIZE                 
00000100  __FIQ_STACK_SIZE                   
00000100  __IRQ_STACK_SIZE                   
00000100  __UNDEFINED_STACK_SIZE             
00001000  __SVC_STACK_SIZE                   
00004000  __STACK_SIZE                       
00008000  __SYSMEM_SIZE                      
79100000  __BSS_START                        
79100000  gHwiCtrl                           
79101288  _CIOBUF_                           
79101288  __CIOBUF_                          
791013a8  __TI_tmpnams                       
79101448  gClockCtrl                         
791014a0  gWatchdogObjects                   
791014c0  parmbuf                            
791014d0  gUartHandle                        
791014d4  gWatchdogHandle                    
791014d8  __BSS_END                          
791014d8  _sys_memory                        
791094d8  __stack                            
7910d4d8  __STACK_END                        
7910da5b  UART_open                          
7910e2d0  __aeabi_memset                     
7910e2d0  __aeabi_memset4                    
7910e2d0  __aeabi_memset8                    
7910e2e0  strcmp                             
7910e671  Sciclient_service                  
7910e9bf  Board_deinit                       
7910eed7  TimerP_setup                       
7910f0ef  Board_driversClose                 
7910f0f0  free                               
7910f290  aligned_alloc                      
7910f290  memalign                           
7910f425  UART_close                         
7910f56b  Board_init                         
7910f56c  setvbuf                            
7910f6b1  SOC_moduleSetClockFrequency        
7910f91d  UART_write                         
7910fa4b  SemaphoreP_destruct                
7910fa4c  CycleCounterP_getCount32           
7910fa54  PmuP_setup                         
7910fa5c  PmuP_Config                        
7910fa98  PmuP_ConfigCounter                 
7910fabc  PmuP_ResetCounters                 
7910facc  PmuP_enableCounters                
7910fad4  PmuP_disableCounters               
7910fadc  PmuP_enableCounter                 
7910fb00  PmuP_EnableAllCounters             
7910fb20  PmuP_ReadCounter                   
7910fb44  PmuP_EnableCounterOverflowInterrupt
7910fb68  PmuP_getOverflowStatus             
7910fb70  PmuP_clearOverflowStatus           
7910fb79  Watchdog_open                      
7910fca3  TaskP_yield                        
7910fca4  __udivmoddi4                       
7910fdbd  ClockP_init                        
7910feb8  fputc                              
7911007f  Watchdog_close                     
79110080  getdevice                          
79110201  Sciclient_pmQueryModuleClkFreq     
791102b4  fseeko                             
79110418  __TI_closefile                     
791104c9  UART_flushTxFifo                   
79110617  Watchdog_deinit                    
791106bd  Sciclient_pmSetModuleClkFreq       
79110800  HOSTrename                         
791108a0  HOSTopen                           
7911093c  __TI_wrt_ok                        
791109d9  Sciclient_init                     
79110b0d  SemaphoreP_pend                    
79110ba3  UART_init                          
79110c37  watchdog_interrupt_main            
79110cc0  __TI_doflush                       
79110d48  close                              
79110dd0  HOSTread                           
79110e54  HOSTwrite                          
79110ed8  HOSTlseek                          
79110fd9  Sciclient_pmGetModuleClkNumParent  
79111055  Sciclient_pmGetModuleClkParent     
791110d1  Sciclient_pmGetModuleClkFreq       
7911114b  Sciclient_pmGetModuleState         
791111c5  Sciclient_pmModuleGetClkStatus     
7911123f  Sciclient_pmModuleClkRequest       
791112b5  Sciclient_pmSetModuleClkParent     
7911132b  SOC_moduleClockEnable              
79111399  Sciclient_getCurrentContext        
7911146d  AddrTranslateP_getLocalAddr        
791114d4  HOSTunlink                         
79111538  HOSTclose                          
79111599  CycleCounterP_init                 
791115a9  CycleCounterP_reset                
791115cd  CycleCounterP_nsToTicks            
791115f9  ClockP_timerTickIsr                
79111657  _DebugP_assert                     
791116b3  SOC_controlModuleLockMMR           
7911170b  Watchdog_init                      
7911170c  __TI_cleanup                       
79111764  __TI_readmsg                       
791117bc  __TI_writemsg                      
79111808  C$$IO$$                            
79111815  main                               
7911186d  Drivers_uartOpen                   
791118c3  UART_dmaDisableChannel             
79111919  UART_dmaClose                      
7911196c  exit                               
791119c0  finddevice                         
79111a14  __TI_auto_init_nobinit_nopinit     
79111a69  Sciclient_pmSetModuleState         
79111abb  ClockP_construct                   
79111b59  Drivers_watchdogOpen               
79111ba5  Pinmux_config                      
79111bf1  Pinmux_unlockMMR                   
79111c3b  SOC_controlModuleUnlockMMR         
79111c85  Sciclient_pmSetModuleRst           
79111cd0  unlink                             
79111d19  ClockP_getTimeUsec                 
79111d5f  ClockP_stop                        
79111da3  Dpl_init                           
79111de3  SemaphoreP_constructBinary         
79111e65  SemaphoreP_constructMutex          
79111ea3  ClockP_usleep                      
79111edf  ClockP_destruct                    
79111f19  DebugP_uartLogWriterPutChar        
79111f53  Module_clockSetFrequency           
79111f8d  UART_dmaOpen                       
79111fc7  _DebugP_logZone                    
79111fff  ClockP_start                       
79112033  Module_clockDisable                
79112067  Module_clockEnable                 
791120d1  Drivers_close                      
79112105  Sciclient_getContext               
79112137  SemaphoreP_post                    
79112169  System_init                        
7911219b  UART_getHandle                     
791121cd  Watchdog_clear                     
79112200  lseek                              
79112230  write                              
79112289  System_deinit                      
791122ac  __aeabi_uldivmod                   
791122d1  vprintf_                           
791122f5  watchdogCallback                   
79112319  ClockP_deinit                      
7911233b  Pinmux_init                        
7911235d  DebugP_logZoneEnable               
7911237d  SOC_getSelfCpuClk                  
7911239d  TimerP_Params_init                 
791123bd  _system_pre_init                   
79112448  TI_memcpy_small                    
79112465  TimerP_start                       
7911247f  TimerP_stop                        
79112499  UART_deinit                        
791124b3  UART_writeInterruptDma             
791124cd  Sciclient_getDevId                 
791124e4  TI_memset_small                    
791124fd  TimerP_clearOverflowInt            
7911250f  putchar_                           
79112520  putchar                            
79112531  Dpl_deinit                         
7911253f  Drivers_open                       
7911254d  PowerClock_init                    
7911255b  ClockP_getTicks                    
79112567  DebugP_uartSetDrvIndex             
79112573  Sciclient_getSelfDevIdCore         
79112580  __aeabi_memclr                     
79112580  __aeabi_memclr4                    
79112580  __aeabi_memclr8                    
7911258c  malloc                             
79112598  C$$EXIT                            
79112598  HOSTexit                           
791125ad  CSL_secProxyGetDataAddr            
791125b7  ClockP_Params_init                 
791125c1  ClockP_isActive                    
791125d3  Board_driversOpen                  
791125d7  ClockP_getTimerCount               
791125db  ClockP_timerClearOverflowInt       
791125df  PowerClock_deinit                  
791125e3  Sciclient_deinit                   
791125e7  TimerP_getCount                    
791125eb  TimerP_getReloadCount              
791125f0  __aeabi_ldiv0                      
791125f4  __aeabi_memcpy                     
791125f4  __aeabi_memcpy4                    
791125f4  __aeabi_memcpy8                    
791125f8  _nop                               
791125fc  fseek                              
79112600  remove                             
79112640  gSciclientMap                      
7911271c  gCacheL1dCacheLineSize             
79112bf0  Watchdog_defaultParams             
79112d24  gCacheL1pCacheLineSize             
79112d31  HwiP_enableInt                     
79112d59  HwiP_disableInt                    
79112d8b  HwiP_restoreInt                    
79112de1  HwiP_clearInt                      
79112e01  HwiP_post                          
79112e29  HwiP_Params_init                   
79112e3b  HwiP_construct                     
79112f83  HwiP_destruct                      
79113055  HwiP_init                          
79113119  HwiP_inISR                         
7911312b  HwiP_irq_handler_c                 
791131b1  HwiP_fiq_handler                   
79113281  HwiP_reserved_handler              
791132c3  HwiP_undefined_handler             
79113305  HwiP_svc_handler                   
79113347  HwiP_prefetch_abort_handler        
79113389  HwiP_data_abort_handler            
791133cc  HwiP_irq_handler                   
79113444  HwiP_disable                       
79113454  HwiP_disableFIQ                    
79113464  HwiP_enable                        
79113474  HwiP_enableFIQ                     
79113484  HwiP_restore                       
7911348c  HwiP_enableVIC                     
7911349c  HwiP_disableVIC                    
791134ac  HwiP_getCPSR                       
791134c0  CacheP_disableL1d                  
791134e8  CacheP_disableL1p                  
79113500  CacheP_enableL1d                   
79113518  CacheP_enableL1p                   
79113530  CacheP_invL1d                      
79113568  CacheP_invL1p                      
791135a4  CacheP_invL1dAll                   
791135ac  CacheP_invL1pAll                   
791135b4  CacheP_wb                          
791135f0  CacheP_wbInv                       
7911362c  CacheP_wbAll                       
791136d4  CacheP_wbInvAll                    
791136ec  CacheP_wbInvAllAsm                 
7911378c  CacheP_getEnabled                  
791137c4  CacheP_getCacheLevelInfo           
791137d0  CacheP_configForceWrThru           
791137f0  CacheP_setDLFO                     
79113800  CacheP_GetNumSets                  
79113818  CacheP_GetNumWays                  
79113830  CacheP_CleanInvalidateDcacheSetWay 
79113855  CacheP_init                        
791138ad  CacheP_disable                     
791138e7  CacheP_enable                      
79113907  CacheP_inv                         
79113949  MpuP_RegionAttrs_init              
79113957  MpuP_setRegion                     
79113a05  MpuP_isEnable                      
79113a09  MpuP_disable                       
79113a3b  MpuP_enable                        
79113a79  MpuP_resetRegion                   
79113a83  MpuP_init                          
79113b00  MpuP_disableAsm                    
79113b18  MpuP_disableBRAsm                  
79113b28  MpuP_enableAsm                     
79113b40  MpuP_enableBRAsm                   
79113b50  MpuP_isEnableAsm                   
79113b64  MpuP_setRegionAsm                  
79113b90  _c_int00_sbl                       
79113bb4  _c_int00                           
79113c8d  _DebugP_assertNoLog                
79113cab  __mpu_init                         
79113cb8  abort                              
79113cc0  _ftable                            
79113cc0  gUartDmaConfig                     
79113e4c  _device                            
79113ec4  gMpuRegionConfig                   
79113f24  gUartParams                        
79113f78  _stream                            
79113fc8  gSocModulesClockFrequency          
79113fec  __TI_ft_end                        
79113ff0  gSciclientSecProxyCfg              
79114010  gClockConfig                       
79114040  gWatchdogParams                    
79114054  _lock                              
79114058  gAddrTranslateConfig               
79114064  gMpuConfig                         
79114070  gSocModules                        
7911407c  gUartConfig                        
79114094  __TI_cleanup_ptr                   
79114098  __TI_dtors_ptr                     
7911409c  gCacheConfig                       
791140b4  gWatchdogConfig                    
791140bc  _unlock                            
791140c8  gDebugLogZone                      
791140cc  gDebugP_uartDrvIndex               
791140d0  gHwiConfig                         
791140e8  gUartConfigNum                     
791140ec  gUartDmaConfigNum                  
791140f0  gWatchdogConfigNum                 
791140f4  gWatchdogInt                       
79114100  __IRQ_STACK_START                  
79114200  __FIQ_STACK_START                  
79114200  __IRQ_STACK_END                    
79114300  __FIQ_STACK_END                    
79114300  __SVC_STACK_START                  
79115300  __ABORT_STACK_START                
79115300  __SVC_STACK_END                    
79115400  __ABORT_STACK_END                  
79115400  __UNDEFINED_STACK_START            
79115500  __UNDEFINED_STACK_END              
ffffffff  __TI_pprof_out_hndl                
ffffffff  __TI_prof_data_size                
ffffffff  __TI_prof_data_start               
ffffffff  __binit__                          
ffffffff  binit                              
UNDEFED   __TI_CINIT_Base                    
UNDEFED   __TI_CINIT_Limit                   
UNDEFED   __TI_Handler_Table_Base            
UNDEFED   __TI_Handler_Table_Limit           
UNDEFED   _system_post_cinit                 

[317 symbols]
