Archive member included to satisfy reference by file (symbol)

/home/pdourbal/ti/gcc-arm-9.2-2019.12-x86_64-aarch64-none-elf/bin/../lib/gcc/aarch64-none-elf/9.2.1/../../../../aarch64-none-elf/lib/libc.a(lib_a-atexit.o)
                              /home/pdourbal/ti/gcc-arm-9.2-2019.12-x86_64-aarch64-none-elf/bin/../lib/gcc/aarch64-none-elf/9.2.1/../../../../aarch64-none-elf/lib/crt0.o (atexit)
/home/pdourbal/ti/gcc-arm-9.2-2019.12-x86_64-aarch64-none-elf/bin/../lib/gcc/aarch64-none-elf/9.2.1/../../../../aarch64-none-elf/lib/libc.a(lib_a-exit.o)
                              /home/pdourbal/ti/gcc-arm-9.2-2019.12-x86_64-aarch64-none-elf/bin/../lib/gcc/aarch64-none-elf/9.2.1/../../../../aarch64-none-elf/lib/crt0.o (exit)
/home/pdourbal/ti/gcc-arm-9.2-2019.12-x86_64-aarch64-none-elf/bin/../lib/gcc/aarch64-none-elf/9.2.1/../../../../aarch64-none-elf/lib/libc.a(lib_a-fini.o)
                              /home/pdourbal/ti/gcc-arm-9.2-2019.12-x86_64-aarch64-none-elf/bin/../lib/gcc/aarch64-none-elf/9.2.1/../../../../aarch64-none-elf/lib/crt0.o (__libc_fini_array)
/home/pdourbal/ti/gcc-arm-9.2-2019.12-x86_64-aarch64-none-elf/bin/../lib/gcc/aarch64-none-elf/9.2.1/../../../../aarch64-none-elf/lib/libc.a(lib_a-impure.o)
                              /home/pdourbal/ti/gcc-arm-9.2-2019.12-x86_64-aarch64-none-elf/bin/../lib/gcc/aarch64-none-elf/9.2.1/../../../../aarch64-none-elf/lib/libc.a(lib_a-exit.o) (_global_impure_ptr)
/home/pdourbal/ti/gcc-arm-9.2-2019.12-x86_64-aarch64-none-elf/bin/../lib/gcc/aarch64-none-elf/9.2.1/../../../../aarch64-none-elf/lib/libc.a(lib_a-init.o)
                              /home/pdourbal/ti/gcc-arm-9.2-2019.12-x86_64-aarch64-none-elf/bin/../lib/gcc/aarch64-none-elf/9.2.1/../../../../aarch64-none-elf/lib/crt0.o (__libc_init_array)
/home/pdourbal/ti/gcc-arm-9.2-2019.12-x86_64-aarch64-none-elf/bin/../lib/gcc/aarch64-none-elf/9.2.1/../../../../aarch64-none-elf/lib/libc.a(lib_a-memset.o)
                              /home/pdourbal/ti/gcc-arm-9.2-2019.12-x86_64-aarch64-none-elf/bin/../lib/gcc/aarch64-none-elf/9.2.1/../../../../aarch64-none-elf/lib/crt0.o (memset)
/home/pdourbal/ti/gcc-arm-9.2-2019.12-x86_64-aarch64-none-elf/bin/../lib/gcc/aarch64-none-elf/9.2.1/../../../../aarch64-none-elf/lib/libc.a(lib_a-__atexit.o)
                              /home/pdourbal/ti/gcc-arm-9.2-2019.12-x86_64-aarch64-none-elf/bin/../lib/gcc/aarch64-none-elf/9.2.1/../../../../aarch64-none-elf/lib/libc.a(lib_a-atexit.o) (__register_exitproc)
/home/pdourbal/ti/gcc-arm-9.2-2019.12-x86_64-aarch64-none-elf/bin/../lib/gcc/aarch64-none-elf/9.2.1/../../../../aarch64-none-elf/lib/libc.a(lib_a-__call_atexit.o)
                              /home/pdourbal/ti/gcc-arm-9.2-2019.12-x86_64-aarch64-none-elf/bin/../lib/gcc/aarch64-none-elf/9.2.1/../../../../aarch64-none-elf/lib/libc.a(lib_a-exit.o) (__call_exitprocs)
/home/pdourbal/ti/gcc-arm-9.2-2019.12-x86_64-aarch64-none-elf/bin/../lib/gcc/aarch64-none-elf/9.2.1/../../../../aarch64-none-elf/lib/librdimon.a(rdimon-_exit.o)
                              /home/pdourbal/ti/gcc-arm-9.2-2019.12-x86_64-aarch64-none-elf/bin/../lib/gcc/aarch64-none-elf/9.2.1/../../../../aarch64-none-elf/lib/libc.a(lib_a-exit.o) (_exit)
/home/pdourbal/ti/gcc-arm-9.2-2019.12-x86_64-aarch64-none-elf/bin/../lib/gcc/aarch64-none-elf/9.2.1/../../../../aarch64-none-elf/lib/librdimon.a(rdimon-syscalls.o)
                              /home/pdourbal/ti/gcc-arm-9.2-2019.12-x86_64-aarch64-none-elf/bin/../lib/gcc/aarch64-none-elf/9.2.1/../../../../aarch64-none-elf/lib/librdimon.a(rdimon-_exit.o) (_has_ext_exit_extended)
/home/pdourbal/ti/asdk-10.00.00/ti-asdk-bsp/mcu_plus_sdk/am62dx/source/kernel/freertos/lib/freertos.am62dx.a53.gcc-aarch64.release.lib(DebugP_uartLogWriter.obj)
                              obj/release/ti_dpl_config.obj (DebugP_uartSetDrvIndex)
/home/pdourbal/ti/asdk-10.00.00/ti-asdk-bsp/mcu_plus_sdk/am62dx/source/kernel/freertos/lib/freertos.am62dx.a53.gcc-aarch64.release.lib(DebugP_log.obj)
                              obj/release/ti_dpl_config.obj (DebugP_logZoneEnable)
/home/pdourbal/ti/asdk-10.00.00/ti-asdk-bsp/mcu_plus_sdk/am62dx/source/kernel/freertos/lib/freertos.am62dx.a53.gcc-aarch64.release.lib(HwiP_armv8_gic.obj)
                              obj/release/ti_dpl_config.obj (HwiP_init)
/home/pdourbal/ti/asdk-10.00.00/ti-asdk-bsp/mcu_plus_sdk/am62dx/source/kernel/freertos/lib/freertos.am62dx.a53.gcc-aarch64.release.lib(MmuP_armv8.obj)
                              obj/release/ti_dpl_config.obj (MmuP_init)
/home/pdourbal/ti/asdk-10.00.00/ti-asdk-bsp/mcu_plus_sdk/am62dx/source/kernel/freertos/lib/freertos.am62dx.a53.gcc-aarch64.release.lib(CacheP_armv8.obj)
                              /home/pdourbal/ti/asdk-10.00.00/ti-asdk-bsp/mcu_plus_sdk/am62dx/source/kernel/freertos/lib/freertos.am62dx.a53.gcc-aarch64.release.lib(MmuP_armv8.obj) (CacheP_disable)
[...]
Memory Configuration

Name             Origin             Length             Attributes
DDR              0x0000000080000000 0x0000000002000000
USER_SHM_MEM     0x0000000082000000 0x0000000000000080
*default*        0x0000000000000000 0xffffffffffffffff

Linker script and memory map

LOAD /home/pdourbal/ti/gcc-arm-9.2-2019.12-x86_64-aarch64-none-elf/bin/../lib/gcc/aarch64-none-elf/9.2.1/crti.o
LOAD /home/pdourbal/ti/gcc-arm-9.2-2019.12-x86_64-aarch64-none-elf/bin/../lib/gcc/aarch64-none-elf/9.2.1/crtbegin.o
LOAD /home/pdourbal/ti/gcc-arm-9.2-2019.12-x86_64-aarch64-none-elf/bin/../lib/gcc/aarch64-none-elf/9.2.1/../../../../aarch64-none-elf/lib/crt0.o
START GROUP
LOAD /home/pdourbal/ti/gcc-arm-9.2-2019.12-x86_64-aarch64-none-elf/bin/../lib/gcc/aarch64-none-elf/9.2.1/../../../../aarch64-none-elf/lib/libstdc++.a
LOAD /home/pdourbal/ti/gcc-arm-9.2-2019.12-x86_64-aarch64-none-elf/bin/../lib/gcc/aarch64-none-elf/9.2.1/libgcc.a
LOAD /home/pdourbal/ti/gcc-arm-9.2-2019.12-x86_64-aarch64-none-elf/bin/../lib/gcc/aarch64-none-elf/9.2.1/../../../../aarch64-none-elf/lib/libm.a
LOAD /home/pdourbal/ti/gcc-arm-9.2-2019.12-x86_64-aarch64-none-elf/bin/../lib/gcc/aarch64-none-elf/9.2.1/../../../../aarch64-none-elf/lib/libc.a
LOAD /home/pdourbal/ti/gcc-arm-9.2-2019.12-x86_64-aarch64-none-elf/bin/../lib/gcc/aarch64-none-elf/9.2.1/../../../../aarch64-none-elf/lib/librdimon.a
LOAD obj/release/udma_memcpy_polling.obj
LOAD obj/release/main.obj
LOAD obj/release/ti_drivers_config.obj
LOAD obj/release/ti_drivers_open_close.obj
LOAD obj/release/ti_board_config.obj
LOAD obj/release/ti_board_open_close.obj
LOAD obj/release/ti_dpl_config.obj
LOAD obj/release/ti_pinmux_config.obj
LOAD obj/release/ti_power_clock_config.obj
LOAD /home/pdourbal/ti/asdk-10.00.00/ti-asdk-bsp/mcu_plus_sdk/am62dx/source/kernel/freertos/lib/freertos.am62dx.a53.gcc-aarch64.release.lib
LOAD /home/pdourbal/ti/asdk-10.00.00/ti-asdk-bsp/mcu_plus_sdk/am62dx/source/drivers/lib/drivers.am62dx.a53.gcc-aarch64.release.lib
END GROUP
                0x0000000000010000                __TI_STACK_SIZE = 0x10000
                0x0000000000020000                __TI_HEAP_SIZE = 0x20000

.vecs           0x0000000080000000      0xdb0
 .vecs          0x0000000080000000      0xdb0 /home/pdourbal/ti/asdk-10.00.00/ti-asdk-bsp/mcu_plus_sdk/am62dx/source/kernel/freertos/lib/freertos.am62dx.a53.gcc-aarch64.release.lib(portASM.obj)
                0x0000000080000000                HwiP_gicv3Vectors
                0x0000000080000800                vPortRestoreTaskContext
                0x0000000080000900                HwiP_SVC_Handler
                0x0000000080000b00                HwiP_IRQ_Handler

.text           0x0000000080000dc0      0x3ec
 .text          0x0000000080000dc0      0x1dc /home/pdourbal/ti/gcc-arm-9.2-2019.12-x86_64-aarch64-none-elf/bin/../lib/gcc/aarch64-none-elf/9.2.1/../../../../aarch64-none-elf/lib/libc.a(lib_a-memset.o)
                0x0000000080000dc0                memset
 .text          0x0000000080000f9c       0x30 /home/pdourbal/ti/asdk-10.00.00/ti-asdk-bsp/mcu_plus_sdk/am62dx/source/kernel/freertos/lib/freertos.am62dx.a53.gcc-aarch64.release.lib(HwiP_armv8_asm.obj)
                0x0000000080000f9c                HwiP_disable
                0x0000000080000fa8                HwiP_enable
                0x0000000080000fb4                HwiP_restore
 .text          0x0000000080000fcc       0x3c /home/pdourbal/ti/asdk-10.00.00/ti-asdk-bsp/mcu_plus_sdk/am62dx/source/kernel/freertos/lib/freertos.am62dx.a53.gcc-aarch64.release.lib(PmuP_armv8_asm.obj)
                0x0000000080000fcc                PmuP_disableCycleCounterIntr
                0x0000000080000fd8                PmuP_clearCycleCounterOverflowStatus
                0x0000000080000fe4                PmuP_resetAndEnableAllCounters
                0x0000000080000ff4                CycleCounterP_getCount64
                0x0000000080000ffc                PmuP_startCycleCounter
 .text          0x0000000080001008       0x18 /home/pdourbal/ti/asdk-10.00.00/ti-asdk-bsp/mcu_plus_sdk/am62dx/source/kernel/freertos/lib/freertos.am62dx.a53.gcc-aarch64.release.lib(common_armv8_asm.obj)
                0x0000000080001008                Armv8_getCoreId
                0x0000000080001014                Armv8_dsbSy
                0x000000008000101c                Armv8_exit
 *fill*         0x0000000080001020       0x20 
 .text          0x0000000080001040      0x16c /home/pdourbal/ti/gcc-arm-9.2-2019.12-x86_64-aarch64-none-elf/bin/../lib/gcc/aarch64-none-elf/9.2.1/../../../../aarch64-none-elf/lib/libc.a(lib_a-memcpy.o)
                0x0000000080001040                memcpy

.init           0x00000000800011ac       0x18
 .init          0x00000000800011ac       0x18 /home/pdourbal/ti/gcc-arm-9.2-2019.12-x86_64-aarch64-none-elf/bin/../lib/gcc/aarch64-none-elf/9.2.1/crti.o
                0x00000000800011ac                _init

.fini           0x00000000800011c4       0x18
 .fini          0x00000000800011c4       0x18 /home/pdourbal/ti/gcc-arm-9.2-2019.12-x86_64-aarch64-none-elf/bin/../lib/gcc/aarch64-none-elf/9.2.1/crti.o
                0x00000000800011c4                _fini

.iplt           0x00000000800011dc        0x0
 .iplt          0x00000000800011dc        0x0 /home/pdourbal/ti/gcc-arm-9.2-2019.12-x86_64-aarch64-none-elf/bin/../lib/gcc/aarch64-none-elf/9.2.1/../../../../aarch64-none-elf/lib/libc.a(lib_a-impure.o)

.text.udma_memcpy_polling_main
                0x00000000800011e0      0x318
 .text.udma_memcpy_polling_main
                0x00000000800011e0      0x318 obj/release/udma_memcpy_polling.obj
                0x00000000800011e0                udma_memcpy_polling_main

.text.freertos_main
                0x0000000080001500       0x70
 .text.freertos_main
                0x0000000080001500       0x70 obj/release/main.obj
                0x0000000080001500                freertos_main

.text.startup.main
                0x0000000080001570       0xd0
 .text.startup.main
                0x0000000080001570       0xd0 obj/release/main.obj
                0x0000000080001570                main

.text.System_init
                0x0000000080001640       0xb0
 .text.System_init
                0x0000000080001640       0xb0 obj/release/ti_drivers_config.obj
                0x0000000080001640                System_init

.text.Drivers_udmaConfigUdma0BlkCopyOpen
                0x00000000800016f0      0x148
 .text.Drivers_udmaConfigUdma0BlkCopyOpen
                0x00000000800016f0      0x148 obj/release/ti_drivers_open_close.obj

.text.Drivers_udmaConfigUdma0BlkCopyClose
                0x0000000080001840      0x100
 .text.Drivers_udmaConfigUdma0BlkCopyClose
                0x0000000080001840      0x100 obj/release/ti_drivers_open_close.obj

.text.Drivers_uartClose
                0x0000000080001940       0x50
 .text.Drivers_uartClose
                0x0000000080001940       0x50 obj/release/ti_drivers_open_close.obj
                0x0000000080001940                Drivers_uartClose

.text.Drivers_close
                0x0000000080001990       0x24
 .text.Drivers_close
                0x0000000080001990       0x24 obj/release/ti_drivers_open_close.obj
                0x0000000080001990                Drivers_close

.text.Drivers_uartOpen
                0x00000000800019c0       0x88
 .text.Drivers_uartOpen
                0x00000000800019c0       0x88 obj/release/ti_drivers_open_close.obj
                0x00000000800019c0                Drivers_uartOpen

.text.Drivers_open
                0x0000000080001a50       0x24
 .text.Drivers_open
                0x0000000080001a50       0x24 obj/release/ti_drivers_open_close.obj
                0x0000000080001a50                Drivers_open

.text.Board_init
                0x0000000080001a80        0x4
 .text.Board_init
                0x0000000080001a80        0x4 obj/release/ti_board_config.obj
                0x0000000080001a80                Board_init

.text.Board_driversOpen
                0x0000000080001a90       0x18
 .text.Board_driversOpen
                0x0000000080001a90       0x18 obj/release/ti_board_open_close.obj
                0x0000000080001a90                Board_driversOpen

.text.Board_driversClose
                0x0000000080001ab0        0x4
 .text.Board_driversClose
                0x0000000080001ab0        0x4 obj/release/ti_board_open_close.obj
                0x0000000080001ab0                Board_driversClose

.text.putchar_  0x0000000080001ac0        0x4
 .text.putchar_
                0x0000000080001ac0        0x4 obj/release/ti_dpl_config.obj
                0x0000000080001ac0                putchar_

.text.__mmu_init
                0x0000000080001ad0       0x18
 .text.__mmu_init
                0x0000000080001ad0       0x18 obj/release/ti_dpl_config.obj
                0x0000000080001ad0                __mmu_init

.text.Dpl_init  0x0000000080001af0       0x70
 .text.Dpl_init
                0x0000000080001af0       0x70 obj/release/ti_dpl_config.obj
                0x0000000080001af0                Dpl_init

.text.Pinmux_init
                0x0000000080001b60       0x40
 .text.Pinmux_init
                0x0000000080001b60       0x40 obj/release/ti_pinmux_config.obj
                0x0000000080001b60                Pinmux_init

.text.Module_clockEnable
                0x0000000080001ba0       0x58
 .text.Module_clockEnable
                0x0000000080001ba0       0x58 obj/release/ti_power_clock_config.obj
                0x0000000080001ba0                Module_clockEnable

.text.Module_clockSetFrequency
                0x0000000080001c00       0x58
 .text.Module_clockSetFrequency
                0x0000000080001c00       0x58 obj/release/ti_power_clock_config.obj
                0x0000000080001c00                Module_clockSetFrequency

.text.PowerClock_init
                0x0000000080001c60       0x14
 .text.PowerClock_init
                0x0000000080001c60       0x14 obj/release/ti_power_clock_config.obj
                0x0000000080001c60                PowerClock_init

.text.DebugP_uartSetDrvIndex
                0x0000000080001c80       0x18
 .text.DebugP_uartSetDrvIndex
                0x0000000080001c80       0x18 /home/pdourbal/ti/asdk-10.00.00/ti-asdk-bsp/mcu_plus_sdk/am62dx/source/kernel/freertos/lib/freertos.am62dx.a53.gcc-aarch64.release.lib(DebugP_uartLogWriter.obj)
                0x0000000080001c80                DebugP_uartSetDrvIndex

.text.DebugP_uartLogWriterPutChar
                0x0000000080001ca0       0x50
 .text.DebugP_uartLogWriterPutChar
                0x0000000080001ca0       0x50 /home/pdourbal/ti/asdk-10.00.00/ti-asdk-bsp/mcu_plus_sdk/am62dx/source/kernel/freertos/lib/freertos.am62dx.a53.gcc-aarch64.release.lib(DebugP_uartLogWriter.obj)
                0x0000000080001ca0                DebugP_uartLogWriterPutChar

.text.DebugP_logZoneEnable
                0x0000000080001cf0       0x48
 .text.DebugP_logZoneEnable
                0x0000000080001cf0       0x48 /home/pdourbal/ti/asdk-10.00.00/ti-asdk-bsp/mcu_plus_sdk/am62dx/source/kernel/freertos/lib/freertos.am62dx.a53.gcc-aarch64.release.lib(DebugP_log.obj)
                0x0000000080001cf0                DebugP_logZoneEnable

.text._DebugP_assert
                0x0000000080001d40       0xb0
 .text._DebugP_assert
                0x0000000080001d40       0xb0 /home/pdourbal/ti/asdk-10.00.00/ti-asdk-bsp/mcu_plus_sdk/am62dx/source/kernel/freertos/lib/freertos.am62dx.a53.gcc-aarch64.release.lib(DebugP_log.obj)
                0x0000000080001d40                _DebugP_assert

.text._DebugP_assertNoLog
                0x0000000080001df0       0x30
 .text._DebugP_assertNoLog
                0x0000000080001df0       0x30 /home/pdourbal/ti/asdk-10.00.00/ti-asdk-bsp/mcu_plus_sdk/am62dx/source/kernel/freertos/lib/freertos.am62dx.a53.gcc-aarch64.release.lib(DebugP_log.obj)
                0x0000000080001df0                _DebugP_assertNoLog

.text.HwiP_Params_init
                0x0000000080001e20       0x18
 .text.HwiP_Params_init
                0x0000000080001e20       0x18 /home/pdourbal/ti/asdk-10.00.00/ti-asdk-bsp/mcu_plus_sdk/am62dx/source/kernel/freertos/lib/freertos.am62dx.a53.gcc-aarch64.release.lib(HwiP_armv8_gic.obj)
                0x0000000080001e20                HwiP_Params_init

.text.HwiP_enableInt
                0x0000000080001e40       0x74
 .text.HwiP_enableInt
                0x0000000080001e40       0x74 /home/pdourbal/ti/asdk-10.00.00/ti-asdk-bsp/mcu_plus_sdk/am62dx/source/kernel/freertos/lib/freertos.am62dx.a53.gcc-aarch64.release.lib(HwiP_armv8_gic.obj)
                0x0000000080001e40                HwiP_enableInt

.text.HwiP_construct
                0x0000000080001ec0      0x2e0
 .text.HwiP_construct
                0x0000000080001ec0      0x2e0 /home/pdourbal/ti/asdk-10.00.00/ti-asdk-bsp/mcu_plus_sdk/am62dx/source/kernel/freertos/lib/freertos.am62dx.a53.gcc-aarch64.release.lib(HwiP_armv8_gic.obj)
                0x0000000080001ec0                HwiP_construct

.text.HwiP_disableInt
                0x00000000800021a0       0x84
 .text.HwiP_disableInt
                0x00000000800021a0       0x84 /home/pdourbal/ti/asdk-10.00.00/ti-asdk-bsp/mcu_plus_sdk/am62dx/source/kernel/freertos/lib/freertos.am62dx.a53.gcc-aarch64.release.lib(HwiP_armv8_gic.obj)
                0x00000000800021a0                HwiP_disableInt

.text.HwiP_destruct
                0x0000000080002230       0x58
 .text.HwiP_destruct
                0x0000000080002230       0x58 /home/pdourbal/ti/asdk-10.00.00/ti-asdk-bsp/mcu_plus_sdk/am62dx/source/kernel/freertos/lib/freertos.am62dx.a53.gcc-aarch64.release.lib(HwiP_armv8_gic.obj)
                0x0000000080002230                HwiP_destruct

.text.HwiP_inISR
                0x0000000080002290       0x20
 .text.HwiP_inISR
                0x0000000080002290       0x20 /home/pdourbal/ti/asdk-10.00.00/ti-asdk-bsp/mcu_plus_sdk/am62dx/source/kernel/freertos/lib/freertos.am62dx.a53.gcc-aarch64.release.lib(HwiP_armv8_gic.obj)
                0x0000000080002290                HwiP_inISR

.text.HwiP_init
                0x00000000800022b0      0x268
 .text.HwiP_init
                0x00000000800022b0      0x268 /home/pdourbal/ti/asdk-10.00.00/ti-asdk-bsp/mcu_plus_sdk/am62dx/source/kernel/freertos/lib/freertos.am62dx.a53.gcc-aarch64.release.lib(HwiP_armv8_gic.obj)
                0x00000000800022b0                HwiP_init

.text.MmuP_addBlockEntry
                0x0000000080002520       0xa8
 .text.MmuP_addBlockEntry
                0x0000000080002520       0xa8 /home/pdourbal/ti/asdk-10.00.00/ti-asdk-bsp/mcu_plus_sdk/am62dx/source/kernel/freertos/lib/freertos.am62dx.a53.gcc-aarch64.release.lib(MmuP_armv8.obj)

.text.MmuP_tableWalk
                0x00000000800025d0      0x368
 .text.MmuP_tableWalk
                0x00000000800025d0      0x368 /home/pdourbal/ti/asdk-10.00.00/ti-asdk-bsp/mcu_plus_sdk/am62dx/source/kernel/freertos/lib/freertos.am62dx.a53.gcc-aarch64.release.lib(MmuP_armv8.obj)

.text.MmuP_enable.part.0
                0x0000000080002940       0x70
 .text.MmuP_enable.part.0
                0x0000000080002940       0x70 /home/pdourbal/ti/asdk-10.00.00/ti-asdk-bsp/mcu_plus_sdk/am62dx/source/kernel/freertos/lib/freertos.am62dx.a53.gcc-aarch64.release.lib(MmuP_armv8.obj)

.text.MmuP_disable.part.0
                0x00000000800029b0       0x70
 .text.MmuP_disable.part.0
                0x00000000800029b0       0x70 /home/pdourbal/ti/asdk-10.00.00/ti-asdk-bsp/mcu_plus_sdk/am62dx/source/kernel/freertos/lib/freertos.am62dx.a53.gcc-aarch64.release.lib(MmuP_armv8.obj)

.text.MmuP_map  0x0000000080002a20      0x120
 .text.MmuP_map
                0x0000000080002a20      0x120 /home/pdourbal/ti/asdk-10.00.00/ti-asdk-bsp/mcu_plus_sdk/am62dx/source/kernel/freertos/lib/freertos.am62dx.a53.gcc-aarch64.release.lib(MmuP_armv8.obj)
                0x0000000080002a20                MmuP_map

.text.MmuP_init
                0x0000000080002b40      0x1f0
 .text.MmuP_init
                0x0000000080002b40      0x1f0 /home/pdourbal/ti/asdk-10.00.00/ti-asdk-bsp/mcu_plus_sdk/am62dx/source/kernel/freertos/lib/freertos.am62dx.a53.gcc-aarch64.release.lib(MmuP_armv8.obj)
                0x0000000080002b40                MmuP_init

.text.CacheP_disable
                0x0000000080002d30       0x58
 .text.CacheP_disable
                0x0000000080002d30       0x58 /home/pdourbal/ti/asdk-10.00.00/ti-asdk-bsp/mcu_plus_sdk/am62dx/source/kernel/freertos/lib/freertos.am62dx.a53.gcc-aarch64.release.lib(CacheP_armv8.obj)
                0x0000000080002d30                CacheP_disable

.text.CacheP_enable
                0x0000000080002d90       0x44
 .text.CacheP_enable
                0x0000000080002d90       0x44 /home/pdourbal/ti/asdk-10.00.00/ti-asdk-bsp/mcu_plus_sdk/am62dx/source/kernel/freertos/lib/freertos.am62dx.a53.gcc-aarch64.release.lib(CacheP_armv8.obj)
                0x0000000080002d90                CacheP_enable

.text.CacheP_inv
                0x0000000080002de0       0x6c
 .text.CacheP_inv
                0x0000000080002de0       0x6c /home/pdourbal/ti/asdk-10.00.00/ti-asdk-bsp/mcu_plus_sdk/am62dx/source/kernel/freertos/lib/freertos.am62dx.a53.gcc-aarch64.release.lib(CacheP_armv8.obj)
                0x0000000080002de0                CacheP_inv

.text.CycleCounterP_reset
                0x0000000080002e50       0x1c
 .text.CycleCounterP_reset
                0x0000000080002e50       0x1c /home/pdourbal/ti/asdk-10.00.00/ti-asdk-bsp/mcu_plus_sdk/am62dx/source/kernel/freertos/lib/freertos.am62dx.a53.gcc-aarch64.release.lib(PmuP_armv8.obj)
                0x0000000080002e50                CycleCounterP_reset

.text.pmu       0x0000000080002e70       0x58
 .text.pmu      0x0000000080002e70       0x58 /home/pdourbal/ti/asdk-10.00.00/ti-asdk-bsp/mcu_plus_sdk/am62dx/source/kernel/freertos/lib/freertos.am62dx.a53.gcc-aarch64.release.lib(PmuP_armv8.obj)
                0x0000000080002e70                CycleCounterP_init
                0x0000000080002e90                CycleCounterP_nsToTicks

.text.ClockP_timerTickIsr
                0x0000000080002ed0       0x48
 .text.ClockP_timerTickIsr
                0x0000000080002ed0       0x48 /home/pdourbal/ti/asdk-10.00.00/ti-asdk-bsp/mcu_plus_sdk/am62dx/source/kernel/freertos/lib/freertos.am62dx.a53.gcc-aarch64.release.lib(ClockP_freertos.obj)
                0x0000000080002ed0                ClockP_timerTickIsr

.text.ClockP_usecToTicks
                0x0000000080002f20       0x20
 .text.ClockP_usecToTicks
                0x0000000080002f20       0x20 /home/pdourbal/ti/asdk-10.00.00/ti-asdk-bsp/mcu_plus_sdk/am62dx/source/kernel/freertos/lib/freertos.am62dx.a53.gcc-aarch64.release.lib(ClockP_freertos.obj)
                0x0000000080002f20                ClockP_usecToTicks

.text.ClockP_getTicks
                0x0000000080002f40        0x4
 .text.ClockP_getTicks
                0x0000000080002f40        0x4 /home/pdourbal/ti/asdk-10.00.00/ti-asdk-bsp/mcu_plus_sdk/am62dx/source/kernel/freertos/lib/freertos.am62dx.a53.gcc-aarch64.release.lib(ClockP_freertos.obj)
                0x0000000080002f40                ClockP_getTicks

.text.ClockP_getTimeUsec
                0x0000000080002f50       0x68
 .text.ClockP_getTimeUsec
                0x0000000080002f50       0x68 /home/pdourbal/ti/asdk-10.00.00/ti-asdk-bsp/mcu_plus_sdk/am62dx/source/kernel/freertos/lib/freertos.am62dx.a53.gcc-aarch64.release.lib(ClockP_freertos.obj)
                0x0000000080002f50                ClockP_getTimeUsec

.text.ClockP_usleep
                0x0000000080002fc0       0x60
 .text.ClockP_usleep
                0x0000000080002fc0       0x60 /home/pdourbal/ti/asdk-10.00.00/ti-asdk-bsp/mcu_plus_sdk/am62dx/source/kernel/freertos/lib/freertos.am62dx.a53.gcc-aarch64.release.lib(ClockP_freertos.obj)
                0x0000000080002fc0                ClockP_usleep

.text.ClockP_timerClearOverflowInt
                0x0000000080003020        0x4
 .text.ClockP_timerClearOverflowInt
                0x0000000080003020        0x4 /home/pdourbal/ti/asdk-10.00.00/ti-asdk-bsp/mcu_plus_sdk/am62dx/source/kernel/freertos/lib/freertos.am62dx.a53.gcc-aarch64.release.lib(ClockP_freertos_a53.obj)
                0x0000000080003020                ClockP_timerClearOverflowInt

.text.ClockP_getTimerCount
                0x0000000080003030        0x4
 .text.ClockP_getTimerCount
                0x0000000080003030        0x4 /home/pdourbal/ti/asdk-10.00.00/ti-asdk-bsp/mcu_plus_sdk/am62dx/source/kernel/freertos/lib/freertos.am62dx.a53.gcc-aarch64.release.lib(ClockP_freertos_a53.obj)
                0x0000000080003030                ClockP_getTimerCount

.text.ClockP_init
                0x0000000080003040      0x1e0
 .text.ClockP_init
                0x0000000080003040      0x1e0 /home/pdourbal/ti/asdk-10.00.00/ti-asdk-bsp/mcu_plus_sdk/am62dx/source/kernel/freertos/lib/freertos.am62dx.a53.gcc-aarch64.release.lib(ClockP_freertos_a53.obj)
                0x0000000080003040                ClockP_init

.text.HwiP_intrHandler
                0x0000000080003220       0x90
 .text.HwiP_intrHandler
                0x0000000080003220       0x90 /home/pdourbal/ti/asdk-10.00.00/ti-asdk-bsp/mcu_plus_sdk/am62dx/source/kernel/freertos/lib/freertos.am62dx.a53.gcc-aarch64.release.lib(HwiP_armv8_handlers_freertos.obj)
                0x0000000080003220                HwiP_intrHandler

.text.HwiP_defaultHandler
                0x00000000800032b0       0x24
 .text.HwiP_defaultHandler
                0x00000000800032b0       0x24 /home/pdourbal/ti/asdk-10.00.00/ti-asdk-bsp/mcu_plus_sdk/am62dx/source/kernel/freertos/lib/freertos.am62dx.a53.gcc-aarch64.release.lib(HwiP_armv8_handlers_freertos.obj)
                0x00000000800032b0                HwiP_defaultHandler

.text._DebugP_logZone
                0x00000000800032e0      0x138
 .text._DebugP_logZone
                0x00000000800032e0      0x138 /home/pdourbal/ti/asdk-10.00.00/ti-asdk-bsp/mcu_plus_sdk/am62dx/source/kernel/freertos/lib/freertos.am62dx.a53.gcc-aarch64.release.lib(DebugP_freertos.obj)
                0x00000000800032e0                _DebugP_logZone

.text.prvAddNewTaskToReadyList
                0x0000000080003420      0x248
 .text.prvAddNewTaskToReadyList
                0x0000000080003420      0x248 /home/pdourbal/ti/asdk-10.00.00/ti-asdk-bsp/mcu_plus_sdk/am62dx/source/kernel/freertos/lib/freertos.am62dx.a53.gcc-aarch64.release.lib(tasks.obj)

.text.prvAddCurrentTaskToDelayedList
                0x0000000080003670      0x190
 .text.prvAddCurrentTaskToDelayedList
                0x0000000080003670      0x190 /home/pdourbal/ti/asdk-10.00.00/ti-asdk-bsp/mcu_plus_sdk/am62dx/source/kernel/freertos/lib/freertos.am62dx.a53.gcc-aarch64.release.lib(tasks.obj)

.text.prvResetNextTaskUnblockTime.part.0
                0x0000000080003800       0x38
 .text.prvResetNextTaskUnblockTime.part.0
                0x0000000080003800       0x38 /home/pdourbal/ti/asdk-10.00.00/ti-asdk-bsp/mcu_plus_sdk/am62dx/source/kernel/freertos/lib/freertos.am62dx.a53.gcc-aarch64.release.lib(tasks.obj)

.text.prvInitialiseNewTask.isra.0
                0x0000000080003840      0x168
 .text.prvInitialiseNewTask.isra.0
                0x0000000080003840      0x168 /home/pdourbal/ti/asdk-10.00.00/ti-asdk-bsp/mcu_plus_sdk/am62dx/source/kernel/freertos/lib/freertos.am62dx.a53.gcc-aarch64.release.lib(tasks.obj)

.text.prvDeleteTCB
                0x00000000800039b0       0x80
 .text.prvDeleteTCB
                0x00000000800039b0       0x80 /home/pdourbal/ti/asdk-10.00.00/ti-asdk-bsp/mcu_plus_sdk/am62dx/source/kernel/freertos/lib/freertos.am62dx.a53.gcc-aarch64.release.lib(tasks.obj)

.text.prvCheckTasksWaitingTermination
                0x0000000080003a30       0x98
 .text.prvCheckTasksWaitingTermination
                0x0000000080003a30       0x98 /home/pdourbal/ti/asdk-10.00.00/ti-asdk-bsp/mcu_plus_sdk/am62dx/source/kernel/freertos/lib/freertos.am62dx.a53.gcc-aarch64.release.lib(tasks.obj)

.text.prvIdleTask
                0x0000000080003ad0       0x40
 .text.prvIdleTask
                0x0000000080003ad0       0x40 /home/pdourbal/ti/asdk-10.00.00/ti-asdk-bsp/mcu_plus_sdk/am62dx/source/kernel/freertos/lib/freertos.am62dx.a53.gcc-aarch64.release.lib(tasks.obj)

.text.xTaskIncrementTick.part.0
                0x0000000080003b10      0x2c8
 .text.xTaskIncrementTick.part.0
                0x0000000080003b10      0x2c8 /home/pdourbal/ti/asdk-10.00.00/ti-asdk-bsp/mcu_plus_sdk/am62dx/source/kernel/freertos/lib/freertos.am62dx.a53.gcc-aarch64.release.lib(tasks.obj)

.text.vTaskSwitchContext.part.0
                0x0000000080003de0      0x1b8
 .text.vTaskSwitchContext.part.0
                0x0000000080003de0      0x1b8 /home/pdourbal/ti/asdk-10.00.00/ti-asdk-bsp/mcu_plus_sdk/am62dx/source/kernel/freertos/lib/freertos.am62dx.a53.gcc-aarch64.release.lib(tasks.obj)

.text.xTaskCreateStatic
                0x0000000080003fa0      0x158
 .text.xTaskCreateStatic
                0x0000000080003fa0      0x158 /home/pdourbal/ti/asdk-10.00.00/ti-asdk-bsp/mcu_plus_sdk/am62dx/source/kernel/freertos/lib/freertos.am62dx.a53.gcc-aarch64.release.lib(tasks.obj)
                0x0000000080003fa0                xTaskCreateStatic

.text.vTaskDelete
                0x0000000080004100      0x200
 .text.vTaskDelete
                0x0000000080004100      0x200 /home/pdourbal/ti/asdk-10.00.00/ti-asdk-bsp/mcu_plus_sdk/am62dx/source/kernel/freertos/lib/freertos.am62dx.a53.gcc-aarch64.release.lib(tasks.obj)
                0x0000000080004100                vTaskDelete

.text.eTaskGetState
                0x0000000080004300      0x170
 .text.eTaskGetState
                0x0000000080004300      0x170 /home/pdourbal/ti/asdk-10.00.00/ti-asdk-bsp/mcu_plus_sdk/am62dx/source/kernel/freertos/lib/freertos.am62dx.a53.gcc-aarch64.release.lib(tasks.obj)
                0x0000000080004300                eTaskGetState

.text.vTaskStartScheduler
                0x0000000080004470      0x170
 .text.vTaskStartScheduler
                0x0000000080004470      0x170 /home/pdourbal/ti/asdk-10.00.00/ti-asdk-bsp/mcu_plus_sdk/am62dx/source/kernel/freertos/lib/freertos.am62dx.a53.gcc-aarch64.release.lib(tasks.obj)
                0x0000000080004470                vTaskStartScheduler

.text.vTaskSuspendAll
                0x00000000800045e0       0x20
 .text.vTaskSuspendAll
                0x00000000800045e0       0x20 /home/pdourbal/ti/asdk-10.00.00/ti-asdk-bsp/mcu_plus_sdk/am62dx/source/kernel/freertos/lib/freertos.am62dx.a53.gcc-aarch64.release.lib(tasks.obj)
                0x00000000800045e0                vTaskSuspendAll

.text.xTaskResumeAll
                0x0000000080004600      0x2c8
 .text.xTaskResumeAll
                0x0000000080004600      0x2c8 /home/pdourbal/ti/asdk-10.00.00/ti-asdk-bsp/mcu_plus_sdk/am62dx/source/kernel/freertos/lib/freertos.am62dx.a53.gcc-aarch64.release.lib(tasks.obj)
                0x0000000080004600                xTaskResumeAll

.text.vTaskDelay
                0x00000000800048d0       0xa0
 .text.vTaskDelay
                0x00000000800048d0       0xa0 /home/pdourbal/ti/asdk-10.00.00/ti-asdk-bsp/mcu_plus_sdk/am62dx/source/kernel/freertos/lib/freertos.am62dx.a53.gcc-aarch64.release.lib(tasks.obj)
                0x00000000800048d0                vTaskDelay

.text.xTaskGetTickCount
                0x0000000080004970       0x18
 .text.xTaskGetTickCount
                0x0000000080004970       0x18 /home/pdourbal/ti/asdk-10.00.00/ti-asdk-bsp/mcu_plus_sdk/am62dx/source/kernel/freertos/lib/freertos.am62dx.a53.gcc-aarch64.release.lib(tasks.obj)
                0x0000000080004970                xTaskGetTickCount

.text.uxTaskGetNumberOfTasks
                0x0000000080004990       0x18
 .text.uxTaskGetNumberOfTasks
                0x0000000080004990       0x18 /home/pdourbal/ti/asdk-10.00.00/ti-asdk-bsp/mcu_plus_sdk/am62dx/source/kernel/freertos/lib/freertos.am62dx.a53.gcc-aarch64.release.lib(tasks.obj)
                0x0000000080004990                uxTaskGetNumberOfTasks

.text.xTaskGetIdleTaskHandle
                0x00000000800049b0       0x70
 .text.xTaskGetIdleTaskHandle
                0x00000000800049b0       0x70 /home/pdourbal/ti/asdk-10.00.00/ti-asdk-bsp/mcu_plus_sdk/am62dx/source/kernel/freertos/lib/freertos.am62dx.a53.gcc-aarch64.release.lib(tasks.obj)
                0x00000000800049b0                xTaskGetIdleTaskHandle

.text.xTaskIncrementTick
                0x0000000080004a20       0x40
 .text.xTaskIncrementTick
                0x0000000080004a20       0x40 /home/pdourbal/ti/asdk-10.00.00/ti-asdk-bsp/mcu_plus_sdk/am62dx/source/kernel/freertos/lib/freertos.am62dx.a53.gcc-aarch64.release.lib(tasks.obj)
                0x0000000080004a20                xTaskIncrementTick

.text.vTaskSwitchContext
                0x0000000080004a60       0x38
 .text.vTaskSwitchContext
                0x0000000080004a60       0x38 /home/pdourbal/ti/asdk-10.00.00/ti-asdk-bsp/mcu_plus_sdk/am62dx/source/kernel/freertos/lib/freertos.am62dx.a53.gcc-aarch64.release.lib(tasks.obj)
                0x0000000080004a60                vTaskSwitchContext

.text.vTaskPlaceOnEventList
                0x0000000080004aa0       0x80
 .text.vTaskPlaceOnEventList
                0x0000000080004aa0       0x80 /home/pdourbal/ti/asdk-10.00.00/ti-asdk-bsp/mcu_plus_sdk/am62dx/source/kernel/freertos/lib/freertos.am62dx.a53.gcc-aarch64.release.lib(tasks.obj)
                0x0000000080004aa0                vTaskPlaceOnEventList

.text.vTaskPlaceOnEventListRestricted
                0x0000000080004b20       0xc8
 .text.vTaskPlaceOnEventListRestricted
                0x0000000080004b20       0xc8 /home/pdourbal/ti/asdk-10.00.00/ti-asdk-bsp/mcu_plus_sdk/am62dx/source/kernel/freertos/lib/freertos.am62dx.a53.gcc-aarch64.release.lib(tasks.obj)
                0x0000000080004b20                vTaskPlaceOnEventListRestricted

.text.xTaskRemoveFromEventList
                0x0000000080004bf0      0x1c8
 .text.xTaskRemoveFromEventList
                0x0000000080004bf0      0x1c8 /home/pdourbal/ti/asdk-10.00.00/ti-asdk-bsp/mcu_plus_sdk/am62dx/source/kernel/freertos/lib/freertos.am62dx.a53.gcc-aarch64.release.lib(tasks.obj)
                0x0000000080004bf0                xTaskRemoveFromEventList

.text.vTaskInternalSetTimeOutState
                0x0000000080004dc0       0x38
 .text.vTaskInternalSetTimeOutState
                0x0000000080004dc0       0x38 /home/pdourbal/ti/asdk-10.00.00/ti-asdk-bsp/mcu_plus_sdk/am62dx/source/kernel/freertos/lib/freertos.am62dx.a53.gcc-aarch64.release.lib(tasks.obj)
                0x0000000080004dc0                vTaskInternalSetTimeOutState

.text.xTaskCheckForTimeOut
                0x0000000080004e00      0x130
 .text.xTaskCheckForTimeOut
                0x0000000080004e00      0x130 /home/pdourbal/ti/asdk-10.00.00/ti-asdk-bsp/mcu_plus_sdk/am62dx/source/kernel/freertos/lib/freertos.am62dx.a53.gcc-aarch64.release.lib(tasks.obj)
                0x0000000080004e00                xTaskCheckForTimeOut

.text.vTaskMissedYield
                0x0000000080004f30       0x20
 .text.vTaskMissedYield
                0x0000000080004f30       0x20 /home/pdourbal/ti/asdk-10.00.00/ti-asdk-bsp/mcu_plus_sdk/am62dx/source/kernel/freertos/lib/freertos.am62dx.a53.gcc-aarch64.release.lib(tasks.obj)
                0x0000000080004f30                vTaskMissedYield

.text.vTaskGetInfo
                0x0000000080004f50      0x190
 .text.vTaskGetInfo
                0x0000000080004f50      0x190 /home/pdourbal/ti/asdk-10.00.00/ti-asdk-bsp/mcu_plus_sdk/am62dx/source/kernel/freertos/lib/freertos.am62dx.a53.gcc-aarch64.release.lib(tasks.obj)
                0x0000000080004f50                vTaskGetInfo

.text.xTaskGetCurrentTaskHandle
                0x00000000800050e0       0x18
 .text.xTaskGetCurrentTaskHandle
                0x00000000800050e0       0x18 /home/pdourbal/ti/asdk-10.00.00/ti-asdk-bsp/mcu_plus_sdk/am62dx/source/kernel/freertos/lib/freertos.am62dx.a53.gcc-aarch64.release.lib(tasks.obj)
                0x00000000800050e0                xTaskGetCurrentTaskHandle

.text.xTaskGetSchedulerState
                0x0000000080005100       0x40
 .text.xTaskGetSchedulerState
                0x0000000080005100       0x40 /home/pdourbal/ti/asdk-10.00.00/ti-asdk-bsp/mcu_plus_sdk/am62dx/source/kernel/freertos/lib/freertos.am62dx.a53.gcc-aarch64.release.lib(tasks.obj)
                0x0000000080005100                xTaskGetSchedulerState

.text.xTaskPriorityInherit
                0x0000000080005140      0x170
 .text.xTaskPriorityInherit
                0x0000000080005140      0x170 /home/pdourbal/ti/asdk-10.00.00/ti-asdk-bsp/mcu_plus_sdk/am62dx/source/kernel/freertos/lib/freertos.am62dx.a53.gcc-aarch64.release.lib(tasks.obj)
                0x0000000080005140                xTaskPriorityInherit

.text.xTaskPriorityDisinherit
                0x00000000800052b0      0x190
 .text.xTaskPriorityDisinherit
                0x00000000800052b0      0x190 /home/pdourbal/ti/asdk-10.00.00/ti-asdk-bsp/mcu_plus_sdk/am62dx/source/kernel/freertos/lib/freertos.am62dx.a53.gcc-aarch64.release.lib(tasks.obj)
                0x00000000800052b0                xTaskPriorityDisinherit

.text.vTaskPriorityDisinheritAfterTimeout
                0x0000000080005440      0x1b0
 .text.vTaskPriorityDisinheritAfterTimeout
                0x0000000080005440      0x1b0 /home/pdourbal/ti/asdk-10.00.00/ti-asdk-bsp/mcu_plus_sdk/am62dx/source/kernel/freertos/lib/freertos.am62dx.a53.gcc-aarch64.release.lib(tasks.obj)
                0x0000000080005440                vTaskPriorityDisinheritAfterTimeout

.text.pvTaskIncrementMutexHeldCount
                0x00000000800055f0       0x28
 .text.pvTaskIncrementMutexHeldCount
                0x00000000800055f0       0x28 /home/pdourbal/ti/asdk-10.00.00/ti-asdk-bsp/mcu_plus_sdk/am62dx/source/kernel/freertos/lib/freertos.am62dx.a53.gcc-aarch64.release.lib(tasks.obj)
                0x00000000800055f0                pvTaskIncrementMutexHeldCount

.text.prvCheckForValidListAndQueue
                0x0000000080005620       0xf0
 .text.prvCheckForValidListAndQueue
                0x0000000080005620       0xf0 /home/pdourbal/ti/asdk-10.00.00/ti-asdk-bsp/mcu_plus_sdk/am62dx/source/kernel/freertos/lib/freertos.am62dx.a53.gcc-aarch64.release.lib(timers.obj)

.text.prvInsertTimerInActiveList
                0x0000000080005710       0x98
 .text.prvInsertTimerInActiveList
                0x0000000080005710       0x98 /home/pdourbal/ti/asdk-10.00.00/ti-asdk-bsp/mcu_plus_sdk/am62dx/source/kernel/freertos/lib/freertos.am62dx.a53.gcc-aarch64.release.lib(timers.obj)

.text.prvReloadTimer
                0x00000000800057b0       0x60
 .text.prvReloadTimer
                0x00000000800057b0       0x60 /home/pdourbal/ti/asdk-10.00.00/ti-asdk-bsp/mcu_plus_sdk/am62dx/source/kernel/freertos/lib/freertos.am62dx.a53.gcc-aarch64.release.lib(timers.obj)

.text.prvProcessExpiredTimer
                0x0000000080005810       0x98
 .text.prvProcessExpiredTimer
                0x0000000080005810       0x98 /home/pdourbal/ti/asdk-10.00.00/ti-asdk-bsp/mcu_plus_sdk/am62dx/source/kernel/freertos/lib/freertos.am62dx.a53.gcc-aarch64.release.lib(timers.obj)

.text.prvSwitchTimerLists
                0x00000000800058b0       0x70
 .text.prvSwitchTimerLists
                0x00000000800058b0       0x70 /home/pdourbal/ti/asdk-10.00.00/ti-asdk-bsp/mcu_plus_sdk/am62dx/source/kernel/freertos/lib/freertos.am62dx.a53.gcc-aarch64.release.lib(timers.obj)

.text.prvTimerTask
                0x0000000080005920      0x330
 .text.prvTimerTask
                0x0000000080005920      0x330 /home/pdourbal/ti/asdk-10.00.00/ti-asdk-bsp/mcu_plus_sdk/am62dx/source/kernel/freertos/lib/freertos.am62dx.a53.gcc-aarch64.release.lib(timers.obj)

.text.xTimerCreateTimerTask
                0x0000000080005c50       0xe8
 .text.xTimerCreateTimerTask
                0x0000000080005c50       0xe8 /home/pdourbal/ti/asdk-10.00.00/ti-asdk-bsp/mcu_plus_sdk/am62dx/source/kernel/freertos/lib/freertos.am62dx.a53.gcc-aarch64.release.lib(timers.obj)
                0x0000000080005c50                xTimerCreateTimerTask

.text.prvCopyDataToQueue
                0x0000000080005d40      0x108
 .text.prvCopyDataToQueue
                0x0000000080005d40      0x108 /home/pdourbal/ti/asdk-10.00.00/ti-asdk-bsp/mcu_plus_sdk/am62dx/source/kernel/freertos/lib/freertos.am62dx.a53.gcc-aarch64.release.lib(queue.obj)

.text.prvCopyDataFromQueue
                0x0000000080005e50       0x34
 .text.prvCopyDataFromQueue
                0x0000000080005e50       0x34 /home/pdourbal/ti/asdk-10.00.00/ti-asdk-bsp/mcu_plus_sdk/am62dx/source/kernel/freertos/lib/freertos.am62dx.a53.gcc-aarch64.release.lib(queue.obj)

.text.prvUnlockQueue
                0x0000000080005e90       0xe0
 .text.prvUnlockQueue
                0x0000000080005e90       0xe0 /home/pdourbal/ti/asdk-10.00.00/ti-asdk-bsp/mcu_plus_sdk/am62dx/source/kernel/freertos/lib/freertos.am62dx.a53.gcc-aarch64.release.lib(queue.obj)

.text.xQueueGenericReset
                0x0000000080005f70      0x128
 .text.xQueueGenericReset
                0x0000000080005f70      0x128 /home/pdourbal/ti/asdk-10.00.00/ti-asdk-bsp/mcu_plus_sdk/am62dx/source/kernel/freertos/lib/freertos.am62dx.a53.gcc-aarch64.release.lib(queue.obj)
                0x0000000080005f70                xQueueGenericReset

.text.xQueueGenericCreateStatic
                0x00000000800060a0      0x150
 .text.xQueueGenericCreateStatic
                0x00000000800060a0      0x150 /home/pdourbal/ti/asdk-10.00.00/ti-asdk-bsp/mcu_plus_sdk/am62dx/source/kernel/freertos/lib/freertos.am62dx.a53.gcc-aarch64.release.lib(queue.obj)
                0x00000000800060a0                xQueueGenericCreateStatic

.text.xQueueGenericSend
                0x00000000800061f0      0x290
 .text.xQueueGenericSend
                0x00000000800061f0      0x290 /home/pdourbal/ti/asdk-10.00.00/ti-asdk-bsp/mcu_plus_sdk/am62dx/source/kernel/freertos/lib/freertos.am62dx.a53.gcc-aarch64.release.lib(queue.obj)
                0x00000000800061f0                xQueueGenericSend

.text.xQueueCreateMutexStatic
                0x0000000080006480       0x54
 .text.xQueueCreateMutexStatic
                0x0000000080006480       0x54 /home/pdourbal/ti/asdk-10.00.00/ti-asdk-bsp/mcu_plus_sdk/am62dx/source/kernel/freertos/lib/freertos.am62dx.a53.gcc-aarch64.release.lib(queue.obj)
                0x0000000080006480                xQueueCreateMutexStatic

.text.xQueueGiveMutexRecursive
                0x00000000800064e0       0x98
 .text.xQueueGiveMutexRecursive
                0x00000000800064e0       0x98 /home/pdourbal/ti/asdk-10.00.00/ti-asdk-bsp/mcu_plus_sdk/am62dx/source/kernel/freertos/lib/freertos.am62dx.a53.gcc-aarch64.release.lib(queue.obj)
                0x00000000800064e0                xQueueGiveMutexRecursive

.text.xQueueGiveFromISR
                0x0000000080006580      0x1a8
 .text.xQueueGiveFromISR
                0x0000000080006580      0x1a8 /home/pdourbal/ti/asdk-10.00.00/ti-asdk-bsp/mcu_plus_sdk/am62dx/source/kernel/freertos/lib/freertos.am62dx.a53.gcc-aarch64.release.lib(queue.obj)
                0x0000000080006580                xQueueGiveFromISR

.text.xQueueReceive
                0x0000000080006730      0x220
 .text.xQueueReceive
                0x0000000080006730      0x220 /home/pdourbal/ti/asdk-10.00.00/ti-asdk-bsp/mcu_plus_sdk/am62dx/source/kernel/freertos/lib/freertos.am62dx.a53.gcc-aarch64.release.lib(queue.obj)
                0x0000000080006730                xQueueReceive

.text.xQueueSemaphoreTake
                0x0000000080006950      0x2a8
 .text.xQueueSemaphoreTake
                0x0000000080006950      0x2a8 /home/pdourbal/ti/asdk-10.00.00/ti-asdk-bsp/mcu_plus_sdk/am62dx/source/kernel/freertos/lib/freertos.am62dx.a53.gcc-aarch64.release.lib(queue.obj)
                0x0000000080006950                xQueueSemaphoreTake

.text.xQueueTakeMutexRecursive
                0x0000000080006c00       0xb0
 .text.xQueueTakeMutexRecursive
                0x0000000080006c00       0xb0 /home/pdourbal/ti/asdk-10.00.00/ti-asdk-bsp/mcu_plus_sdk/am62dx/source/kernel/freertos/lib/freertos.am62dx.a53.gcc-aarch64.release.lib(queue.obj)
                0x0000000080006c00                xQueueTakeMutexRecursive

.text.xQueueReceiveFromISR
                0x0000000080006cb0      0x188
 .text.xQueueReceiveFromISR
                0x0000000080006cb0      0x188 /home/pdourbal/ti/asdk-10.00.00/ti-asdk-bsp/mcu_plus_sdk/am62dx/source/kernel/freertos/lib/freertos.am62dx.a53.gcc-aarch64.release.lib(queue.obj)
                0x0000000080006cb0                xQueueReceiveFromISR

.text.vQueueAddToRegistry
                0x0000000080006e40      0x110
 .text.vQueueAddToRegistry
                0x0000000080006e40      0x110 /home/pdourbal/ti/asdk-10.00.00/ti-asdk-bsp/mcu_plus_sdk/am62dx/source/kernel/freertos/lib/freertos.am62dx.a53.gcc-aarch64.release.lib(queue.obj)
                0x0000000080006e40                vQueueAddToRegistry

.text.vQueueUnregisterQueue
                0x0000000080006f50       0xa0
 .text.vQueueUnregisterQueue
                0x0000000080006f50       0xa0 /home/pdourbal/ti/asdk-10.00.00/ti-asdk-bsp/mcu_plus_sdk/am62dx/source/kernel/freertos/lib/freertos.am62dx.a53.gcc-aarch64.release.lib(queue.obj)
                0x0000000080006f50                vQueueUnregisterQueue

.text.vQueueDelete
                0x0000000080006ff0       0x78
 .text.vQueueDelete
                0x0000000080006ff0       0x78 /home/pdourbal/ti/asdk-10.00.00/ti-asdk-bsp/mcu_plus_sdk/am62dx/source/kernel/freertos/lib/freertos.am62dx.a53.gcc-aarch64.release.lib(queue.obj)
                0x0000000080006ff0                vQueueDelete

.text.vQueueWaitForMessageRestricted
                0x0000000080007070       0x8c
 .text.vQueueWaitForMessageRestricted
                0x0000000080007070       0x8c /home/pdourbal/ti/asdk-10.00.00/ti-asdk-bsp/mcu_plus_sdk/am62dx/source/kernel/freertos/lib/freertos.am62dx.a53.gcc-aarch64.release.lib(queue.obj)
                0x0000000080007070                vQueueWaitForMessageRestricted

.text.vListInitialise
                0x0000000080007100       0x18
 .text.vListInitialise
                0x0000000080007100       0x18 /home/pdourbal/ti/asdk-10.00.00/ti-asdk-bsp/mcu_plus_sdk/am62dx/source/kernel/freertos/lib/freertos.am62dx.a53.gcc-aarch64.release.lib(list.obj)
                0x0000000080007100                vListInitialise

.text.vListInitialiseItem
                0x0000000080007120        0x8
 .text.vListInitialiseItem
                0x0000000080007120        0x8 /home/pdourbal/ti/asdk-10.00.00/ti-asdk-bsp/mcu_plus_sdk/am62dx/source/kernel/freertos/lib/freertos.am62dx.a53.gcc-aarch64.release.lib(list.obj)
                0x0000000080007120                vListInitialiseItem

.text.vListInsertEnd
                0x0000000080007130       0x28
 .text.vListInsertEnd
                0x0000000080007130       0x28 /home/pdourbal/ti/asdk-10.00.00/ti-asdk-bsp/mcu_plus_sdk/am62dx/source/kernel/freertos/lib/freertos.am62dx.a53.gcc-aarch64.release.lib(list.obj)
                0x0000000080007130                vListInsertEnd

.text.vListInsert
                0x0000000080007160       0x54
 .text.vListInsert
                0x0000000080007160       0x54 /home/pdourbal/ti/asdk-10.00.00/ti-asdk-bsp/mcu_plus_sdk/am62dx/source/kernel/freertos/lib/freertos.am62dx.a53.gcc-aarch64.release.lib(list.obj)
                0x0000000080007160                vListInsert

.text.uxListRemove
                0x00000000800071c0       0x48
 .text.uxListRemove
                0x00000000800071c0       0x48 /home/pdourbal/ti/asdk-10.00.00/ti-asdk-bsp/mcu_plus_sdk/am62dx/source/kernel/freertos/lib/freertos.am62dx.a53.gcc-aarch64.release.lib(list.obj)
                0x00000000800071c0                uxListRemove

.text.vPortFree
                0x0000000080007210       0x30
 .text.vPortFree
                0x0000000080007210       0x30 /home/pdourbal/ti/asdk-10.00.00/ti-asdk-bsp/mcu_plus_sdk/am62dx/source/kernel/freertos/lib/freertos.am62dx.a53.gcc-aarch64.release.lib(heap_3.obj)
                0x0000000080007210                vPortFree

.text.pxPortInitialiseStack
                0x0000000080007240      0x15c
 .text.pxPortInitialiseStack
                0x0000000080007240      0x15c /home/pdourbal/ti/asdk-10.00.00/ti-asdk-bsp/mcu_plus_sdk/am62dx/source/kernel/freertos/lib/freertos.am62dx.a53.gcc-aarch64.release.lib(port.obj)
                0x0000000080007240                pxPortInitialiseStack

.text.xPortStartScheduler
                0x00000000800073a0       0xa0
 .text.xPortStartScheduler
                0x00000000800073a0       0xa0 /home/pdourbal/ti/asdk-10.00.00/ti-asdk-bsp/mcu_plus_sdk/am62dx/source/kernel/freertos/lib/freertos.am62dx.a53.gcc-aarch64.release.lib(port.obj)
                0x00000000800073a0                xPortStartScheduler

.text.vPortEnterCritical
                0x0000000080007440       0x98
 .text.vPortEnterCritical
                0x0000000080007440       0x98 /home/pdourbal/ti/asdk-10.00.00/ti-asdk-bsp/mcu_plus_sdk/am62dx/source/kernel/freertos/lib/freertos.am62dx.a53.gcc-aarch64.release.lib(port.obj)
                0x0000000080007440                vPortEnterCritical

.text.vPortExitCritical
                0x00000000800074e0       0x38
 .text.vPortExitCritical
                0x00000000800074e0       0x38 /home/pdourbal/ti/asdk-10.00.00/ti-asdk-bsp/mcu_plus_sdk/am62dx/source/kernel/freertos/lib/freertos.am62dx.a53.gcc-aarch64.release.lib(port.obj)
                0x00000000800074e0                vPortExitCritical

.text.vPortTimerTickHandler
                0x0000000080007520       0x60
 .text.vPortTimerTickHandler
                0x0000000080007520       0x60 /home/pdourbal/ti/asdk-10.00.00/ti-asdk-bsp/mcu_plus_sdk/am62dx/source/kernel/freertos/lib/freertos.am62dx.a53.gcc-aarch64.release.lib(port.obj)
                0x0000000080007520                vPortTimerTickHandler

.text.vApplicationStackOverflowHook
                0x0000000080007580       0x48
 .text.vApplicationStackOverflowHook
                0x0000000080007580       0x48 /home/pdourbal/ti/asdk-10.00.00/ti-asdk-bsp/mcu_plus_sdk/am62dx/source/kernel/freertos/lib/freertos.am62dx.a53.gcc-aarch64.release.lib(port.obj)
                0x0000000080007580                vApplicationStackOverflowHook

.text.vApplicationGetIdleTaskMemory
                0x00000000800075d0       0x38
 .text.vApplicationGetIdleTaskMemory
                0x00000000800075d0       0x38 /home/pdourbal/ti/asdk-10.00.00/ti-asdk-bsp/mcu_plus_sdk/am62dx/source/kernel/freertos/lib/freertos.am62dx.a53.gcc-aarch64.release.lib(port.obj)
                0x00000000800075d0                vApplicationGetIdleTaskMemory

.text.vApplicationGetTimerTaskMemory
                0x0000000080007610       0x38
 .text.vApplicationGetTimerTaskMemory
                0x0000000080007610       0x38 /home/pdourbal/ti/asdk-10.00.00/ti-asdk-bsp/mcu_plus_sdk/am62dx/source/kernel/freertos/lib/freertos.am62dx.a53.gcc-aarch64.release.lib(port.obj)
                0x0000000080007610                vApplicationGetTimerTaskMemory

.text.vApplicationIdleHook
                0x0000000080007650       0x18
 .text.vApplicationIdleHook
                0x0000000080007650       0x18 /home/pdourbal/ti/asdk-10.00.00/ti-asdk-bsp/mcu_plus_sdk/am62dx/source/kernel/freertos/lib/freertos.am62dx.a53.gcc-aarch64.release.lib(port.obj)
                0x0000000080007650                vApplicationIdleHook

.text.vPortConfigTimerForRunTimeStats
                0x0000000080007670        0x4
 .text.vPortConfigTimerForRunTimeStats
                0x0000000080007670        0x4 /home/pdourbal/ti/asdk-10.00.00/ti-asdk-bsp/mcu_plus_sdk/am62dx/source/kernel/freertos/lib/freertos.am62dx.a53.gcc-aarch64.release.lib(port.obj)
                0x0000000080007670                vPortConfigTimerForRunTimeStats

.text.uiPortGetRunTimeCounterValue
                0x0000000080007680       0x14
 .text.uiPortGetRunTimeCounterValue
                0x0000000080007680       0x14 /home/pdourbal/ti/asdk-10.00.00/ti-asdk-bsp/mcu_plus_sdk/am62dx/source/kernel/freertos/lib/freertos.am62dx.a53.gcc-aarch64.release.lib(port.obj)
                0x0000000080007680                uiPortGetRunTimeCounterValue

.text.boot      0x0000000080007698      0x2e8
 .text.boot     0x0000000080007698      0x2e8 /home/pdourbal/ti/asdk-10.00.00/ti-asdk-bsp/mcu_plus_sdk/am62dx/source/kernel/freertos/lib/freertos.am62dx.a53.gcc-aarch64.release.lib(boot_armv8_asm.obj)
                0x0000000080007698                _c_int00

.text.csl_startup
                0x0000000080007980       0x38
 .text.csl_startup
                0x0000000080007980       0x38 /home/pdourbal/ti/asdk-10.00.00/ti-asdk-bsp/mcu_plus_sdk/am62dx/source/kernel/freertos/lib/freertos.am62dx.a53.gcc-aarch64.release.lib(HwiP_armv8_asm.obj)
                0x0000000080007980                HwiP_armv8GetGicxAddr

.text.MmuP_isEnabled
                0x00000000800079b8        0xc
 .text.MmuP_isEnabled
                0x00000000800079b8        0xc /home/pdourbal/ti/asdk-10.00.00/ti-asdk-bsp/mcu_plus_sdk/am62dx/source/kernel/freertos/lib/freertos.am62dx.a53.gcc-aarch64.release.lib(MmuP_armv8_asm.obj)
                0x00000000800079b8                MmuP_isEnabled

.text.MmuP_tlbInvAll
                0x00000000800079d0       0x10
 .text.MmuP_tlbInvAll
                0x00000000800079d0       0x10 /home/pdourbal/ti/asdk-10.00.00/ti-asdk-bsp/mcu_plus_sdk/am62dx/source/kernel/freertos/lib/freertos.am62dx.a53.gcc-aarch64.release.lib(MmuP_armv8_asm.obj)
                0x00000000800079d0                MmuP_tlbInvAll

.text.MmuP_enableI
                0x00000000800079e0       0x18
 .text.MmuP_enableI
                0x00000000800079e0       0x18 /home/pdourbal/ti/asdk-10.00.00/ti-asdk-bsp/mcu_plus_sdk/am62dx/source/kernel/freertos/lib/freertos.am62dx.a53.gcc-aarch64.release.lib(MmuP_armv8_asm.obj)
                0x00000000800079e0                MmuP_enableI

.text.MmuP_disableI
                0x00000000800079f8       0x10
 .text.MmuP_disableI
                0x00000000800079f8       0x10 /home/pdourbal/ti/asdk-10.00.00/ti-asdk-bsp/mcu_plus_sdk/am62dx/source/kernel/freertos/lib/freertos.am62dx.a53.gcc-aarch64.release.lib(MmuP_armv8_asm.obj)
                0x00000000800079f8                MmuP_disableI

.text.MmuP_setMAIRAsm
                0x0000000080007a08       0x24
 .text.MmuP_setMAIRAsm
                0x0000000080007a08       0x24 /home/pdourbal/ti/asdk-10.00.00/ti-asdk-bsp/mcu_plus_sdk/am62dx/source/kernel/freertos/lib/freertos.am62dx.a53.gcc-aarch64.release.lib(MmuP_armv8_asm.obj)
                0x0000000080007a08                MmuP_setMAIRAsm

.text.MmuP_setTCR
                0x0000000080007a2c        0x8
 .text.MmuP_setTCR
                0x0000000080007a2c        0x8 /home/pdourbal/ti/asdk-10.00.00/ti-asdk-bsp/mcu_plus_sdk/am62dx/source/kernel/freertos/lib/freertos.am62dx.a53.gcc-aarch64.release.lib(MmuP_armv8_asm.obj)
                0x0000000080007a2c                MmuP_setTCR

.text.MmuP_setTableBase
                0x0000000080007a34        0x8
 .text.MmuP_setTableBase
                0x0000000080007a34        0x8 /home/pdourbal/ti/asdk-10.00.00/ti-asdk-bsp/mcu_plus_sdk/am62dx/source/kernel/freertos/lib/freertos.am62dx.a53.gcc-aarch64.release.lib(MmuP_armv8_asm.obj)
                0x0000000080007a34                MmuP_setTableBase

.text.CacheP_getEnabled
                0x0000000080007a3c       0x30
 .text.CacheP_getEnabled
                0x0000000080007a3c       0x30 /home/pdourbal/ti/asdk-10.00.00/ti-asdk-bsp/mcu_plus_sdk/am62dx/source/kernel/freertos/lib/freertos.am62dx.a53.gcc-aarch64.release.lib(CacheP_armv8_asm.obj)
                0x0000000080007a3c                CacheP_getEnabled

.text.CacheP_disableL1D
                0x0000000080007a70       0x28
 .text.CacheP_disableL1D
                0x0000000080007a70       0x28 /home/pdourbal/ti/asdk-10.00.00/ti-asdk-bsp/mcu_plus_sdk/am62dx/source/kernel/freertos/lib/freertos.am62dx.a53.gcc-aarch64.release.lib(CacheP_armv8_asm.obj)
                0x0000000080007a70                CacheP_disableL1D

.text.CacheP_wait
                0x0000000080007a98        0x8
 .text.CacheP_wait
                0x0000000080007a98        0x8 /home/pdourbal/ti/asdk-10.00.00/ti-asdk-bsp/mcu_plus_sdk/am62dx/source/kernel/freertos/lib/freertos.am62dx.a53.gcc-aarch64.release.lib(CacheP_armv8_asm.obj)
                0x0000000080007a98                CacheP_wait

.text.CacheP_wbInvAll
                0x0000000080007aa0       0x8c
 .text.CacheP_wbInvAll
                0x0000000080007aa0       0x8c /home/pdourbal/ti/asdk-10.00.00/ti-asdk-bsp/mcu_plus_sdk/am62dx/source/kernel/freertos/lib/freertos.am62dx.a53.gcc-aarch64.release.lib(CacheP_armv8_asm.obj)
                0x0000000080007aa0                CacheP_wbInvAll

.text.CacheP_disableL1P
                0x0000000080007b2c       0x1c
 .text.CacheP_disableL1P
                0x0000000080007b2c       0x1c /home/pdourbal/ti/asdk-10.00.00/ti-asdk-bsp/mcu_plus_sdk/am62dx/source/kernel/freertos/lib/freertos.am62dx.a53.gcc-aarch64.release.lib(CacheP_armv8_asm.obj)
                0x0000000080007b2c                CacheP_disableL1P

.text.CacheP_enableL1D
                0x0000000080007b48       0x1c
 .text.CacheP_enableL1D
                0x0000000080007b48       0x1c /home/pdourbal/ti/asdk-10.00.00/ti-asdk-bsp/mcu_plus_sdk/am62dx/source/kernel/freertos/lib/freertos.am62dx.a53.gcc-aarch64.release.lib(CacheP_armv8_asm.obj)
                0x0000000080007b48                CacheP_enableL1D

.text.CacheP_enableL1P
                0x0000000080007b64       0x18
 .text.CacheP_enableL1P
                0x0000000080007b64       0x18 /home/pdourbal/ti/asdk-10.00.00/ti-asdk-bsp/mcu_plus_sdk/am62dx/source/kernel/freertos/lib/freertos.am62dx.a53.gcc-aarch64.release.lib(CacheP_armv8_asm.obj)
                0x0000000080007b64                CacheP_enableL1P

.text.CacheP_invL1p
                0x0000000080007b7c       0x38
 .text.CacheP_invL1p
                0x0000000080007b7c       0x38 /home/pdourbal/ti/asdk-10.00.00/ti-asdk-bsp/mcu_plus_sdk/am62dx/source/kernel/freertos/lib/freertos.am62dx.a53.gcc-aarch64.release.lib(CacheP_armv8_asm.obj)
                0x0000000080007b7c                CacheP_invL1p

.text.CacheP_invL1d
                0x0000000080007bb4       0x34
 .text.CacheP_invL1d
                0x0000000080007bb4       0x34 /home/pdourbal/ti/asdk-10.00.00/ti-asdk-bsp/mcu_plus_sdk/am62dx/source/kernel/freertos/lib/freertos.am62dx.a53.gcc-aarch64.release.lib(CacheP_armv8_asm.obj)
                0x0000000080007bb4                CacheP_invL1d

.text.CacheP_wb
                0x0000000080007be8       0x34
 .text.CacheP_wb
                0x0000000080007be8       0x34 /home/pdourbal/ti/asdk-10.00.00/ti-asdk-bsp/mcu_plus_sdk/am62dx/source/kernel/freertos/lib/freertos.am62dx.a53.gcc-aarch64.release.lib(CacheP_armv8_asm.obj)
                0x0000000080007be8                CacheP_wb

.text.CacheP_disableEL3
                0x0000000080007c1c       0x28
 .text.CacheP_disableEL3
                0x0000000080007c1c       0x28 /home/pdourbal/ti/asdk-10.00.00/ti-asdk-bsp/mcu_plus_sdk/am62dx/source/kernel/freertos/lib/freertos.am62dx.a53.gcc-aarch64.release.lib(CacheP_armv8_asm.obj)
                0x0000000080007c1c                CacheP_disableEL3

.text.HwiP_defaultExcHandler
                0x0000000080007d00      0x130
 .text.HwiP_defaultExcHandler
                0x0000000080007d00      0x130 /home/pdourbal/ti/asdk-10.00.00/ti-asdk-bsp/mcu_plus_sdk/am62dx/source/kernel/freertos/lib/freertos.am62dx.a53.gcc-aarch64.release.lib(portASM.obj)
                0x0000000080007d00                HwiP_defaultExcHandler

.text.__system_start
                0x0000000080007e30       0xd8
 .text.__system_start
                0x0000000080007e30       0xd8 /home/pdourbal/ti/asdk-10.00.00/ti-asdk-bsp/mcu_plus_sdk/am62dx/source/kernel/freertos/lib/freertos.am62dx.a53.gcc-aarch64.release.lib(boot_armv8.obj)
                0x0000000080007e30                __system_start

.text._mysbrk   0x0000000080007f10       0x78
 .text._mysbrk  0x0000000080007f10       0x78 /home/pdourbal/ti/asdk-10.00.00/ti-asdk-bsp/mcu_plus_sdk/am62dx/source/kernel/freertos/lib/freertos.am62dx.a53.gcc-aarch64.release.lib(boot_armv8.obj)
                0x0000000080007f10                _mysbrk

.text._sbrk_r   0x0000000080007f90       0x60
 .text._sbrk_r  0x0000000080007f90       0x60 /home/pdourbal/ti/asdk-10.00.00/ti-asdk-bsp/mcu_plus_sdk/am62dx/source/kernel/freertos/lib/freertos.am62dx.a53.gcc-aarch64.release.lib(boot_armv8.obj)
                0x0000000080007f90                _sbrk_r

.text.TimerP_Params_init
                0x0000000080007ff0       0x24
 .text.TimerP_Params_init
                0x0000000080007ff0       0x24 /home/pdourbal/ti/asdk-10.00.00/ti-asdk-bsp/mcu_plus_sdk/am62dx/source/kernel/freertos/lib/freertos.am62dx.a53.gcc-aarch64.release.lib(TimerP.obj)
                0x0000000080007ff0                TimerP_Params_init

.text.TimerP_setup
                0x0000000080008020      0x310
 .text.TimerP_setup
                0x0000000080008020      0x310 /home/pdourbal/ti/asdk-10.00.00/ti-asdk-bsp/mcu_plus_sdk/am62dx/source/kernel/freertos/lib/freertos.am62dx.a53.gcc-aarch64.release.lib(TimerP.obj)
                0x0000000080008020                TimerP_setup

.text.TimerP_start
                0x0000000080008330       0x2c
 .text.TimerP_start
                0x0000000080008330       0x2c /home/pdourbal/ti/asdk-10.00.00/ti-asdk-bsp/mcu_plus_sdk/am62dx/source/kernel/freertos/lib/freertos.am62dx.a53.gcc-aarch64.release.lib(TimerP.obj)
                0x0000000080008330                TimerP_start

.text.TimerP_getCount
                0x0000000080008360        0xc
 .text.TimerP_getCount
                0x0000000080008360        0xc /home/pdourbal/ti/asdk-10.00.00/ti-asdk-bsp/mcu_plus_sdk/am62dx/source/kernel/freertos/lib/freertos.am62dx.a53.gcc-aarch64.release.lib(TimerP.obj)
                0x0000000080008360                TimerP_getCount

.text.TimerP_getReloadCount
                0x0000000080008370        0xc
 .text.TimerP_getReloadCount
                0x0000000080008370        0xc /home/pdourbal/ti/asdk-10.00.00/ti-asdk-bsp/mcu_plus_sdk/am62dx/source/kernel/freertos/lib/freertos.am62dx.a53.gcc-aarch64.release.lib(TimerP.obj)
                0x0000000080008370                TimerP_getReloadCount

.text.TimerP_clearOverflowInt
                0x0000000080008380       0x1c
 .text.TimerP_clearOverflowInt
                0x0000000080008380       0x1c /home/pdourbal/ti/asdk-10.00.00/ti-asdk-bsp/mcu_plus_sdk/am62dx/source/kernel/freertos/lib/freertos.am62dx.a53.gcc-aarch64.release.lib(TimerP.obj)
                0x0000000080008380                TimerP_clearOverflowInt

.text._out_null
                0x00000000800083a0        0x4
 .text._out_null
                0x00000000800083a0        0x4 /home/pdourbal/ti/asdk-10.00.00/ti-asdk-bsp/mcu_plus_sdk/am62dx/source/kernel/freertos/lib/freertos.am62dx.a53.gcc-aarch64.release.lib(printf.obj)

.text._out_rev  0x00000000800083b0      0x13c
 .text._out_rev
                0x00000000800083b0      0x13c /home/pdourbal/ti/asdk-10.00.00/ti-asdk-bsp/mcu_plus_sdk/am62dx/source/kernel/freertos/lib/freertos.am62dx.a53.gcc-aarch64.release.lib(printf.obj)

.text._ntoa_format
                0x00000000800084f0      0x264
 .text._ntoa_format
                0x00000000800084f0      0x264 /home/pdourbal/ti/asdk-10.00.00/ti-asdk-bsp/mcu_plus_sdk/am62dx/source/kernel/freertos/lib/freertos.am62dx.a53.gcc-aarch64.release.lib(printf.obj)

.text._ntoa_long
                0x0000000080008760       0xd8
 .text._ntoa_long
                0x0000000080008760       0xd8 /home/pdourbal/ti/asdk-10.00.00/ti-asdk-bsp/mcu_plus_sdk/am62dx/source/kernel/freertos/lib/freertos.am62dx.a53.gcc-aarch64.release.lib(printf.obj)

.text._ntoa_long_long
                0x0000000080008840       0xd8
 .text._ntoa_long_long
                0x0000000080008840       0xd8 /home/pdourbal/ti/asdk-10.00.00/ti-asdk-bsp/mcu_plus_sdk/am62dx/source/kernel/freertos/lib/freertos.am62dx.a53.gcc-aarch64.release.lib(printf.obj)

.text._out_char
                0x0000000080008920       0x10
 .text._out_char
                0x0000000080008920       0x10 /home/pdourbal/ti/asdk-10.00.00/ti-asdk-bsp/mcu_plus_sdk/am62dx/source/kernel/freertos/lib/freertos.am62dx.a53.gcc-aarch64.release.lib(printf.obj)

.text._ftoa     0x0000000080008930      0x410
 .text._ftoa    0x0000000080008930      0x410 /home/pdourbal/ti/asdk-10.00.00/ti-asdk-bsp/mcu_plus_sdk/am62dx/source/kernel/freertos/lib/freertos.am62dx.a53.gcc-aarch64.release.lib(printf.obj)

.text._etoa     0x0000000080008d40      0x3c0
 .text._etoa    0x0000000080008d40      0x3c0 /home/pdourbal/ti/asdk-10.00.00/ti-asdk-bsp/mcu_plus_sdk/am62dx/source/kernel/freertos/lib/freertos.am62dx.a53.gcc-aarch64.release.lib(printf.obj)

.text._vsnprintf
                0x0000000080009100      0xd70
 .text._vsnprintf
                0x0000000080009100      0xd70 /home/pdourbal/ti/asdk-10.00.00/ti-asdk-bsp/mcu_plus_sdk/am62dx/source/kernel/freertos/lib/freertos.am62dx.a53.gcc-aarch64.release.lib(printf.obj)

.text.vprintf_  0x0000000080009e70       0x48
 .text.vprintf_
                0x0000000080009e70       0x48 /home/pdourbal/ti/asdk-10.00.00/ti-asdk-bsp/mcu_plus_sdk/am62dx/source/kernel/freertos/lib/freertos.am62dx.a53.gcc-aarch64.release.lib(printf.obj)
                0x0000000080009e70                vprintf_

.text.SemaphoreP_constructBinary
                0x0000000080009ec0       0xe0
 .text.SemaphoreP_constructBinary
                0x0000000080009ec0       0xe0 /home/pdourbal/ti/asdk-10.00.00/ti-asdk-bsp/mcu_plus_sdk/am62dx/source/kernel/freertos/lib/freertos.am62dx.a53.gcc-aarch64.release.lib(SemaphoreP_freertos.obj)
                0x0000000080009ec0                SemaphoreP_constructBinary

.text.SemaphoreP_constructMutex
                0x0000000080009fa0       0x98
 .text.SemaphoreP_constructMutex
                0x0000000080009fa0       0x98 /home/pdourbal/ti/asdk-10.00.00/ti-asdk-bsp/mcu_plus_sdk/am62dx/source/kernel/freertos/lib/freertos.am62dx.a53.gcc-aarch64.release.lib(SemaphoreP_freertos.obj)
                0x0000000080009fa0                SemaphoreP_constructMutex

.text.SemaphoreP_destruct
                0x000000008000a040        0x8
 .text.SemaphoreP_destruct
                0x000000008000a040        0x8 /home/pdourbal/ti/asdk-10.00.00/ti-asdk-bsp/mcu_plus_sdk/am62dx/source/kernel/freertos/lib/freertos.am62dx.a53.gcc-aarch64.release.lib(SemaphoreP_freertos.obj)
                0x000000008000a040                SemaphoreP_destruct

.text.SemaphoreP_pend
                0x000000008000a050       0xa8
 .text.SemaphoreP_pend
                0x000000008000a050       0xa8 /home/pdourbal/ti/asdk-10.00.00/ti-asdk-bsp/mcu_plus_sdk/am62dx/source/kernel/freertos/lib/freertos.am62dx.a53.gcc-aarch64.release.lib(SemaphoreP_freertos.obj)
                0x000000008000a050                SemaphoreP_pend

.text.SemaphoreP_post
                0x000000008000a100       0xb0
 .text.SemaphoreP_post
                0x000000008000a100       0xb0 /home/pdourbal/ti/asdk-10.00.00/ti-asdk-bsp/mcu_plus_sdk/am62dx/source/kernel/freertos/lib/freertos.am62dx.a53.gcc-aarch64.release.lib(SemaphoreP_freertos.obj)
                0x000000008000a100                SemaphoreP_post

.text.TaskP_yield
                0x000000008000a1b0        0x8
 .text.TaskP_yield
                0x000000008000a1b0        0x8 /home/pdourbal/ti/asdk-10.00.00/ti-asdk-bsp/mcu_plus_sdk/am62dx/source/kernel/freertos/lib/freertos.am62dx.a53.gcc-aarch64.release.lib(TaskP_freertos.obj)
                0x000000008000a1b0                TaskP_yield

.text.TaskP_loadUpdateAll
                0x000000008000a1c0      0x108
 .text.TaskP_loadUpdateAll
                0x000000008000a1c0      0x108 /home/pdourbal/ti/asdk-10.00.00/ti-asdk-bsp/mcu_plus_sdk/am62dx/source/kernel/freertos/lib/freertos.am62dx.a53.gcc-aarch64.release.lib(TaskP_freertos.obj)
                0x000000008000a1c0                TaskP_loadUpdateAll

.text.vApplicationLoadHook
                0x000000008000a2d0       0x68
 .text.vApplicationLoadHook
                0x000000008000a2d0       0x68 /home/pdourbal/ti/asdk-10.00.00/ti-asdk-bsp/mcu_plus_sdk/am62dx/source/kernel/freertos/lib/freertos.am62dx.a53.gcc-aarch64.release.lib(TaskP_freertos.obj)
                0x000000008000a2d0                vApplicationLoadHook

.text.Pinmux_unlockMMR
                0x000000008000a340       0x64
 .text.Pinmux_unlockMMR
                0x000000008000a340       0x64 /home/pdourbal/ti/asdk-10.00.00/ti-asdk-bsp/mcu_plus_sdk/am62dx/source/drivers/lib/drivers.am62dx.a53.gcc-aarch64.release.lib(pinmux.obj)
                0x000000008000a340                Pinmux_unlockMMR

.text.Pinmux_config
                0x000000008000a3b0       0x7c
 .text.Pinmux_config
                0x000000008000a3b0       0x7c /home/pdourbal/ti/asdk-10.00.00/ti-asdk-bsp/mcu_plus_sdk/am62dx/source/drivers/lib/drivers.am62dx.a53.gcc-aarch64.release.lib(pinmux.obj)
                0x000000008000a3b0                Pinmux_config

.text.Sciclient_sendMessage
                0x000000008000a430      0x1d0
 .text.Sciclient_sendMessage
                0x000000008000a430      0x1d0 /home/pdourbal/ti/asdk-10.00.00/ti-asdk-bsp/mcu_plus_sdk/am62dx/source/drivers/lib/drivers.am62dx.a53.gcc-aarch64.release.lib(sciclient.obj)

.text.Sciclient_init
                0x000000008000a600       0xe0
 .text.Sciclient_init
                0x000000008000a600       0xe0 /home/pdourbal/ti/asdk-10.00.00/ti-asdk-bsp/mcu_plus_sdk/am62dx/source/drivers/lib/drivers.am62dx.a53.gcc-aarch64.release.lib(sciclient.obj)
                0x000000008000a600                Sciclient_init

.text.Sciclient_getCurrentContext
                0x000000008000a6e0       0xa0
 .text.Sciclient_getCurrentContext
                0x000000008000a6e0       0xa0 /home/pdourbal/ti/asdk-10.00.00/ti-asdk-bsp/mcu_plus_sdk/am62dx/source/drivers/lib/drivers.am62dx.a53.gcc-aarch64.release.lib(sciclient.obj)
                0x000000008000a6e0                Sciclient_getCurrentContext

.text.Sciclient_service
                0x000000008000a780      0x630
 .text.Sciclient_service
                0x000000008000a780      0x630 /home/pdourbal/ti/asdk-10.00.00/ti-asdk-bsp/mcu_plus_sdk/am62dx/source/drivers/lib/drivers.am62dx.a53.gcc-aarch64.release.lib(sciclient.obj)
                0x000000008000a780                Sciclient_service

.text.Sciclient_getSelfDevIdCore
                0x000000008000adb0       0x18
 .text.Sciclient_getSelfDevIdCore
                0x000000008000adb0       0x18 /home/pdourbal/ti/asdk-10.00.00/ti-asdk-bsp/mcu_plus_sdk/am62dx/source/drivers/lib/drivers.am62dx.a53.gcc-aarch64.release.lib(sciclient.obj)
                0x000000008000adb0                Sciclient_getSelfDevIdCore

.text.Sciclient_getContext
                0x000000008000add0       0x48
 .text.Sciclient_getContext
                0x000000008000add0       0x48 /home/pdourbal/ti/asdk-10.00.00/ti-asdk-bsp/mcu_plus_sdk/am62dx/source/drivers/lib/drivers.am62dx.a53.gcc-aarch64.release.lib(sciclient_soc_priv.obj)
                0x000000008000add0                Sciclient_getContext

.text.Sciclient_getDevId
                0x000000008000ae20       0x28
 .text.Sciclient_getDevId
                0x000000008000ae20       0x28 /home/pdourbal/ti/asdk-10.00.00/ti-asdk-bsp/mcu_plus_sdk/am62dx/source/drivers/lib/drivers.am62dx.a53.gcc-aarch64.release.lib(sciclient_soc_priv.obj)
                0x000000008000ae20                Sciclient_getDevId

.text.SOC_controlModuleUnlockMMR.part.0
                0x000000008000ae50       0x48
 .text.SOC_controlModuleUnlockMMR.part.0
                0x000000008000ae50       0x48 /home/pdourbal/ti/asdk-10.00.00/ti-asdk-bsp/mcu_plus_sdk/am62dx/source/drivers/lib/drivers.am62dx.a53.gcc-aarch64.release.lib(soc.obj)

.text.SOC_moduleClockEnable
                0x000000008000aea0       0xac
 .text.SOC_moduleClockEnable
                0x000000008000aea0       0xac /home/pdourbal/ti/asdk-10.00.00/ti-asdk-bsp/mcu_plus_sdk/am62dx/source/drivers/lib/drivers.am62dx.a53.gcc-aarch64.release.lib(soc.obj)
                0x000000008000aea0                SOC_moduleClockEnable

.text.SOC_moduleSetClockFrequency
                0x000000008000af50      0x208
 .text.SOC_moduleSetClockFrequency
                0x000000008000af50      0x208 /home/pdourbal/ti/asdk-10.00.00/ti-asdk-bsp/mcu_plus_sdk/am62dx/source/drivers/lib/drivers.am62dx.a53.gcc-aarch64.release.lib(soc.obj)
                0x000000008000af50                SOC_moduleSetClockFrequency

.text.SOC_getSelfCpuClk
                0x000000008000b160       0x2c
 .text.SOC_getSelfCpuClk
                0x000000008000b160       0x2c /home/pdourbal/ti/asdk-10.00.00/ti-asdk-bsp/mcu_plus_sdk/am62dx/source/drivers/lib/drivers.am62dx.a53.gcc-aarch64.release.lib(soc.obj)
                0x000000008000b160                SOC_getSelfCpuClk

.text.SOC_controlModuleLockMMR
                0x000000008000b190       0x9c
 .text.SOC_controlModuleLockMMR
                0x000000008000b190       0x9c /home/pdourbal/ti/asdk-10.00.00/ti-asdk-bsp/mcu_plus_sdk/am62dx/source/drivers/lib/drivers.am62dx.a53.gcc-aarch64.release.lib(soc.obj)
                0x000000008000b190                SOC_controlModuleLockMMR

.text.SOC_controlModuleUnlockMMR
                0x000000008000b230       0x80
 .text.SOC_controlModuleUnlockMMR
                0x000000008000b230       0x80 /home/pdourbal/ti/asdk-10.00.00/ti-asdk-bsp/mcu_plus_sdk/am62dx/source/drivers/lib/drivers.am62dx.a53.gcc-aarch64.release.lib(soc.obj)
                0x000000008000b230                SOC_controlModuleUnlockMMR

.text.UART_divisorLatchWrite
                0x000000008000b2b0      0x148
 .text.UART_divisorLatchWrite
                0x000000008000b2b0      0x148 /home/pdourbal/ti/asdk-10.00.00/ti-asdk-bsp/mcu_plus_sdk/am62dx/source/drivers/lib/drivers.am62dx.a53.gcc-aarch64.release.lib(uart_v0.obj)

.text.UART_fifoConfig
                0x000000008000b400      0x250
 .text.UART_fifoConfig
                0x000000008000b400      0x250 /home/pdourbal/ti/asdk-10.00.00/ti-asdk-bsp/mcu_plus_sdk/am62dx/source/drivers/lib/drivers.am62dx.a53.gcc-aarch64.release.lib(uart_v0.obj)

.text.UART_flushTxFifo.part.0
                0x000000008000b650      0x110
 .text.UART_flushTxFifo.part.0
                0x000000008000b650      0x110 /home/pdourbal/ti/asdk-10.00.00/ti-asdk-bsp/mcu_plus_sdk/am62dx/source/drivers/lib/drivers.am62dx.a53.gcc-aarch64.release.lib(uart_v0.obj)

.text.UART_masterIsr
                0x000000008000b760      0x5d8
 .text.UART_masterIsr
                0x000000008000b760      0x5d8 /home/pdourbal/ti/asdk-10.00.00/ti-asdk-bsp/mcu_plus_sdk/am62dx/source/drivers/lib/drivers.am62dx.a53.gcc-aarch64.release.lib(uart_v0.obj)

.text.UART_writeCancelNoCB.isra.0
                0x000000008000bd40       0xe4
 .text.UART_writeCancelNoCB.isra.0
                0x000000008000bd40       0xe4 /home/pdourbal/ti/asdk-10.00.00/ti-asdk-bsp/mcu_plus_sdk/am62dx/source/drivers/lib/drivers.am62dx.a53.gcc-aarch64.release.lib(uart_v0.obj)

.text.UART_init
                0x000000008000be30      0x120
 .text.UART_init
                0x000000008000be30      0x120 /home/pdourbal/ti/asdk-10.00.00/ti-asdk-bsp/mcu_plus_sdk/am62dx/source/drivers/lib/drivers.am62dx.a53.gcc-aarch64.release.lib(uart_v0.obj)
                0x000000008000be30                UART_init

.text.UART_getHandle
                0x000000008000bf50       0x60
 .text.UART_getHandle
                0x000000008000bf50       0x60 /home/pdourbal/ti/asdk-10.00.00/ti-asdk-bsp/mcu_plus_sdk/am62dx/source/drivers/lib/drivers.am62dx.a53.gcc-aarch64.release.lib(uart_v0.obj)
                0x000000008000bf50                UART_getHandle

.text.UART_close
                0x000000008000bfb0      0x1e8
 .text.UART_close
                0x000000008000bfb0      0x1e8 /home/pdourbal/ti/asdk-10.00.00/ti-asdk-bsp/mcu_plus_sdk/am62dx/source/drivers/lib/drivers.am62dx.a53.gcc-aarch64.release.lib(uart_v0.obj)
                0x000000008000bfb0                UART_close

.text.UART_open
                0x000000008000c1a0      0x680
 .text.UART_open
                0x000000008000c1a0      0x680 /home/pdourbal/ti/asdk-10.00.00/ti-asdk-bsp/mcu_plus_sdk/am62dx/source/drivers/lib/drivers.am62dx.a53.gcc-aarch64.release.lib(uart_v0.obj)
                0x000000008000c1a0                UART_open

.text.UART_write
                0x000000008000c820      0x350
 .text.UART_write
                0x000000008000c820      0x350 /home/pdourbal/ti/asdk-10.00.00/ti-asdk-bsp/mcu_plus_sdk/am62dx/source/drivers/lib/drivers.am62dx.a53.gcc-aarch64.release.lib(uart_v0.obj)
                0x000000008000c820                UART_write

.text.UART_dmaOpen
                0x000000008000cb70       0x88
 .text.UART_dmaOpen
                0x000000008000cb70       0x88 /home/pdourbal/ti/asdk-10.00.00/ti-asdk-bsp/mcu_plus_sdk/am62dx/source/drivers/lib/drivers.am62dx.a53.gcc-aarch64.release.lib(uart_dma.obj)
                0x000000008000cb70                UART_dmaOpen

.text.UART_dmaClose
                0x000000008000cc00       0x98
 .text.UART_dmaClose
                0x000000008000cc00       0x98 /home/pdourbal/ti/asdk-10.00.00/ti-asdk-bsp/mcu_plus_sdk/am62dx/source/drivers/lib/drivers.am62dx.a53.gcc-aarch64.release.lib(uart_dma.obj)
                0x000000008000cc00                UART_dmaClose

.text.UART_dmaDisableChannel
                0x000000008000cca0       0xa0
 .text.UART_dmaDisableChannel
                0x000000008000cca0       0xa0 /home/pdourbal/ti/asdk-10.00.00/ti-asdk-bsp/mcu_plus_sdk/am62dx/source/drivers/lib/drivers.am62dx.a53.gcc-aarch64.release.lib(uart_dma.obj)
                0x000000008000cca0                UART_dmaDisableChannel

.text.UART_writeInterruptDma
                0x000000008000cd40       0x30
 .text.UART_writeInterruptDma
                0x000000008000cd40       0x30 /home/pdourbal/ti/asdk-10.00.00/ti-asdk-bsp/mcu_plus_sdk/am62dx/source/drivers/lib/drivers.am62dx.a53.gcc-aarch64.release.lib(uart_dma.obj)
                0x000000008000cd40                UART_writeInterruptDma

.text.Udma_init
                0x000000008000cd70      0x134
 .text.Udma_init
                0x000000008000cd70      0x134 /home/pdourbal/ti/asdk-10.00.00/ti-asdk-bsp/mcu_plus_sdk/am62dx/source/drivers/lib/drivers.am62dx.a53.gcc-aarch64.release.lib(udma.obj)
                0x000000008000cd70                Udma_init

.text.Udma_chFreeResource
                0x000000008000ceb0      0x15c
 .text.Udma_chFreeResource
                0x000000008000ceb0      0x15c /home/pdourbal/ti/asdk-10.00.00/ti-asdk-bsp/mcu_plus_sdk/am62dx/source/drivers/lib/drivers.am62dx.a53.gcc-aarch64.release.lib(udma_ch.obj)

.text.Udma_chClose
                0x000000008000d010       0xf0
 .text.Udma_chClose
                0x000000008000d010       0xf0 /home/pdourbal/ti/asdk-10.00.00/ti-asdk-bsp/mcu_plus_sdk/am62dx/source/drivers/lib/drivers.am62dx.a53.gcc-aarch64.release.lib(udma_ch.obj)
                0x000000008000d010                Udma_chClose

.text.Udma_chConfigTx
                0x000000008000d100      0x190
 .text.Udma_chConfigTx
                0x000000008000d100      0x190 /home/pdourbal/ti/asdk-10.00.00/ti-asdk-bsp/mcu_plus_sdk/am62dx/source/drivers/lib/drivers.am62dx.a53.gcc-aarch64.release.lib(udma_ch.obj)
                0x000000008000d100                Udma_chConfigTx

.text.Udma_chConfigRx
                0x000000008000d290      0x1d8
 .text.Udma_chConfigRx
                0x000000008000d290      0x1d8 /home/pdourbal/ti/asdk-10.00.00/ti-asdk-bsp/mcu_plus_sdk/am62dx/source/drivers/lib/drivers.am62dx.a53.gcc-aarch64.release.lib(udma_ch.obj)
                0x000000008000d290                Udma_chConfigRx

.text.Udma_chEnable
                0x000000008000d470      0x180
 .text.Udma_chEnable
                0x000000008000d470      0x180 /home/pdourbal/ti/asdk-10.00.00/ti-asdk-bsp/mcu_plus_sdk/am62dx/source/drivers/lib/drivers.am62dx.a53.gcc-aarch64.release.lib(udma_ch.obj)
                0x000000008000d470                Udma_chEnable

.text.Udma_chDisable
                0x000000008000d5f0      0x8ec
 .text.Udma_chDisable
                0x000000008000d5f0      0x8ec /home/pdourbal/ti/asdk-10.00.00/ti-asdk-bsp/mcu_plus_sdk/am62dx/source/drivers/lib/drivers.am62dx.a53.gcc-aarch64.release.lib(udma_ch.obj)
                0x000000008000d5f0                Udma_chDisable

.text.Udma_chGetFqRingHandle
                0x000000008000dee0       0x48
 .text.Udma_chGetFqRingHandle
                0x000000008000dee0       0x48 /home/pdourbal/ti/asdk-10.00.00/ti-asdk-bsp/mcu_plus_sdk/am62dx/source/drivers/lib/drivers.am62dx.a53.gcc-aarch64.release.lib(udma_ch.obj)
                0x000000008000dee0                Udma_chGetFqRingHandle

.text.Udma_chGetCqRingHandle
                0x000000008000df30       0x48
 .text.Udma_chGetCqRingHandle
                0x000000008000df30       0x48 /home/pdourbal/ti/asdk-10.00.00/ti-asdk-bsp/mcu_plus_sdk/am62dx/source/drivers/lib/drivers.am62dx.a53.gcc-aarch64.release.lib(udma_ch.obj)
                0x000000008000df30                Udma_chGetCqRingHandle

.text.Udma_chGetCqRingNum
                0x000000008000df80       0x50
 .text.Udma_chGetCqRingNum
                0x000000008000df80       0x50 /home/pdourbal/ti/asdk-10.00.00/ti-asdk-bsp/mcu_plus_sdk/am62dx/source/drivers/lib/drivers.am62dx.a53.gcc-aarch64.release.lib(udma_ch.obj)
                0x000000008000df80                Udma_chGetCqRingNum

.text.UdmaChPrms_init
                0x000000008000dfd0       0x6c
 .text.UdmaChPrms_init
                0x000000008000dfd0       0x6c /home/pdourbal/ti/asdk-10.00.00/ti-asdk-bsp/mcu_plus_sdk/am62dx/source/drivers/lib/drivers.am62dx.a53.gcc-aarch64.release.lib(udma_ch.obj)
                0x000000008000dfd0                UdmaChPrms_init

.text.UdmaChTxPrms_init
                0x000000008000e040       0x70
 .text.UdmaChTxPrms_init
                0x000000008000e040       0x70 /home/pdourbal/ti/asdk-10.00.00/ti-asdk-bsp/mcu_plus_sdk/am62dx/source/drivers/lib/drivers.am62dx.a53.gcc-aarch64.release.lib(udma_ch.obj)
                0x000000008000e040                UdmaChTxPrms_init

.text.UdmaChRxPrms_init
                0x000000008000e0b0       0x4c
 .text.UdmaChRxPrms_init
                0x000000008000e0b0       0x4c /home/pdourbal/ti/asdk-10.00.00/ti-asdk-bsp/mcu_plus_sdk/am62dx/source/drivers/lib/drivers.am62dx.a53.gcc-aarch64.release.lib(udma_ch.obj)
                0x000000008000e0b0                UdmaChRxPrms_init

.text.Udma_chOpen
                0x000000008000e100      0x670
 .text.Udma_chOpen
                0x000000008000e100      0x670 /home/pdourbal/ti/asdk-10.00.00/ti-asdk-bsp/mcu_plus_sdk/am62dx/source/drivers/lib/drivers.am62dx.a53.gcc-aarch64.release.lib(udma_ch.obj)
                0x000000008000e100                Udma_chOpen

.text.Udma_eventIsrFxn
                0x000000008000e770       0xec
 .text.Udma_eventIsrFxn
                0x000000008000e770       0xec /home/pdourbal/ti/asdk-10.00.00/ti-asdk-bsp/mcu_plus_sdk/am62dx/source/drivers/lib/drivers.am62dx.a53.gcc-aarch64.release.lib(udma_event.obj)

.text.Udma_eventFreeResource
                0x000000008000e860       0xf0
 .text.Udma_eventFreeResource
                0x000000008000e860       0xf0 /home/pdourbal/ti/asdk-10.00.00/ti-asdk-bsp/mcu_plus_sdk/am62dx/source/drivers/lib/drivers.am62dx.a53.gcc-aarch64.release.lib(udma_event.obj)

.text.Udma_eventRegister
                0x000000008000e950      0x650
 .text.Udma_eventRegister
                0x000000008000e950      0x650 /home/pdourbal/ti/asdk-10.00.00/ti-asdk-bsp/mcu_plus_sdk/am62dx/source/drivers/lib/drivers.am62dx.a53.gcc-aarch64.release.lib(udma_event.obj)
                0x000000008000e950                Udma_eventRegister

.text.Udma_eventUnRegister
                0x000000008000efa0      0x35c
 .text.Udma_eventUnRegister
                0x000000008000efa0      0x35c /home/pdourbal/ti/asdk-10.00.00/ti-asdk-bsp/mcu_plus_sdk/am62dx/source/drivers/lib/drivers.am62dx.a53.gcc-aarch64.release.lib(udma_event.obj)
                0x000000008000efa0                Udma_eventUnRegister

.text.UdmaEventPrms_init
                0x000000008000f300       0x3c
 .text.UdmaEventPrms_init
                0x000000008000f300       0x3c /home/pdourbal/ti/asdk-10.00.00/ti-asdk-bsp/mcu_plus_sdk/am62dx/source/drivers/lib/drivers.am62dx.a53.gcc-aarch64.release.lib(udma_event.obj)
                0x000000008000f300                UdmaEventPrms_init

.text.Udma_flowConfig
                0x000000008000f340      0x1a8
 .text.Udma_flowConfig
                0x000000008000f340      0x1a8 /home/pdourbal/ti/asdk-10.00.00/ti-asdk-bsp/mcu_plus_sdk/am62dx/source/drivers/lib/drivers.am62dx.a53.gcc-aarch64.release.lib(udma_flow.obj)
                0x000000008000f340                Udma_flowConfig

.text.UdmaFlowPrms_init
                0x000000008000f4f0       0x48
 .text.UdmaFlowPrms_init
                0x000000008000f4f0       0x48 /home/pdourbal/ti/asdk-10.00.00/ti-asdk-bsp/mcu_plus_sdk/am62dx/source/drivers/lib/drivers.am62dx.a53.gcc-aarch64.release.lib(udma_flow.obj)
                0x000000008000f4f0                UdmaFlowPrms_init

.text.Udma_ringAlloc
                0x000000008000f540      0x2d4
 .text.Udma_ringAlloc
                0x000000008000f540      0x2d4 /home/pdourbal/ti/asdk-10.00.00/ti-asdk-bsp/mcu_plus_sdk/am62dx/source/drivers/lib/drivers.am62dx.a53.gcc-aarch64.release.lib(udma_ring_common.obj)
                0x000000008000f540                Udma_ringAlloc

.text.Udma_ringFree
                0x000000008000f820       0xac
 .text.Udma_ringFree
                0x000000008000f820       0xac /home/pdourbal/ti/asdk-10.00.00/ti-asdk-bsp/mcu_plus_sdk/am62dx/source/drivers/lib/drivers.am62dx.a53.gcc-aarch64.release.lib(udma_ring_common.obj)
                0x000000008000f820                Udma_ringFree

.text.Udma_ringQueueRaw
                0x000000008000f8d0       0xb8
 .text.Udma_ringQueueRaw
                0x000000008000f8d0       0xb8 /home/pdourbal/ti/asdk-10.00.00/ti-asdk-bsp/mcu_plus_sdk/am62dx/source/drivers/lib/drivers.am62dx.a53.gcc-aarch64.release.lib(udma_ring_common.obj)
                0x000000008000f8d0                Udma_ringQueueRaw

.text.Udma_ringDequeueRaw
                0x000000008000f990       0xb8
 .text.Udma_ringDequeueRaw
                0x000000008000f990       0xb8 /home/pdourbal/ti/asdk-10.00.00/ti-asdk-bsp/mcu_plus_sdk/am62dx/source/drivers/lib/drivers.am62dx.a53.gcc-aarch64.release.lib(udma_ring_common.obj)
                0x000000008000f990                Udma_ringDequeueRaw

.text.Udma_ringFlushRaw
                0x000000008000fa50       0x6c
 .text.Udma_ringFlushRaw
                0x000000008000fa50       0x6c /home/pdourbal/ti/asdk-10.00.00/ti-asdk-bsp/mcu_plus_sdk/am62dx/source/drivers/lib/drivers.am62dx.a53.gcc-aarch64.release.lib(udma_ring_common.obj)
                0x000000008000fa50                Udma_ringFlushRaw

.text.Udma_ringGetNum
                0x000000008000fac0       0x34
 .text.Udma_ringGetNum
                0x000000008000fac0       0x34 /home/pdourbal/ti/asdk-10.00.00/ti-asdk-bsp/mcu_plus_sdk/am62dx/source/drivers/lib/drivers.am62dx.a53.gcc-aarch64.release.lib(udma_ring_common.obj)
                0x000000008000fac0                Udma_ringGetNum

.text.Udma_ringGetForwardRingOcc
                0x000000008000fb00       0x10
 .text.Udma_ringGetForwardRingOcc
                0x000000008000fb00       0x10 /home/pdourbal/ti/asdk-10.00.00/ti-asdk-bsp/mcu_plus_sdk/am62dx/source/drivers/lib/drivers.am62dx.a53.gcc-aarch64.release.lib(udma_ring_common.obj)
                0x000000008000fb00                Udma_ringGetForwardRingOcc

.text.Udma_ringGetReverseRingOcc
                0x000000008000fb10       0x10
 .text.Udma_ringGetReverseRingOcc
                0x000000008000fb10       0x10 /home/pdourbal/ti/asdk-10.00.00/ti-asdk-bsp/mcu_plus_sdk/am62dx/source/drivers/lib/drivers.am62dx.a53.gcc-aarch64.release.lib(udma_ring_common.obj)
                0x000000008000fb10                Udma_ringGetReverseRingOcc

.text.UdmaRingPrms_init
                0x000000008000fb20       0x40
 .text.UdmaRingPrms_init
                0x000000008000fb20       0x40 /home/pdourbal/ti/asdk-10.00.00/ti-asdk-bsp/mcu_plus_sdk/am62dx/source/drivers/lib/drivers.am62dx.a53.gcc-aarch64.release.lib(udma_ring_common.obj)
                0x000000008000fb20                UdmaRingPrms_init

.text.Udma_rmInit
                0x000000008000fb60      0x408
 .text.Udma_rmInit
                0x000000008000fb60      0x408 /home/pdourbal/ti/asdk-10.00.00/ti-asdk-bsp/mcu_plus_sdk/am62dx/source/drivers/lib/drivers.am62dx.a53.gcc-aarch64.release.lib(udma_rm.obj)
                0x000000008000fb60                Udma_rmInit

.text.Udma_rmAllocBlkCopyCh
                0x000000008000ff70      0x164
 .text.Udma_rmAllocBlkCopyCh
                0x000000008000ff70      0x164 /home/pdourbal/ti/asdk-10.00.00/ti-asdk-bsp/mcu_plus_sdk/am62dx/source/drivers/lib/drivers.am62dx.a53.gcc-aarch64.release.lib(udma_rm.obj)
                0x000000008000ff70                Udma_rmAllocBlkCopyCh

.text.Udma_rmFreeBlkCopyCh
                0x00000000800100e0       0x60
 .text.Udma_rmFreeBlkCopyCh
                0x00000000800100e0       0x60 /home/pdourbal/ti/asdk-10.00.00/ti-asdk-bsp/mcu_plus_sdk/am62dx/source/drivers/lib/drivers.am62dx.a53.gcc-aarch64.release.lib(udma_rm.obj)
                0x00000000800100e0                Udma_rmFreeBlkCopyCh

.text.Udma_rmAllocBlkCopyHcCh
                0x0000000080010140      0x164
 .text.Udma_rmAllocBlkCopyHcCh
                0x0000000080010140      0x164 /home/pdourbal/ti/asdk-10.00.00/ti-asdk-bsp/mcu_plus_sdk/am62dx/source/drivers/lib/drivers.am62dx.a53.gcc-aarch64.release.lib(udma_rm.obj)
                0x0000000080010140                Udma_rmAllocBlkCopyHcCh

.text.Udma_rmFreeBlkCopyHcCh
                0x00000000800102b0       0x60
 .text.Udma_rmFreeBlkCopyHcCh
                0x00000000800102b0       0x60 /home/pdourbal/ti/asdk-10.00.00/ti-asdk-bsp/mcu_plus_sdk/am62dx/source/drivers/lib/drivers.am62dx.a53.gcc-aarch64.release.lib(udma_rm.obj)
                0x00000000800102b0                Udma_rmFreeBlkCopyHcCh

.text.Udma_rmAllocBlkCopyUhcCh
                0x0000000080010310      0x15c
 .text.Udma_rmAllocBlkCopyUhcCh
                0x0000000080010310      0x15c /home/pdourbal/ti/asdk-10.00.00/ti-asdk-bsp/mcu_plus_sdk/am62dx/source/drivers/lib/drivers.am62dx.a53.gcc-aarch64.release.lib(udma_rm.obj)
                0x0000000080010310                Udma_rmAllocBlkCopyUhcCh

.text.Udma_rmFreeBlkCopyUhcCh
                0x0000000080010470       0x60
 .text.Udma_rmFreeBlkCopyUhcCh
                0x0000000080010470       0x60 /home/pdourbal/ti/asdk-10.00.00/ti-asdk-bsp/mcu_plus_sdk/am62dx/source/drivers/lib/drivers.am62dx.a53.gcc-aarch64.release.lib(udma_rm.obj)
                0x0000000080010470                Udma_rmFreeBlkCopyUhcCh

.text.Udma_rmAllocTxCh
                0x00000000800104d0      0x168
 .text.Udma_rmAllocTxCh
                0x00000000800104d0      0x168 /home/pdourbal/ti/asdk-10.00.00/ti-asdk-bsp/mcu_plus_sdk/am62dx/source/drivers/lib/drivers.am62dx.a53.gcc-aarch64.release.lib(udma_rm.obj)
                0x00000000800104d0                Udma_rmAllocTxCh

.text.Udma_rmFreeTxCh
                0x0000000080010640       0x60
 .text.Udma_rmFreeTxCh
                0x0000000080010640       0x60 /home/pdourbal/ti/asdk-10.00.00/ti-asdk-bsp/mcu_plus_sdk/am62dx/source/drivers/lib/drivers.am62dx.a53.gcc-aarch64.release.lib(udma_rm.obj)
                0x0000000080010640                Udma_rmFreeTxCh

.text.Udma_rmAllocRxCh
                0x00000000800106a0      0x168
 .text.Udma_rmAllocRxCh
                0x00000000800106a0      0x168 /home/pdourbal/ti/asdk-10.00.00/ti-asdk-bsp/mcu_plus_sdk/am62dx/source/drivers/lib/drivers.am62dx.a53.gcc-aarch64.release.lib(udma_rm.obj)
                0x00000000800106a0                Udma_rmAllocRxCh

.text.Udma_rmFreeRxCh
                0x0000000080010810       0x60
 .text.Udma_rmFreeRxCh
                0x0000000080010810       0x60 /home/pdourbal/ti/asdk-10.00.00/ti-asdk-bsp/mcu_plus_sdk/am62dx/source/drivers/lib/drivers.am62dx.a53.gcc-aarch64.release.lib(udma_rm.obj)
                0x0000000080010810                Udma_rmFreeRxCh

.text.Udma_rmAllocTxHcCh
                0x0000000080010870      0x164
 .text.Udma_rmAllocTxHcCh
                0x0000000080010870      0x164 /home/pdourbal/ti/asdk-10.00.00/ti-asdk-bsp/mcu_plus_sdk/am62dx/source/drivers/lib/drivers.am62dx.a53.gcc-aarch64.release.lib(udma_rm.obj)
                0x0000000080010870                Udma_rmAllocTxHcCh

.text.Udma_rmFreeTxHcCh
                0x00000000800109e0       0x60
 .text.Udma_rmFreeTxHcCh
                0x00000000800109e0       0x60 /home/pdourbal/ti/asdk-10.00.00/ti-asdk-bsp/mcu_plus_sdk/am62dx/source/drivers/lib/drivers.am62dx.a53.gcc-aarch64.release.lib(udma_rm.obj)
                0x00000000800109e0                Udma_rmFreeTxHcCh

.text.Udma_rmAllocRxHcCh
                0x0000000080010a40      0x164
 .text.Udma_rmAllocRxHcCh
                0x0000000080010a40      0x164 /home/pdourbal/ti/asdk-10.00.00/ti-asdk-bsp/mcu_plus_sdk/am62dx/source/drivers/lib/drivers.am62dx.a53.gcc-aarch64.release.lib(udma_rm.obj)
                0x0000000080010a40                Udma_rmAllocRxHcCh

.text.Udma_rmFreeRxHcCh
                0x0000000080010bb0       0x60
 .text.Udma_rmFreeRxHcCh
                0x0000000080010bb0       0x60 /home/pdourbal/ti/asdk-10.00.00/ti-asdk-bsp/mcu_plus_sdk/am62dx/source/drivers/lib/drivers.am62dx.a53.gcc-aarch64.release.lib(udma_rm.obj)
                0x0000000080010bb0                Udma_rmFreeRxHcCh

.text.Udma_rmAllocTxUhcCh
                0x0000000080010c10      0x164
 .text.Udma_rmAllocTxUhcCh
                0x0000000080010c10      0x164 /home/pdourbal/ti/asdk-10.00.00/ti-asdk-bsp/mcu_plus_sdk/am62dx/source/drivers/lib/drivers.am62dx.a53.gcc-aarch64.release.lib(udma_rm.obj)
                0x0000000080010c10                Udma_rmAllocTxUhcCh

.text.Udma_rmFreeTxUhcCh
                0x0000000080010d80       0x60
 .text.Udma_rmFreeTxUhcCh
                0x0000000080010d80       0x60 /home/pdourbal/ti/asdk-10.00.00/ti-asdk-bsp/mcu_plus_sdk/am62dx/source/drivers/lib/drivers.am62dx.a53.gcc-aarch64.release.lib(udma_rm.obj)
                0x0000000080010d80                Udma_rmFreeTxUhcCh

.text.Udma_rmAllocRxUhcCh
                0x0000000080010de0      0x160
 .text.Udma_rmAllocRxUhcCh
                0x0000000080010de0      0x160 /home/pdourbal/ti/asdk-10.00.00/ti-asdk-bsp/mcu_plus_sdk/am62dx/source/drivers/lib/drivers.am62dx.a53.gcc-aarch64.release.lib(udma_rm.obj)
                0x0000000080010de0                Udma_rmAllocRxUhcCh

.text.Udma_rmFreeRxUhcCh
                0x0000000080010f40       0x60
 .text.Udma_rmFreeRxUhcCh
                0x0000000080010f40       0x60 /home/pdourbal/ti/asdk-10.00.00/ti-asdk-bsp/mcu_plus_sdk/am62dx/source/drivers/lib/drivers.am62dx.a53.gcc-aarch64.release.lib(udma_rm.obj)
                0x0000000080010f40                Udma_rmFreeRxUhcCh

.text.Udma_rmAllocMappedTxCh
                0x0000000080010fa0      0x184
 .text.Udma_rmAllocMappedTxCh
                0x0000000080010fa0      0x184 /home/pdourbal/ti/asdk-10.00.00/ti-asdk-bsp/mcu_plus_sdk/am62dx/source/drivers/lib/drivers.am62dx.a53.gcc-aarch64.release.lib(udma_rm.obj)
                0x0000000080010fa0                Udma_rmAllocMappedTxCh

.text.Udma_rmFreeMappedTxCh
                0x0000000080011130       0x70
 .text.Udma_rmFreeMappedTxCh
                0x0000000080011130       0x70 /home/pdourbal/ti/asdk-10.00.00/ti-asdk-bsp/mcu_plus_sdk/am62dx/source/drivers/lib/drivers.am62dx.a53.gcc-aarch64.release.lib(udma_rm.obj)
                0x0000000080011130                Udma_rmFreeMappedTxCh

.text.Udma_rmAllocMappedRxCh
                0x00000000800111a0      0x184
 .text.Udma_rmAllocMappedRxCh
                0x00000000800111a0      0x184 /home/pdourbal/ti/asdk-10.00.00/ti-asdk-bsp/mcu_plus_sdk/am62dx/source/drivers/lib/drivers.am62dx.a53.gcc-aarch64.release.lib(udma_rm.obj)
                0x00000000800111a0                Udma_rmAllocMappedRxCh

.text.Udma_rmFreeMappedRxCh
                0x0000000080011330       0x70
 .text.Udma_rmFreeMappedRxCh
                0x0000000080011330       0x70 /home/pdourbal/ti/asdk-10.00.00/ti-asdk-bsp/mcu_plus_sdk/am62dx/source/drivers/lib/drivers.am62dx.a53.gcc-aarch64.release.lib(udma_rm.obj)
                0x0000000080011330                Udma_rmFreeMappedRxCh

.text.Udma_rmAllocMappedRing
                0x00000000800113a0      0x104
 .text.Udma_rmAllocMappedRing
                0x00000000800113a0      0x104 /home/pdourbal/ti/asdk-10.00.00/ti-asdk-bsp/mcu_plus_sdk/am62dx/source/drivers/lib/drivers.am62dx.a53.gcc-aarch64.release.lib(udma_rm.obj)
                0x00000000800113a0                Udma_rmAllocMappedRing

.text.Udma_rmFreeMappedRing
                0x00000000800114b0       0x90
 .text.Udma_rmFreeMappedRing
                0x00000000800114b0       0x90 /home/pdourbal/ti/asdk-10.00.00/ti-asdk-bsp/mcu_plus_sdk/am62dx/source/drivers/lib/drivers.am62dx.a53.gcc-aarch64.release.lib(udma_rm.obj)
                0x00000000800114b0                Udma_rmFreeMappedRing

.text.Udma_rmAllocFreeRing
                0x0000000080011540        0x8
 .text.Udma_rmAllocFreeRing
                0x0000000080011540        0x8 /home/pdourbal/ti/asdk-10.00.00/ti-asdk-bsp/mcu_plus_sdk/am62dx/source/drivers/lib/drivers.am62dx.a53.gcc-aarch64.release.lib(udma_rm.obj)
                0x0000000080011540                Udma_rmAllocFreeRing

.text.Udma_rmFreeFreeRing
                0x0000000080011550        0x4
 .text.Udma_rmFreeFreeRing
                0x0000000080011550        0x4 /home/pdourbal/ti/asdk-10.00.00/ti-asdk-bsp/mcu_plus_sdk/am62dx/source/drivers/lib/drivers.am62dx.a53.gcc-aarch64.release.lib(udma_rm.obj)
                0x0000000080011550                Udma_rmFreeFreeRing

.text.Udma_rmAllocEvent
                0x0000000080011560       0xc4
 .text.Udma_rmAllocEvent
                0x0000000080011560       0xc4 /home/pdourbal/ti/asdk-10.00.00/ti-asdk-bsp/mcu_plus_sdk/am62dx/source/drivers/lib/drivers.am62dx.a53.gcc-aarch64.release.lib(udma_rm.obj)
                0x0000000080011560                Udma_rmAllocEvent

.text.Udma_rmFreeEvent
                0x0000000080011630       0x60
 .text.Udma_rmFreeEvent
                0x0000000080011630       0x60 /home/pdourbal/ti/asdk-10.00.00/ti-asdk-bsp/mcu_plus_sdk/am62dx/source/drivers/lib/drivers.am62dx.a53.gcc-aarch64.release.lib(udma_rm.obj)
                0x0000000080011630                Udma_rmFreeEvent

.text.Udma_rmAllocVintr