******************************************************************************
                     C7x Linker Unix v5.0.0                    
******************************************************************************
>> Linked Sat Feb 21 02:49:00 2026

OUTPUT FILE NAME:   <mcasp_loopback.release.out>
ENTRY POINT SYMBOL: "_c_int00_secure"  address: 00009a000000


MEMORY CONFIGURATION

         name            origin         length     used     unused   attr    fill
----------------------  ------------   --------  --------  --------  ----  --------
  L2SRAM                00007e000000   00100000  00000000  00100000  RW X
  DDR0_RESERVED         000080000000   19800000  00000000  19800000  RWIX
  C7X_IPC_D             000099800000   00100000  00000000  00100000  RWIX
  C7X_BOOT_D            000099a00000   00000400  00000000  00000400  RWIX
  C7X_VECS_D            000099c00000   00004000  00000840  000037c0  RWIX
  C7X_CIO_MEM           000099c10000   00001000  00000120  00000ee0  RWIX
  C7X_DDR_SPACE         000099c11000   01bef000  00155daa  01a99256  RWIX


SEGMENT ALLOCATION MAP

  run origin     load origin      length   init length attrs members
--------------  --------------  ---------- ----------- ----- -------
000099c00000    000099c00000    00000840   00000840    r-x
  000099c00000    000099c00000    00000840   00000840    r-x .vecs
000099c10000    000099c10000    00000120   00000000    rw-
  000099c10000    000099c10000    00000120   00000000    rw- .cio
000099c11000    000099c11000    000cc960   00000000    rw-
  000099c11000    000099c11000    000cc960   00000000    rw- .bss
000099cde000    000099cde000    00040008   00000000    rw-
  000099cde000    000099cde000    00020000   00000000    rw- .stack
  000099cfe000    000099cfe000    00020000   00000000    rw- .sysmem
  000099d1e000    000099d1e000    00000008   00000000    rw- .data.Mmu_level1Table
000099d1f000    000099d1f000    00010008   00000000    rw-
  000099d1f000    000099d1f000    00010000   00000000    rw- .data.gMmu_tableArray_NS
  000099d2f000    000099d2f000    00000008   00000000    rw- .data.Mmu_tableArraySlot_NS
000099d30000    000099d30000    00000008   00000000    rw-
  000099d30000    000099d30000    00000008   00000000    rw- .data.Mmu_level1Table_NS
000099d30008    000099d30008    000037ad   000037ad    rw-
  000099d30008    000099d30008    000037ad   000037ad    rw- .const
000099d33800    000099d33800    00003a18   00003a18    rw-
  000099d33800    000099d33800    00002a15   00002a15    rw- .data
  000099d36218    000099d36218    00001000   00001000    rw- .args
000099e00000    000099e00000    00030240   00030240    r-x
  000099e00000    000099e00000    00030240   00030240    r-x .text
00009a000000    00009a000000    00000040   00000040    r-x
  00009a000000    00009a000000    00000040   00000040    r-x .text:_c_int00_secure


SECTION ALLOCATION MAP

 output                                      attributes/
section   page      origin        length       input sections
--------  ----  --------------  ----------   ----------------
.vecs      0    000099c00000    00000840     
                  000099c00000    00000840     freertos.am62dx.c75x.ti-c7000.release.lib : Hwi_disp_always_asm.obj (.vecs)

.cio       0    000099c10000    00000120     UNINITIALIZED
                  000099c10000    00000120     rts7504_le.lib : trgmsg.c.obj (.cio)

.bss       0    000099c11000    000cc960     UNINITIALIZED
                  000099c11000    00040000     freertos.am62dx.c75x.ti-c7000.release.lib : port.obj (.bss:uxIdleTaskStack$4)
                  000099c51000    00040000                                               : port.obj (.bss:uxTimerTaskStack$6)
                  000099c91000    00030000                                               : heap_4.obj (.bss:ucHeap)
                  000099cc1000    00010000     (.common:gMainTaskStack)
                  000099cd1000    000027b0     (.common:gUdmaDrvObj)
                  000099cd37b0    00000038     drivers.am62dx.c75x.ti-c7000.release.lib : sciclient_rm_irq.obj (.bss:gPstack)
                  000099cd37e8    00000010     freertos.am62dx.c75x.ti-c7000.release.lib : tasks.obj (.bss)
                  000099cd37f8    00000008     rts7504_le.lib : memory.c.obj (.bss)
                  000099cd3800    00002000     ti_drivers_open_close.obj (.bss:gMcasp0UdmaRxTrpdMem)
                  000099cd5800    00002000     ti_drivers_open_close.obj (.bss:gMcasp0UdmaTxTrpdMem)
                  000099cd7800    00000f00     freertos.am62dx.c75x.ti-c7000.release.lib : Exception.obj (.bss:gExceptionContext)
                  000099cd8700    00000e00                                               : HwiP_freertos_c7x.obj (.bss:gOsalHwiPFreeRtosPool)
                  000099cd9500    00000a00     (.common:gMcaspRxBuffer)
                  000099cd9f00    00000a00     (.common:gMcaspTxBuffer)
                  000099cda900    00000590     (.common:gMcasp0UdmaRxChObj)
                  000099cdae90    00000590     (.common:gMcasp0UdmaTxChObj)
                  000099cdb420    00000500                                               : tasks.obj (.bss:pxReadyTasksLists)
                  000099cdb920    00000480     ti_drivers_config.obj (.bss:gUartObjects)
                  000099cdbda0    00000450     ti_drivers_config.obj (.bss:gMcaspObjects)
                  000099cdc1f0    00000010     freertos.am62dx.c75x.ti-c7000.release.lib : timers.obj (.bss)
                  000099cdc200    00000280     ti_drivers_open_close.obj (.bss:gMcasp0RxFqRingMem)
                  000099cdc480    00000280     ti_drivers_open_close.obj (.bss:gMcasp0TxFqRingMem)
                  000099cdc700    00000200     ti_drivers_open_close.obj (.bss:gMcasp0RxCbParam)
                  000099cdc900    00000200     ti_drivers_open_close.obj (.bss:gMcasp0TxCbParam)
                  000099cdcb00    00000200     freertos.am62dx.c75x.ti-c7000.release.lib : timers.obj (.bss:ucStaticTimerQueueStorage$17)
                  000099cdcd00    00000200     (.common:xQueueRegistry)
                  000099cdcf00    00000140     (.common:gMcasp0_UdmaCqEventObjRx)
                  000099cdd040    00000140     (.common:gMcasp0_UdmaCqEventObjTx)
                  000099cdd180    00000130                                               : DebugP_freertos.obj (.bss:gDebugLogLockObj)
                  000099cdd2b0    00000118                                               : port.obj (.bss:xIdleTaskTCB$3)
                  000099cdd3c8    00000118                                               : port.obj (.bss:xTimerTaskTCB$5)
                  000099cdd4e0    00000118     (.common:gMainTaskObj)
                  000099cdd5f8    000000a0                                               : timers.obj (.bss:xStaticTimerQueue$16)
                  000099cdd698    000000a0     (.common:__TI_tmpnams)
                  000099cdd738    000000a0     (.common:gTaskP_ctrl)
                  000099cdd7d8    00000038     (.common:gClockCtrl)
                  000099cdd810    00000028                                               : timers.obj (.bss:xActiveTimerList1)
                  000099cdd838    00000028                                               : timers.obj (.bss:xActiveTimerList2)
                  000099cdd860    00000028                                               : tasks.obj (.bss:xDelayedTaskList1)
                  000099cdd888    00000028                                               : tasks.obj (.bss:xDelayedTaskList2)
                  000099cdd8b0    00000028                                               : tasks.obj (.bss:xPendingReadyList)
                  000099cdd8d8    00000028                                               : tasks.obj (.bss:xSuspendedTaskList)
                  000099cdd900    00000028                                               : tasks.obj (.bss:xTasksWaitingTermination)
                  000099cdd928    00000010                                               : heap_4.obj (.bss:xStart)
                  000099cdd938    00000008                                               : tasks.obj (.bss:xIdleTaskHandles)
                  000099cdd940    00000008     (.common:gMainTask)
                  000099cdd948    00000008     (.common:gMcaspHandle)
                  000099cdd950    00000008     (.common:gUartHandle)
                  000099cdd958    00000008     (.common:parmbuf)

.const     0    000099d30008    000037ad     
                  000099d30008    00000be0     freertos.am62dx.c75x.ti-c7000.release.lib : Exception.obj (.const:.string)
                  000099d30be8    000007ae                                               : tasks.obj (.const:.string)
                  000099d31396    0000048c                                               : queue.obj (.const:.string)
                  000099d31822    000003df                                               : heap_4.obj (.const:.string)
                  000099d31c01    0000020d                                               : timers.obj (.const:.string)
                  000099d31e0e    00000001                                               : c7x_module_config.obj (.const:Exception_enablePrint)
                  000099d31e0f    00000001                                               : c7x_module_config.obj (.const:Exception_useInternalBuffer)
                  000099d31e10    000001a4     drivers.am62dx.c75x.ti-c7000.release.lib : udma_rmcfg.obj (.const:gUdmaRmDefBoardCfg_Pktdma)
                  000099d31fb4    0000010b     freertos.am62dx.c75x.ti-c7000.release.lib : TimerP.obj (.const:.string)
                  000099d320bf    00000100                                               : ClockP_freertos_c75.obj (.const:.string)
                  000099d321bf    00000001                                               : HwiP_c75.obj (.const:Hwi_bootToNonSecure)
                  000099d321c0    000000f4     drivers.am62dx.c75x.ti-c7000.release.lib : udma_rmcfg_common.obj (.const:gUdmaRmDefCfg_Main)
                  000099d322b4    000000dc                                              : sciclient_fmwSecureProxyMap.obj (.const:gSciclientMap)
                  000099d32390    000000ba     mcasp_loopback.obj (.const:.string)
                  000099d3244a    000000a9     drivers.am62dx.c75x.ti-c7000.release.lib : uart_v0.obj (.const:.string)
                  000099d324f3    00000094     freertos.am62dx.c75x.ti-c7000.release.lib : TaskSupport.obj (.const:.string)
                  000099d32587    00000093                                               : port.obj (.const:.string)
                  000099d3261a    00000088                                               : SemaphoreP_freertos.obj (.const:.string)
                  000099d326a2    00000002     --HOLE-- [fill = 0]
                  000099d326a4    00000084     drivers.am62dx.c75x.ti-c7000.release.lib : udma_rmcfg.obj (.const:gUdmaRmDefBoardCfg_Bcdma)
                  000099d32728    00000078                                              : udma_soc.obj (.const:gUdmaTxMappedChRingAttributes)
                  000099d327a0    0000006b     ti_drivers_open_close.obj (.const:.string)
                  000099d3280b    0000005c     drivers.am62dx.c75x.ti-c7000.release.lib : mcasp_dma.obj (.const:.string)
                  000099d32867    00000052     main.obj (.const:.string)
                  000099d328b9    00000051     drivers.am62dx.c75x.ti-c7000.release.lib : mcasp.obj (.const:.string)
                  000099d3290a    00000002     --HOLE-- [fill = 0]
                  000099d3290c    00000004     freertos.am62dx.c75x.ti-c7000.release.lib : c7x_module_config.obj (.const:Hwi_DEFAULT_INT_PRIORITY)
                  000099d32910    00000050                                               : printf.obj (.const:pow10$1)
                  000099d32960    0000003e                                               : HwiP_c75.obj (.const:.string)
                  000099d3299e    00000002     --HOLE-- [fill = 0]
                  000099d329a0    0000003c     drivers.am62dx.c75x.ti-c7000.release.lib : udma_soc.obj (.const:gUdmaRxMappedChRingAttributes)
                  000099d329dc    00000036     freertos.am62dx.c75x.ti-c7000.release.lib : QueueP_nortos.obj (.const:.string)
                  000099d32a12    00000031     ti_drivers_config.obj (.const:.string)
                  000099d32a43    0000002d     freertos.am62dx.c75x.ti-c7000.release.lib : DebugP_log.obj (.const:.string)
                  000099d32a70    00000029     drivers.am62dx.c75x.ti-c7000.release.lib : sciclient_pm.obj (.const:$P$T29$30)
                  000099d32a99    00000029                                              : sciclient_pm.obj (.const:$P$T32$33)
                  000099d32ac2    00000002     --HOLE-- [fill = 0]
                  000099d32ac4    00000004     freertos.am62dx.c75x.ti-c7000.release.lib : TaskSupport.obj (.const:OS_mpeEnabled)
                  000099d32ac8    00000028                                               : HwiP_c75.obj (.const:Hwi_Object__PARAMS__C)
                  000099d32af0    00000026     drivers.am62dx.c75x.ti-c7000.release.lib : uart_dma.obj (.const:.string)
                  000099d32b16    00000002     --HOLE-- [fill = 0]
                  000099d32b18    00000024     freertos.am62dx.c75x.ti-c7000.release.lib : tasks.obj (.const:.string:$P$T28$29)
                  000099d32b3c    00000004     drivers.am62dx.c75x.ti-c7000.release.lib : sciclient_irq_rm.obj (.const)
                  000099d32b40    00000020     freertos.am62dx.c75x.ti-c7000.release.lib : timers.obj (.const:$P$T13$15)
                  000099d32b60    00000020                                               : tasks.obj (.const:.string:$P$T20$21)
                  000099d32b80    0000001e                                               : port.obj (.const:.string:$P$T1$2)
                  000099d32b9e    00000002     --HOLE-- [fill = 0]
                  000099d32ba0    0000001b                                               : SemaphoreP_freertos.obj (.const:.string:$P$T0$1)
                  000099d32bbb    00000001     --HOLE-- [fill = 0]
                  000099d32bbc    0000001b                                               : TaskSupport.obj (.const:.string:$P$T0$1)
                  000099d32bd7    00000001     --HOLE-- [fill = 0]
                  000099d32bd8    0000001b                                               : timers.obj (.const:.string:$P$T12$14)
                  000099d32bf3    00000001     --HOLE-- [fill = 0]
                  000099d32bf4    0000001b                                               : heap_4.obj (.const:.string:$P$T2$3)
                  000099d32c0f    00000001     --HOLE-- [fill = 0]
                  000099d32c10    0000001a                                               : queue.obj (.const:.string:$P$T1$2)
                  000099d32c2a    00000002     --HOLE-- [fill = 0]
                  000099d32c2c    0000001a                                               : SemaphoreP_freertos.obj (.const:.string:$P$T2$3)
                  000099d32c46    00000002     --HOLE-- [fill = 0]
                  000099d32c48    00000019                                               : tasks.obj (.const:.string:$P$T21$22)
                  000099d32c61    00000003     --HOLE-- [fill = 0]
                  000099d32c64    00000019                                               : queue.obj (.const:.string:$P$T6$7)
                  000099d32c7d    00000003     --HOLE-- [fill = 0]
                  000099d32c80    00000019                                               : queue.obj (.const:.string:$P$T7$8)
                  000099d32c99    00000007     --HOLE-- [fill = 0]
                  000099d32ca0    00000018     drivers.am62dx.c75x.ti-c7000.release.lib : sciclient_pm.obj (.const:$P$T0$1)
                  000099d32cb8    00000018                                              : sciclient_rm.obj (.const:$P$T0$1)
                  000099d32cd0    00000018                                              : sciclient_pm.obj (.const:$P$T1$2)
                  000099d32ce8    00000018                                              : sciclient_rm.obj (.const:$P$T1$2)
                  000099d32d00    00000018                                              : sciclient_rm.obj (.const:$P$T10$11)
                  000099d32d18    00000018                                              : sciclient_rm.obj (.const:$P$T11$12)
                  000099d32d30    00000018                                              : sciclient_pm.obj (.const:$P$T12$13)
                  000099d32d48    00000018                                              : sciclient_rm.obj (.const:$P$T12$13)
                  000099d32d60    00000018                                              : sciclient_pm.obj (.const:$P$T13$14)
                  000099d32d78    00000018                                              : sciclient_rm.obj (.const:$P$T13$14)
                  000099d32d90    00000018                                              : sciclient_rm.obj (.const:$P$T14$15)
                  000099d32da8    00000018                                              : sciclient_rm.obj (.const:$P$T15$16)
                  000099d32dc0    00000018                                              : sciclient_pm.obj (.const:$P$T16$17)
                  000099d32dd8    00000018                                              : sciclient_rm.obj (.const:$P$T16$17)
                  000099d32df0    00000018                                              : sciclient_pm.obj (.const:$P$T17$18)
                  000099d32e08    00000018                                              : sciclient_rm.obj (.const:$P$T17$18)
                  000099d32e20    00000018                                              : sciclient_rm.obj (.const:$P$T18$19)
                  000099d32e38    00000018                                              : sciclient_pm.obj (.const:$P$T19$20)
                  000099d32e50    00000018                                              : sciclient_rm.obj (.const:$P$T19$20)
                  000099d32e68    00000018                                              : sciclient_rm.obj (.const:$P$T2$3)
                  000099d32e80    00000018                                              : sciclient_pm.obj (.const:$P$T20$21)
                  000099d32e98    00000018                                              : sciclient_rm.obj (.const:$P$T20$21)
                  000099d32eb0    00000018                                              : sciclient_rm.obj (.const:$P$T21$22)
                  000099d32ec8    00000018                                              : sciclient_pm.obj (.const:$P$T23$24)
                  000099d32ee0    00000018                                              : sciclient_pm.obj (.const:$P$T24$25)
                  000099d32ef8    00000018                                              : sciclient_pm.obj (.const:$P$T27$28)
                  000099d32f10    00000018                                              : sciclient_pm.obj (.const:$P$T28$29)
                  000099d32f28    00000018                                              : sciclient_rm.obj (.const:$P$T3$4)
                  000099d32f40    00000018                                              : sciclient_pm.obj (.const:$P$T30$31)
                  000099d32f58    00000018                                              : sciclient_pm.obj (.const:$P$T31$32)
                  000099d32f70    00000018                                              : sciclient_pm.obj (.const:$P$T34$35)
                  000099d32f88    00000018                                              : sciclient_pm.obj (.const:$P$T35$36)
                  000099d32fa0    00000018                                              : sciclient_pm.obj (.const:$P$T4$5)
                  000099d32fb8    00000018                                              : sciclient_rm.obj (.const:$P$T4$5)
                  000099d32fd0    00000018                                              : sciclient_pm.obj (.const:$P$T5$6)
                  000099d32fe8    00000018                                              : sciclient_rm.obj (.const:$P$T5$6)
                  000099d33000    00000018                                              : sciclient_rm.obj (.const:$P$T6$7)
                  000099d33018    00000018                                              : sciclient_pm.obj (.const:$P$T7$8)
                  000099d33030    00000018                                              : sciclient_rm.obj (.const:$P$T7$8)
                  000099d33048    00000018                                              : sciclient_pm.obj (.const:$P$T8$9)
                  000099d33060    00000018     freertos.am62dx.c75x.ti-c7000.release.lib : tasks.obj (.const:.string:$P$T27$28)
                  000099d33078    00000018                                               : MmuP_c75.obj (.const:Mmu_configInfo)
                  000099d33090    00000017     drivers.am62dx.c75x.ti-c7000.release.lib : uart_dma.obj (.const:.string:$P$T1$2)
                  000099d330a7    00000001     --HOLE-- [fill = 0]
                  000099d330a8    00000017     freertos.am62dx.c75x.ti-c7000.release.lib : tasks.obj (.const:.string:$P$T13$14)
                  000099d330bf    00000016     drivers.am62dx.c75x.ti-c7000.release.lib : sciclient_pm.obj (.const:$P$T18$19)
                  000099d330d5    00000003     --HOLE-- [fill = 0]
                  000099d330d8    00000016     freertos.am62dx.c75x.ti-c7000.release.lib : timers.obj (.const:.string:$P$T0$1)
                  000099d330ee    00000002     --HOLE-- [fill = 0]
                  000099d330f0    00000016                                               : tasks.obj (.const:.string:$P$T18$19)
                  000099d33106    00000002     --HOLE-- [fill = 0]
                  000099d33108    00000016                                               : queue.obj (.const:.string:$P$T26$27)
                  000099d3311e    00000002     --HOLE-- [fill = 0]
                  000099d33120    00000015                                               : tasks.obj (.const:.string:$P$T1$2)
                  000099d33135    00000003     --HOLE-- [fill = 0]
                  000099d33138    00000015                                               : queue.obj (.const:.string:$P$T16$17)
                  000099d3314d    00000003     --HOLE-- [fill = 0]
                  000099d33150    00000015                                               : tasks.obj (.const:.string:$P$T24$25)
                  000099d33165    00000003     --HOLE-- [fill = 0]
                  000099d33168    00000014                                               : tasks.obj (.const:.string:$P$T0$1)
                  000099d3317c    00000014     mcasp_loopback.obj (.const:.string:$P$T0$1)
                  000099d33190    00000014     freertos.am62dx.c75x.ti-c7000.release.lib : queue.obj (.const:.string:$P$T14$15)
                  000099d331a4    00000014                                               : queue.obj (.const:.string:$P$T24$25)
                  000099d331b8    00000014     drivers.am62dx.c75x.ti-c7000.release.lib : uart_v0.obj (.const:.string:$P$T8$9)
                  000099d331cc    00000014     freertos.am62dx.c75x.ti-c7000.release.lib : tasks.obj (.const:.string:$P$T9$10)
                  000099d331e0    00000013                                               : queue.obj (.const:.string:$P$T0$1)
                  000099d331f3    00000001     --HOLE-- [fill = 0]
                  000099d331f4    00000013                                               : tasks.obj (.const:.string:$P$T16$17)
                  000099d33207    00000001     --HOLE-- [fill = 0]
                  000099d33208    00000013                                               : tasks.obj (.const:.string:$P$T17$18)
                  000099d3321b    00000001     --HOLE-- [fill = 0]
                  000099d3321c    00000013                                               : port.obj (.const:.string:$P$T2$7)
                  000099d3322f    00000012     drivers.am62dx.c75x.ti-c7000.release.lib : sciclient_pm.obj (.const:$P$T11$12)
                  000099d33241    00000012                                              : sciclient_pm.obj (.const:$P$T3$4)
                  000099d33253    00000001     --HOLE-- [fill = 0]
                  000099d33254    00000012     ti_drivers_open_close.obj (.const:.string:$P$T0$1)
                  000099d33266    00000002     --HOLE-- [fill = 0]
                  000099d33268    00000012     freertos.am62dx.c75x.ti-c7000.release.lib : queue.obj (.const:.string:$P$T10$11)
                  000099d3327a    00000002     --HOLE-- [fill = 0]
                  000099d3327c    00000012                                               : queue.obj (.const:.string:$P$T12$13)
                  000099d3328e    00000002     --HOLE-- [fill = 0]
                  000099d33290    00000012     drivers.am62dx.c75x.ti-c7000.release.lib : mcasp_dma.obj (.const:.string:$P$T2$3)
                  000099d332a2    00000002     --HOLE-- [fill = 0]
                  000099d332a4    00000012     freertos.am62dx.c75x.ti-c7000.release.lib : tasks.obj (.const:.string:$P$T29$30)
                  000099d332b6    00000002     --HOLE-- [fill = 0]
                  000099d332b8    00000012     drivers.am62dx.c75x.ti-c7000.release.lib : mcasp_dma.obj (.const:.string:$P$T3$4)
                  000099d332ca    00000012     freertos.am62dx.c75x.ti-c7000.release.lib : printf.obj (.const:.string)
                  000099d332dc    00000011     drivers.am62dx.c75x.ti-c7000.release.lib : sciclient_pm.obj (.const:$P$T14$15)
                  000099d332ed    00000011                                              : sciclient_pm.obj (.const:$P$T21$22)
                  000099d332fe    00000011                                              : sciclient_pm.obj (.const:$P$T25$26)
                  000099d3330f    00000001     --HOLE-- [fill = 0]
                  000099d33310    00000011     freertos.am62dx.c75x.ti-c7000.release.lib : port.obj (.const:.string:$P$T0$1)
                  000099d33321    00000003     --HOLE-- [fill = 0]
                  000099d33324    00000011     ti_drivers_open_close.obj (.const:.string:$P$T1$2)
                  000099d33335    00000003     --HOLE-- [fill = 0]
                  000099d33338    00000011     drivers.am62dx.c75x.ti-c7000.release.lib : uart_v0.obj (.const:.string:$P$T7$8)
                  000099d33349    00000010                                              : sciclient_rm_irq.obj (.const:$P$T1$2)
                  000099d33359    00000010                                              : udma_rm.obj (.const:$P$T1$2)
                  000099d33369    00000010                                              : sciclient_rm_irq.obj (.const:$P$T2$3)
                  000099d33379    00000010                                              : sciclient_pm.obj (.const:$P$T33$34)
                  000099d33389    00000010                                              : sciclient_pm.obj (.const:$P$T6$7)
                  000099d33399    00000003     --HOLE-- [fill = 0]
                  000099d3339c    00000010     freertos.am62dx.c75x.ti-c7000.release.lib : HwiP_c75.obj (.const:.string:$P$T0$1)
                  000099d333ac    00000010     drivers.am62dx.c75x.ti-c7000.release.lib : mcasp_dma.obj (.const:.string:$P$T4$5)
                  000099d333bc    00000010                                              : mcasp_dma.obj (.const:.string:$P$T5$6)
                  000099d333cc    0000000f                                              : mcasp_dma.obj (.const:.string:$P$T1$2)
                  000099d333db    00000001     --HOLE-- [fill = 0]
                  000099d333dc    0000000f     freertos.am62dx.c75x.ti-c7000.release.lib : tasks.obj (.const:.string:$P$T10$11)
                  000099d333eb    00000001     --HOLE-- [fill = 0]
                  000099d333ec    0000000f                                               : QueueP_nortos.obj (.const:.string:$P$T3$4)
                  000099d333fb    00000001     --HOLE-- [fill = 0]
                  000099d333fc    0000000f     drivers.am62dx.c75x.ti-c7000.release.lib : uart_v0.obj (.const:.string:$P$T9$10)
                  000099d3340b    00000001     --HOLE-- [fill = 0]
                  000099d3340c    0000000e                                              : mcasp_dma.obj (.const:.string:$P$T0$1)
                  000099d3341a    00000002     --HOLE-- [fill = 0]
                  000099d3341c    0000000e                                              : uart_dma.obj (.const:.string:$P$T0$1)
                  000099d3342a    00000002     --HOLE-- [fill = 0]
                  000099d3342c    0000000e     main.obj (.const:.string:$P$T0$1)
                  000099d3343a    00000002     --HOLE-- [fill = 0]
                  000099d3343c    0000000e     freertos.am62dx.c75x.ti-c7000.release.lib : queue.obj (.const:.string:$P$T13$14)
                  000099d3344a    00000002     --HOLE-- [fill = 0]
                  000099d3344c    0000000e                                               : tasks.obj (.const:.string:$P$T4$5)
                  000099d3345a    0000000d     drivers.am62dx.c75x.ti-c7000.release.lib : sciclient_pm.obj (.const:$P$T22$23)
                  000099d33467    0000000d                                              : sciclient_pm.obj (.const:$P$T26$27)
                  000099d33474    0000000d     freertos.am62dx.c75x.ti-c7000.release.lib : TimerP.obj (.const:.string:$P$T0$1)
                  000099d33481    00000003     --HOLE-- [fill = 0]
                  000099d33484    0000000d                                               : queue.obj (.const:.string:$P$T21$22)
                  000099d33491    00000003     --HOLE-- [fill = 0]
                  000099d33494    0000000d                                               : tasks.obj (.const:.string:$P$T26$27)
                  000099d334a1    0000000c     drivers.am62dx.c75x.ti-c7000.release.lib : sciclient_rm_irq.obj (.const:$P$T0$1)
                  000099d334ad    0000000c                                              : udma_rm.obj (.const:$P$T0$1)
                  000099d334b9    0000000c                                              : sciclient_pm.obj (.const:$P$T2$3)
                  000099d334c5    00000003     --HOLE-- [fill = 0]
                  000099d334c8    0000000c     freertos.am62dx.c75x.ti-c7000.release.lib : ClockP_freertos_c75.obj (.const:.string:$P$T0$1)
                  000099d334d4    0000000c     ti_drivers_config.obj (.const:.string:$P$T0$1)
                  000099d334e0    0000000c     drivers.am62dx.c75x.ti-c7000.release.lib : mcasp.obj (.const:.string:$P$T2$3)
                  000099d334ec    0000000c     freertos.am62dx.c75x.ti-c7000.release.lib : tasks.obj (.const:.string:$P$T2$3)
                  000099d334f8    0000000b     drivers.am62dx.c75x.ti-c7000.release.lib : mcasp.obj (.const:.string:$P$T0$1)
                  000099d33503    00000001     --HOLE-- [fill = 0]
                  000099d33504    0000000b                                              : mcasp.obj (.const:.string:$P$T1$2)
                  000099d3350f    00000001     --HOLE-- [fill = 0]
                  000099d33510    0000000b     freertos.am62dx.c75x.ti-c7000.release.lib : QueueP_nortos.obj (.const:.string:$P$T1$2)
                  000099d3351b    00000001     --HOLE-- [fill = 0]
                  000099d3351c    0000000b     drivers.am62dx.c75x.ti-c7000.release.lib : uart_v0.obj (.const:.string:$P$T2$3)
                  000099d33527    00000001     --HOLE-- [fill = 0]
                  000099d33528    0000000b     freertos.am62dx.c75x.ti-c7000.release.lib : QueueP_nortos.obj (.const:.string:$P$T2$3)
                  000099d33533    00000001     --HOLE-- [fill = 0]
                  000099d33534    0000000b     drivers.am62dx.c75x.ti-c7000.release.lib : uart_v0.obj (.const:.string:$P$T3$4)
                  000099d3353f    00000001     --HOLE-- [fill = 0]
                  000099d33540    0000000b     freertos.am62dx.c75x.ti-c7000.release.lib : tasks.obj (.const:.string:$P$T3$4)
                  000099d3354b    0000000a     drivers.am62dx.c75x.ti-c7000.release.lib : sciclient_pm.obj (.const:$P$T15$16)
                  000099d33555    00000003     --HOLE-- [fill = 0]
                  000099d33558    0000000a                                              : uart_v0.obj (.const:.string:$P$T0$1)
                  000099d33562    00000002     --HOLE-- [fill = 0]
                  000099d33564    0000000a                                              : uart_v0.obj (.const:.string:$P$T1$2)
                  000099d3356e    00000002     --HOLE-- [fill = 0]
                  000099d33570    0000000a     freertos.am62dx.c75x.ti-c7000.release.lib : heap_4.obj (.const:.string:$P$T1$2)
                  000099d3357a    00000008     drivers.am62dx.c75x.ti-c7000.release.lib : sciclient_irq_rm.obj (.const:CMP_EVENT_INTROUTER0_outp_0_15_to_C7X256V0_CLEC_gic_spi_16_31)
                  000099d33582    00000008                                              : sciclient_irq_rm.obj (.const:CMP_EVENT_INTROUTER0_outp_0_15_to_GICSS0_spi_48_63)
                  000099d3358a    00000008                                              : sciclient_irq_rm.obj (.const:CMP_EVENT_INTROUTER0_outp_16_23_to_R5FSS0_CORE0_intr_48_55)
                  000099d33592    00000008                                              : sciclient_irq_rm.obj (.const:CMP_EVENT_INTROUTER0_outp_24_31_to_DMASS0_INTAGGR_0_intaggr_levi_pend_0_7)
                  000099d3359a    00000008                                              : sciclient_irq_rm.obj (.const:CMP_EVENT_INTROUTER0_outp_34_37_to_MCU_R5FSS0_CORE0_cpu0_intr_58_61)
                  000099d335a2    00000008                                              : sciclient_irq_rm.obj (.const:CMP_EVENT_INTROUTER0_outp_38_41_to_HSM0_nvic_51_54)
                  000099d335aa    00000008                                              : sciclient_irq_rm.obj (.const:CPSW0_cpts_comp_0_0_to_CMP_EVENT_INTROUTER0_in_24_24)
                  000099d335b2    00000008                                              : sciclient_irq_rm.obj (.const:CPSW0_cpts_genf0_1_1_to_TIMESYNC_EVENT_ROUTER0_in_16_16)
                  000099d335ba    00000008                                              : sciclient_irq_rm.obj (.const:CPSW0_cpts_genf1_2_2_to_TIMESYNC_EVENT_ROUTER0_in_17_17)
                  000099d335c2    00000008                                              : sciclient_irq_rm.obj (.const:CPSW0_cpts_sync_3_3_to_TIMESYNC_EVENT_ROUTER0_in_18_18)
                  000099d335ca    00000008                                              : sciclient_irq_rm.obj (.const:DEBUGSS0_davdma_level_0_0_to_DMASS0_INTAGGR_0_intaggr_levi_pend_27_27)
                  000099d335d2    00000008                                              : sciclient_irq_rm.obj (.const:DMASS0_INTAGGR_0_intaggr_vintr_pend_0_39_to_C7X256V0_CLEC_gic_spi_32_71)
                  000099d335da    00000008                                              : sciclient_irq_rm.obj (.const:DMASS0_INTAGGR_0_intaggr_vintr_pend_0_39_to_GICSS0_spi_64_103)
                  000099d335e2    00000008                                              : sciclient_irq_rm.obj (.const:DMASS0_INTAGGR_0_intaggr_vintr_pend_136_151_to_HSM0_nvic_176_191)
                  000099d335ea    00000008                                              : sciclient_irq_rm.obj (.const:DMASS0_INTAGGR_0_intaggr_vintr_pend_168_183_to_MCU_R5FSS0_CORE0_cpu0_intr_64_79)
                  000099d335f2    00000008                                              : sciclient_irq_rm.obj (.const:DMASS0_INTAGGR_0_intaggr_vintr_pend_40_71_to_R5FSS0_CORE0_intr_64_95)
                  000099d335fa    00000008                                              : sciclient_irq_rm.obj (.const:DMASS0_INTAGGR_0_intaggr_vintr_pend_72_79_to_R5FSS0_CORE0_intr_8_15)
                  000099d33602    00000008                                              : sciclient_irq_rm.obj (.const:DMASS0_INTAGGR_0_intaggr_vintr_pend_84_99_to_C7X256V0_CLEC_soc_events_in_209_224)
                  000099d3360a    00000008                                              : sciclient_irq_rm.obj (.const:DMASS1_INTAGGR_0_intaggr_vintr_pend_0_3_to_C7X256V0_CLEC_gic_spi_205_208)
                  000099d33612    00000008                                              : sciclient_irq_rm.obj (.const:DMASS1_INTAGGR_0_intaggr_vintr_pend_0_3_to_MCU_R5FSS0_CORE0_cpu0_intr_129_132)
                  000099d3361a    00000008                                              : sciclient_irq_rm.obj (.const:DMASS1_INTAGGR_0_intaggr_vintr_pend_0_3_to_R5FSS0_CORE0_intr_129_132)
                  000099d33622    00000008                                              : sciclient_irq_rm.obj (.const:DMASS1_INTAGGR_0_intaggr_vintr_pend_0_7_to_GICSS0_spi_237_244)
                  000099d3362a    00000008                                              : sciclient_irq_rm.obj (.const:DMASS1_INTAGGR_0_intaggr_vintr_pend_4_4_to_MCU_R5FSS0_CORE0_cpu0_intr_150_150)
                  000099d33632    00000008                                              : sciclient_irq_rm.obj (.const:DMASS1_INTAGGR_0_intaggr_vintr_pend_4_4_to_R5FSS0_CORE0_intr_150_150)
                  000099d3363a    00000008                                              : sciclient_irq_rm.obj (.const:DMASS1_INTAGGR_0_intaggr_vintr_pend_5_7_to_MCU_R5FSS0_CORE0_cpu0_intr_158_160)
                  000099d33642    00000008                                              : sciclient_irq_rm.obj (.const:DMASS1_INTAGGR_0_intaggr_vintr_pend_5_7_to_R5FSS0_CORE0_intr_158_160)
                  000099d3364a    00000008                                              : sciclient_irq_rm.obj (.const:EPWM0_epwm_synco_o_0_0_to_TIMESYNC_EVENT_ROUTER0_in_8_8)
                  000099d33652    00000006     --HOLE-- [fill = 0]
                  000099d33658    00000008     freertos.am62dx.c75x.ti-c7000.release.lib : c7x_module_config.obj (.const:Exception_exceptionHook)
                  000099d33660    00000008                                               : c7x_module_config.obj (.const:Exception_internalHook)
                  000099d33668    00000008     drivers.am62dx.c75x.ti-c7000.release.lib : sciclient_irq_rm.obj (.const:GPIO0_gpio_0_89_to_MAIN_GPIOMUX_INTROUTER0_in_0_89)
                  000099d33670    00000008                                              : sciclient_irq_rm.obj (.const:GPIO0_gpio_90_91_to_MAIN_GPIOMUX_INTROUTER0_in_176_177)
                  000099d33678    00000008                                              : sciclient_irq_rm.obj (.const:GPIO0_gpio_bank_92_97_to_MAIN_GPIOMUX_INTROUTER0_in_190_195)
                  000099d33680    00000008                                              : sciclient_irq_rm.obj (.const:GPIO1_gpio_0_71_to_MAIN_GPIOMUX_INTROUTER0_in_90_161)
                  000099d33688    00000008                                              : sciclient_irq_rm.obj (.const:GPIO1_gpio_bank_72_76_to_MAIN_GPIOMUX_INTROUTER0_in_180_184)
                  000099d33690    00000008                                              : sciclient_irq_rm.obj (.const:GPMC0_gpmc_sdmareq_0_0_to_DMASS0_INTAGGR_0_intaggr_levi_pend_26_26)
                  000099d33698    00000008     freertos.am62dx.c75x.ti-c7000.release.lib : HwiP_c75.obj (.const:Hwi_vectorTableBase)
                  000099d336a0    00000008     drivers.am62dx.c75x.ti-c7000.release.lib : sciclient_irq_rm.obj (.const:MAIN_GPIOMUX_INTROUTER0_outp_0_15_to_C7X256V0_CLEC_gic_spi_0_15)
                  000099d336a8    00000008                                              : sciclient_irq_rm.obj (.const:MAIN_GPIOMUX_INTROUTER0_outp_0_15_to_GICSS0_spi_32_47)
                  000099d336b0    00000008                                              : sciclient_irq_rm.obj (.const:MAIN_GPIOMUX_INTROUTER0_outp_0_15_to_R5FSS0_CORE0_intr_32_47)
                  000099d336b8    00000008                                              : sciclient_irq_rm.obj (.const:MAIN_GPIOMUX_INTROUTER0_outp_0_7_to_HSM0_nvic_208_215)
                  000099d336c0    00000008                                              : sciclient_irq_rm.obj (.const:MAIN_GPIOMUX_INTROUTER0_outp_22_23_to_DMASS0_INTAGGR_0_intaggr_levi_pend_24_25)
                  000099d336c8    00000008                                              : sciclient_irq_rm.obj (.const:MAIN_GPIOMUX_INTROUTER0_outp_24_31_to_DMASS0_INTAGGR_0_intaggr_levi_pend_16_23)
                  000099d336d0    00000008                                              : sciclient_irq_rm.obj (.const:MAIN_GPIOMUX_INTROUTER0_outp_34_35_to_MCU_R5FSS0_CORE0_cpu0_intr_32_33)
                  000099d336d8    00000008                                              : sciclient_irq_rm.obj (.const:MCRC64_0_dma_event_0_3_to_DMASS0_INTAGGR_0_intaggr_levi_pend_28_31)
                  000099d336e0    00000008                                              : sciclient_irq_rm.obj (.const:MCU_GPIO0_gpio_0_23_to_WKUP_MCU_GPIOMUX_INTROUTER0_in_0_23)
                  000099d336e8    00000008                                              : sciclient_irq_rm.obj (.const:MCU_GPIO0_gpio_bank_24_25_to_WKUP_MCU_GPIOMUX_INTROUTER0_in_30_31)
                  000099d336f0    00000008     freertos.am62dx.c75x.ti-c7000.release.lib : c7x_module_config.obj (.const:Mmu_initFunc)
                  000099d336f8    00000008     drivers.am62dx.c75x.ti-c7000.release.lib : sciclient_irq_rm.obj (.const:TIMER0_timer_pwm_0_0_to_TIMESYNC_EVENT_ROUTER0_in_0_0)
                  000099d33700    00000008                                              : sciclient_irq_rm.obj (.const:TIMER1_timer_pwm_0_0_to_TIMESYNC_EVENT_ROUTER0_in_1_1)
                  000099d33708    00000008                                              : sciclient_irq_rm.obj (.const:TIMER2_timer_pwm_0_0_to_TIMESYNC_EVENT_ROUTER0_in_2_2)
                  000099d33710    00000008                                              : sciclient_irq_rm.obj (.const:TIMER3_timer_pwm_0_0_to_TIMESYNC_EVENT_ROUTER0_in_3_3)
                  000099d33718    00000008                                              : sciclient_irq_rm.obj (.const:TIMESYNC_EVENT_ROUTER0_outl_0_7_to_DMASS0_INTAGGR_0_intaggr_levi_pend_8_15)
                  000099d33720    00000008                                              : sciclient_irq_rm.obj (.const:TIMESYNC_EVENT_ROUTER0_outl_10_10_to_CPSW0_cpts_hw1_push_0_0)
                  000099d33728    00000008                                              : sciclient_irq_rm.obj (.const:TIMESYNC_EVENT_ROUTER0_outl_11_11_to_CPSW0_cpts_hw2_push_1_1)
                  000099d33730    00000008                                              : sciclient_irq_rm.obj (.const:TIMESYNC_EVENT_ROUTER0_outl_12_12_to_CPSW0_cpts_hw3_push_2_2)
                  000099d33738    00000008                                              : sciclient_irq_rm.obj (.const:TIMESYNC_EVENT_ROUTER0_outl_13_13_to_CPSW0_cpts_hw4_push_3_3)
                  000099d33740    00000008                                              : sciclient_irq_rm.obj (.const:TIMESYNC_EVENT_ROUTER0_outl_14_14_to_CPSW0_cpts_hw5_push_4_4)
                  000099d33748    00000008                                              : sciclient_irq_rm.obj (.const:TIMESYNC_EVENT_ROUTER0_outl_15_15_to_CPSW0_cpts_hw6_push_5_5)
                  000099d33750    00000008                                              : sciclient_irq_rm.obj (.const:TIMESYNC_EVENT_ROUTER0_outl_16_16_to_CPSW0_cpts_hw7_push_6_6)
                  000099d33758    00000008                                              : sciclient_irq_rm.obj (.const:TIMESYNC_EVENT_ROUTER0_outl_17_17_to_CPSW0_cpts_hw8_push_7_7)
                  000099d33760    00000008                                              : sciclient_irq_rm.obj (.const:WKUP_GTC0_gtc_push_event_0_0_to_TIMESYNC_EVENT_ROUTER0_in_11_11)
                  000099d33768    00000008                                              : sciclient_irq_rm.obj (.const:WKUP_MCU_GPIOMUX_INTROUTER0_outp_0_3_to_C7X256V0_CLEC_gic_spi_72_75)
                  000099d33770    00000008                                              : sciclient_irq_rm.obj (.const:WKUP_MCU_GPIOMUX_INTROUTER0_outp_0_3_to_GICSS0_spi_104_107)
                  000099d33778    00000008                                              : sciclient_irq_rm.obj (.const:WKUP_MCU_GPIOMUX_INTROUTER0_outp_0_3_to_R5FSS0_CORE0_intr_104_107)
                  000099d33780    00000008                                              : sciclient_irq_rm.obj (.const:WKUP_MCU_GPIOMUX_INTROUTER0_outp_4_7_to_HSM0_nvic_78_81)
                  000099d33788    00000008                                              : sciclient_irq_rm.obj (.const:WKUP_MCU_GPIOMUX_INTROUTER0_outp_4_7_to_MCU_R5FSS0_CORE0_cpu0_intr_104_107)
                  000099d33790    00000008                                              : sciclient_irq_rm.obj (.const:WKUP_MCU_GPIOMUX_INTROUTER0_outp_8_11_to_WKUP_ESM0_esm_pls_event0_88_91)
                  000099d33798    00000008                                              : sciclient_irq_rm.obj (.const:WKUP_MCU_GPIOMUX_INTROUTER0_outp_8_11_to_WKUP_ESM0_esm_pls_event1_92_95)
                  000099d337a0    00000008                                              : sciclient_irq_rm.obj (.const:WKUP_MCU_GPIOMUX_INTROUTER0_outp_8_11_to_WKUP_ESM0_esm_pls_event2_96_99)
                  000099d337a8    00000008     freertos.am62dx.c75x.ti-c7000.release.lib : tasks.obj (.const)
                  000099d337b0    00000005     main.obj (.const:.string:$P$T1$2)

.data      0    000099d33800    00002a15     
                  000099d33800    00001040     freertos.am62dx.c75x.ti-c7000.release.lib : Exception.obj (.data:Exception_Module_state)
                  000099d34840    00000268                                               : HwiP_c75.obj (.data:Hwi_Module_state)
                  000099d34aa8    00000220     ti_drivers_config.obj (.data:gUdmaInitPrms)
                  000099d34cc8    000001e0     rts7504_le.lib : defs.c.obj (.data:_ftable)
                  000099d34ea8    000001b8     ti_dpl_config.obj (.data:gMmuRegionConfig)
                  000099d35060    00000138     drivers.am62dx.c75x.ti-c7000.release.lib : mcasp.obj (.data:gMcaspDrvObj)
                  000099d35198    00000138                                              : uart_v0.obj (.data:gUartDrvObj)
                  000099d352d0    00000120     ti_drivers_config.obj (.data:gMcaspAttrs)
                  000099d353f0    00000010     drivers.am62dx.c75x.ti-c7000.release.lib : sciclient_irq_rm.obj (.data:.const:tisci_if_GPIO1)
                  000099d35400    00000100     ti_drivers_open_close.obj (.data:gRxLoopjobBuf0)
                  000099d35500    00000100     ti_drivers_open_close.obj (.data:gTxLoopjobBuf0)
                  000099d35600    000000d8     rts7504_le.lib : host_device.c.obj (.data:_device)
                  000099d356d8    000000b8     drivers.am62dx.c75x.ti-c7000.release.lib : sciclient_irq_rm.obj (.data:vint_usage_count_DMSS_AM62_0_INTAGGR_0)
                  000099d35790    000000a0     rts7504_le.lib : host_device.c.obj (.data:_stream)
                  000099d35830    00000098     drivers.am62dx.c75x.ti-c7000.release.lib : sciclient_irq_rm.obj (.data:.const:gRmIrqTree)
                  000099d358c8    00000084                                              : udma_utils.obj (.data:gUdmaUtilsTrSizeTable)
                  000099d3594c    00000004     freertos.am62dx.c75x.ti-c7000.release.lib : DebugP_freertos.obj (.data)
                  000099d35950    00000080     drivers.am62dx.c75x.ti-c7000.release.lib : sciclient_irq_rm.obj (.data:gRmIrInstances)
                  000099d359d0    00000078     ti_drivers_open_close.obj (.data:gMcaspOpenParams)
                  000099d35a48    00000068     ti_drivers_open_close.obj (.data:gMcasp0_DmaChCfg)
                  000099d35ab0    00000060     freertos.am62dx.c75x.ti-c7000.release.lib : tasks.obj (.data)
                  000099d35b10    00000060     drivers.am62dx.c75x.ti-c7000.release.lib : sciclient_irq_rm.obj (.data:gRmIaInstances)
                  000099d35b70    00000060     ti_drivers_open_close.obj (.data:gUartParams)
                  000099d35bd0    00000060     mcasp_loopback.obj (.data:txnRx)
                  000099d35c30    00000060     mcasp_loopback.obj (.data:txnTx)
                  000099d35c90    00000050     drivers.am62dx.c75x.ti-c7000.release.lib : udma_rmcfg.obj (.data:gUdmaRmSharedResPrms)
                  000099d35ce0    00000048                                              : sciclient_irq_rm.obj (.data:.const:tisci_if_TIMESYNC_EVENT_ROUTER0)
                  000099d35d28    00000040                                              : sciclient_irq_rm.obj (.data:.const:tisci_if_DMASS1_INTAGGR_0)
                  000099d35d68    00000040                                              : sciclient_irq_rm.obj (.data:.const:tisci_if_WKUP_MCU_GPIOMUX_INTROUTER0)
                  000099d35da8    00000038                                              : sciclient_irq_rm.obj (.data:.const:tisci_if_DMASS0_INTAGGR_0)
                  000099d35de0    00000038                                              : sciclient_irq_rm.obj (.data:.const:tisci_if_MAIN_GPIOMUX_INTROUTER0)
                  000099d35e18    00000038     ti_pinmux_config.obj (.data:gPinMuxMainDomainCfg)
                  000099d35e50    00000030     drivers.am62dx.c75x.ti-c7000.release.lib : sciclient_irq_rm.obj (.data:.const:tisci_if_CMP_EVENT_INTROUTER0)
                  000099d35e80    00000028     freertos.am62dx.c75x.ti-c7000.release.lib : heap_4.obj (.data)
                  000099d35ea8    00000028     drivers.am62dx.c75x.ti-c7000.release.lib : sciclient_soc_priv.obj (.data:gSciclientSecProxyCfg)
                  000099d35ed0    00000024     ti_power_clock_config.obj (.data:gSocModulesClockFrequency)
                  000099d35ef4    00000004     freertos.am62dx.c75x.ti-c7000.release.lib : DebugP_log.obj (.data)
                  000099d35ef8    00000020     drivers.am62dx.c75x.ti-c7000.release.lib : sciclient_irq_rm.obj (.data:.const:tisci_if_CPSW0)
                  000099d35f18    00000020     freertos.am62dx.c75x.ti-c7000.release.lib : port.obj (.data)
                  000099d35f38    00000018     drivers.am62dx.c75x.ti-c7000.release.lib : sciclient_irq_rm.obj (.data:.const:tisci_if_GPIO0)
                  000099d35f50    00000018     ti_dpl_config.obj (.data:gClockConfig)
                  000099d35f68    00000018     ti_pinmux_config.obj (.data:gPinMuxMcuDomainCfg)
                  000099d35f80    00000018     drivers.am62dx.c75x.ti-c7000.release.lib : sciclient.obj (.data:gSciclientHandle)
                  000099d35f98    00000018     ti_drivers_config.obj (.data:gUartConfig)
                  000099d35fb0    00000014     freertos.am62dx.c75x.ti-c7000.release.lib : timers.obj (.data)
                  000099d35fc4    00000004     drivers.am62dx.c75x.ti-c7000.release.lib : sciclient_irq_rm.obj (.data:rom_usage_DMASS0_INTAGGR_0)
                  000099d35fc8    00000010                                              : sciclient_irq_rm.obj (.data:.const:tisci_if_MCU_GPIO0)
                  000099d35fd8    00000010                                              : sciclient_irq_rm.obj (.data:.const:tisci_irq_CMP_EVENT_INTROUTER0)
                  000099d35fe8    00000010                                              : sciclient_irq_rm.obj (.data:.const:tisci_irq_CPSW0)
                  000099d35ff8    00000010                                              : sciclient_irq_rm.obj (.data:.const:tisci_irq_DEBUGSS0)
                  000099d36008    00000010                                              : sciclient_irq_rm.obj (.data:.const:tisci_irq_DMASS0_INTAGGR_0)
                  000099d36018    00000010                                              : sciclient_irq_rm.obj (.data:.const:tisci_irq_DMASS1_INTAGGR_0)
                  000099d36028    00000010                                              : sciclient_irq_rm.obj (.data:.const:tisci_irq_EPWM0)
                  000099d36038    00000010                                              : sciclient_irq_rm.obj (.data:.const:tisci_irq_GPIO0)
                  000099d36048    00000010                                              : sciclient_irq_rm.obj (.data:.const:tisci_irq_GPIO1)
                  000099d36058    00000010                                              : sciclient_irq_rm.obj (.data:.const:tisci_irq_GPMC0)
                  000099d36068    00000010                                              : sciclient_irq_rm.obj (.data:.const:tisci_irq_MAIN_GPIOMUX_INTROUTER0)
                  000099d36078    00000010                                              : sciclient_irq_rm.obj (.data:.const:tisci_irq_MCRC64_0)
                  000099d36088    00000010                                              : sciclient_irq_rm.obj (.data:.const:tisci_irq_MCU_GPIO0)
                  000099d36098    00000010                                              : sciclient_irq_rm.obj (.data:.const:tisci_irq_TIMER0)
                  000099d360a8    00000010                                              : sciclient_irq_rm.obj (.data:.const:tisci_irq_TIMER1)
                  000099d360b8    00000010                                              : sciclient_irq_rm.obj (.data:.const:tisci_irq_TIMER2)
                  000099d360c8    00000010                                              : sciclient_irq_rm.obj (.data:.const:tisci_irq_TIMER3)
                  000099d360d8    00000010                                              : sciclient_irq_rm.obj (.data:.const:tisci_irq_TIMESYNC_EVENT_ROUTER0)
                  000099d360e8    00000010                                              : sciclient_irq_rm.obj (.data:.const:tisci_irq_WKUP_GTC0)
                  000099d360f8    00000010                                              : sciclient_irq_rm.obj (.data:.const:tisci_irq_WKUP_MCU_GPIOMUX_INTROUTER0)
                  000099d36108    00000010     freertos.am62dx.c75x.ti-c7000.release.lib : AddrTranslateP.obj (.data:gAddrTranslateConfig)
                  000099d36118    00000010     ti_drivers_config.obj (.data:gMcaspConfig)
                  000099d36128    00000010     rts7504_le.lib : exit.c.obj (.data)
                  000099d36138    0000000c     ti_power_clock_config.obj (.data:gSocModules)
                  000099d36144    0000000c     ti_drivers_config.obj (.data)
                  000099d36150    00000008     drivers.am62dx.c75x.ti-c7000.release.lib : sciclient_irq_rm.obj (.data:.const:tisci_if_DEBUGSS0)
                  000099d36158    00000008                                              : sciclient_irq_rm.obj (.data:.const:tisci_if_EPWM0)
                  000099d36160    00000008                                              : sciclient_irq_rm.obj (.data:.const:tisci_if_GPMC0)
                  000099d36168    00000008                                              : sciclient_irq_rm.obj (.data:.const:tisci_if_MCRC64_0)
                  000099d36170    00000008                                              : sciclient_irq_rm.obj (.data:.const:tisci_if_TIMER0)
                  000099d36178    00000008                                              : sciclient_irq_rm.obj (.data:.const:tisci_if_TIMER1)
                  000099d36180    00000008                                              : sciclient_irq_rm.obj (.data:.const:tisci_if_TIMER2)
                  000099d36188    00000008                                              : sciclient_irq_rm.obj (.data:.const:tisci_if_TIMER3)
                  000099d36190    00000008                                              : sciclient_irq_rm.obj (.data:.const:tisci_if_WKUP_GTC0)
                  000099d36198    00000008     freertos.am62dx.c75x.ti-c7000.release.lib : CacheP_c75.obj (.data:CacheP_Module_state)
                  000099d361a0    00000008     rts7504_le.lib : _lock.c.obj (.data:_lock)
                  000099d361a8    00000008                    : _lock.c.obj (.data:_unlock)
                  000099d361b0    00000008     freertos.am62dx.c75x.ti-c7000.release.lib : CycleCounterP_c75.obj (.data)
                  000099d361b8    00000008                                               : DebugP_uartLogWriter.obj (.data)
                  000099d361c0    00000008                                               : HwiP_freertos_c7x.obj (.data)
                  000099d361c8    00000008                                               : TaskP_freertos.obj (.data)
                  000099d361d0    00000008     ti_dpl_config.obj (.data:gMmuConfig)
                  000099d361d8    00000008     ti_drivers_config.obj (.data:gUartAttrs)
                  000099d361e0    00000008     mcasp_loopback.obj (.data)
                  000099d361e8    00000008     drivers.am62dx.c75x.ti-c7000.release.lib : sciclient_irq_rm.obj (.data:vint_usage_count_DMSS_AM62_1_INTAGGR_0)
                  000099d361f0    00000008     freertos.am62dx.c75x.ti-c7000.release.lib : tasks.obj (.data:xYieldPendings)
                  000099d361f8    00000004     drivers.am62dx.c75x.ti-c7000.release.lib : sciclient_irq_rm.obj (.data:rom_usage_DMASS1_INTAGGR_0)
                  000099d361fc    00000004     rts7504_le.lib : defs.c.obj (.data)
                  000099d36200    00000004                    : memory.c.obj (.data)
                  000099d36204    00000004     freertos.am62dx.c75x.ti-c7000.release.lib : tasks.obj (.data:ulTaskSwitchedInTime)
                  000099d36208    00000004                                               : tasks.obj (.data:ulTotalRunTime)
                  000099d3620c    00000001     drivers.am62dx.c75x.ti-c7000.release.lib : sciclient.obj (.data)
                  000099d3620d    00000003     --HOLE-- [fill = 0]
                  000099d36210    00000001     ti_drivers_open_close.obj (.data:gMcasp0RxSersUsed)
                  000099d36211    00000003     --HOLE-- [fill = 0]
                  000099d36214    00000001     ti_drivers_open_close.obj (.data:gMcasp0TxSersUsed)

.text      0    000099e00000    00030240     
                  000099e00000    00001000     freertos.am62dx.c75x.ti-c7000.release.lib : CycleCounterP_c75.obj (.text:CycleCounterP_Module_startup)
                  000099e01000    00000e00                                               : printf.obj (.text:_vsnprintf)
                  000099e01e00    00000bc0     drivers.am62dx.c75x.ti-c7000.release.lib : udma_rm.obj (.text:Udma_rmInit)
                  000099e029c0    00000ac0     freertos.am62dx.c75x.ti-c7000.release.lib : Exception.obj (.text:Exception_handler)
                  000099e03480    00000a40                                               : Hwi_disp_always_asm.obj (.text:Hwi_dispatchAlways)
                  000099e03ec0    00000880                                               : Exception.obj (.text:Exception_internalHandler)
                  000099e04740    00000800     drivers.am62dx.c75x.ti-c7000.release.lib : sciclient_rm_irq.obj (.text:Sciclient_rmIrqRouteValidate)
                  000099e04f40    00000740     freertos.am62dx.c75x.ti-c7000.release.lib : printf.obj (.text:_ftoa)
                  000099e05680    00000740     mcasp_loopback.obj (.text:mcasp_loopback_main)
                  000099e05dc0    00000680     rts7504_le.lib : divd.c.obj (.text:__c7xabi_divd)
                  000099e06440    00000640     drivers.am62dx.c75x.ti-c7000.release.lib : udma_rmcfg_common.obj (.text:UdmaRmInitPrms_init)
                  000099e06a80    00000600                                              : udma_ch.obj (.text:Udma_chAllocResource)
                  000099e07080    00000600                                              : udma_ch.obj (.text:Udma_chDisableTxChan)
                  000099e07680    000005c0                                              : udma_soc.obj (.text:Udma_initDrvHandle)
                  000099e07c40    00000540                                              : mcasp.obj (.text:MCASP_open)
                  000099e08180    00000500                                              : mcasp_dma.obj (.text:MCASP_primeTxTrpd)
                  000099e08680    00000500     freertos.am62dx.c75x.ti-c7000.release.lib : Exception_asm.obj (.text)
                  000099e08b80    000004c0                                               : MmuP_c75.obj (.text:MmuP_allocTable)
                  000099e09040    000004c0     drivers.am62dx.c75x.ti-c7000.release.lib : udma_event.obj (.text:Udma_eventConfig)
                  000099e09500    000004c0     freertos.am62dx.c75x.ti-c7000.release.lib : printf.obj (.text:_etoa)
                  000099e099c0    00000480     drivers.am62dx.c75x.ti-c7000.release.lib : mcasp_dma.obj (.text:MCASP_openDma)
                  000099e09e40    00000480                                              : sciclient.obj (.text:Sciclient_service)
                  000099e0a2c0    00000480                                              : udma_ch.obj (.text:Udma_chReset)
                  000099e0a740    00000440     freertos.am62dx.c75x.ti-c7000.release.lib : TimerP.obj (.text:TimerP_setup)
                  000099e0ab80    00000440                                               : printf.obj (.text:_ntoa_format)
                  000099e0afc0    00000400     drivers.am62dx.c75x.ti-c7000.release.lib : mcasp_dma.obj (.text:MCASP_udmaIsrTx)
                  000099e0b3c0    00000400                                              : udma_ch.obj (.text:Udma_chDisableRxChan)
                  000099e0b7c0    000003c0                                              : mcasp.obj (.text:MCASP_startTransferRx)
                  000099e0bb80    000003c0                                              : mcasp.obj (.text:MCASP_startTransferTx)
                  000099e0bf40    000003c0                                              : mcasp_dma.obj (.text:MCASP_udmaIsrRx)
                  000099e0c300    000003c0                                              : sciclient_rm_irq.obj (.text:Sciclient_rmIrqGetRoute)
                  000099e0c6c0    000003c0                                              : uart_v0.obj (.text:UART_open)
                  000099e0ca80    00000380     udma.am62dx.c75x.ti-c7000.release.lib : csl_bcdma.obj (.text:CSL_bcdmaChanOpCfgChan)
                  000099e0ce00    00000380     drivers.am62dx.c75x.ti-c7000.release.lib : mcasp.obj (.text:MCASP_programInstance)
                  000099e0d180    00000380     freertos.am62dx.c75x.ti-c7000.release.lib : MmuP_c75.obj (.text:MmuP_tableWalk)
                  000099e0d500    00000380     drivers.am62dx.c75x.ti-c7000.release.lib : sciclient_rm_irq.obj (.text:Sciclient_rmIrqFindRoute)
                  000099e0d880    00000340                                              : uart_v0.obj (.text:UART_masterIsr)
                  000099e0dbc0    00000340                                              : udma_ch.obj (.text:Udma_chConfigRx)
                  000099e0df00    00000340                                              : udma_event.obj (.text:Udma_eventReset)
                  000099e0e240    00000340                                              : udma_flow.obj (.text:Udma_flowConfig)
                  000099e0e580    00000340     rts7504_le.lib : memory.c.obj (.text:aligned_alloc)
                  000099e0e8c0    00000300     drivers.am62dx.c75x.ti-c7000.release.lib : udma_event.obj (.text:Udma_eventAllocResource)
                  000099e0ebc0    00000300                                              : udma_ring_common.obj (.text:Udma_ringAlloc)
                  000099e0eec0    00000300                                              : udma_rm.obj (.text:Udma_rmSetSharedResRmInitPrms)
                  000099e0f1c0    00000300     freertos.am62dx.c75x.ti-c7000.release.lib : tasks.obj (.text:xTaskResumeAll)
                  000099e0f4c0    000002c0     drivers.am62dx.c75x.ti-c7000.release.lib : soc.obj (.text:SOC_moduleSetClockFrequency)
                  000099e0f780    000002c0                                              : uart_v0.obj (.text:UART_fifoConfig)
                  000099e0fa40    000002c0                                              : udma_ch.obj (.text:Udma_chDisableBlkCpyChan)
                  000099e0fd00    000002c0                                              : udma_event.obj (.text:Udma_eventRegister)
                  000099e0ffc0    000002c0     freertos.am62dx.c75x.ti-c7000.release.lib : timers.obj (.text:prvProcessReceivedCommands)
                  000099e10280    000002c0                                               : queue.obj (.text:xQueueGenericSend)
                  000099e10540    000002c0                                               : queue.obj (.text:xQueueSemaphoreTake)
                  000099e10800    000002c0                                               : tasks.obj (.text:xTaskIncrementTick)
                  000099e10ac0    00000280                                               : ClockP_freertos_c75.obj (.text:ClockP_init)
                  000099e10d40    00000280     drivers.am62dx.c75x.ti-c7000.release.lib : mcasp_dma.obj (.text:MCASP_primeRxHpd)
                  000099e10fc0    00000280                                              : mcasp.obj (.text:MCASP_rx_isr)
                  000099e11240    00000280                                              : mcasp.obj (.text:MCASP_tx_isr)
                  000099e114c0    00000280                                              : sciclient_rm_irq.obj (.text:Sciclient_rmClearInterruptRoute)
                  000099e11740    00000280                                              : uart_v0.obj (.text:UART_write)
                  000099e119c0    00000280                                              : udma_ch.obj (.text:Udma_chConfigTx)
                  000099e11c40    00000280                                              : udma_ch.obj (.text:Udma_chFreeResource)
                  000099e11ec0    00000280                                              : udma_ch.obj (.text:Udma_chOpen)
                  000099e12140    00000280                                              : udma.obj (.text:Udma_init)
                  000099e123c0    00000280     rts7504_le.lib : memory.c.obj (.text:free)
                  000099e12640    00000280     freertos.am62dx.c75x.ti-c7000.release.lib : queue.obj (.text:xQueueReceive)
                  000099e128c0    00000240     rts7504_le.lib : hostrename.c.obj (.text:HOSTrename)
                  000099e12b00    00000240     drivers.am62dx.c75x.ti-c7000.release.lib : mcasp_dma.obj (.text:MCASP_closeDma)
                  000099e12d40    00000240     freertos.am62dx.c75x.ti-c7000.release.lib : MmuP_c75.obj (.text:MmuP_init)
                  000099e12f80    00000240     drivers.am62dx.c75x.ti-c7000.release.lib : sciclient_rm_irq.obj (.text:Sciclient_rmIrqDeleteRoute)
                  000099e131c0    00000240                                              : sciclient_rm_irq.obj (.text:Sciclient_rmIrqProgramRoute)
                  000099e13400    00000240                                              : sciclient_rm_irq.obj (.text:Sciclient_rmProgramInterruptRoute)
                  000099e13640    00000240                                              : uart_v0.obj (.text:UART_close)
                  000099e13880    00000240                                              : udma_ch.obj (.text:Udma_chAssignRegOverlay)
                  000099e13ac0    00000240                                              : udma_ch.obj (.text:Udma_chEnableLocal)
                  000099e13d00    00000240                                              : udma_rm.obj (.text:Udma_rmAllocMappedRing)
                  000099e13f40    00000240                                              : udma_rm.obj (.text:Udma_rmGetSciclientDefaultBoardCfgRmRange)
                  000099e14180    00000240     freertos.am62dx.c75x.ti-c7000.release.lib : queue.obj (.text:xQueueGiveFromISR)
                  000099e143c0    00000200                                               : HwiP_freertos_c7x.obj (.text:HwiP_construct)
                  000099e145c0    00000200     drivers.am62dx.c75x.ti-c7000.release.lib : mcasp.obj (.text:MCASP_stopTransferRx)
                  000099e147c0    00000200                                              : mcasp.obj (.text:MCASP_stopTransferTx)
                  000099e149c0    00000200                                              : sciclient_pm.obj (.text:Sciclient_pmGetModuleState)
                  000099e14bc0    00000200                                              : sciclient_pm.obj (.text:Sciclient_pmQueryModuleClkFreq)
                  000099e14dc0    00000200                                              : uart_v0.obj (.text:UART_configInstance)
                  000099e14fc0    00000200                                              : udma_ch.obj (.text:Udma_chConfigPdma)
                  000099e151c0    00000200                                              : udma_ring_lcdma.obj (.text:Udma_ringSetCfgLcdma)
                  000099e153c0    00000200     freertos.am62dx.c75x.ti-c7000.release.lib : tasks.obj (.text:prvInitialiseNewTask)
                  000099e155c0    00000200     rts7504_le.lib : setvbuf.c.obj (.text:setvbuf)
                  000099e157c0    00000200     freertos.am62dx.c75x.ti-c7000.release.lib : tasks.obj (.text:vTaskPriorityDisinheritAfterTimeout)
                  000099e159c0    00000200                                               : queue.obj (.text:xQueueReceiveFromISR)
                  000099e15bc0    00000200                                               : tasks.obj (.text:xTaskPriorityDisinherit)
                  000099e15dc0    00000200                                               : tasks.obj (.text:xTaskPriorityInherit)
                  000099e15fc0    00000200                                               : tasks.obj (.text:xTaskRemoveFromEventList)
                  000099e161c0    000001c0     udma.am62dx.c75x.ti-c7000.release.lib : csl_bcdma.obj (.text:CSL_bcdmaChanOp)
                  000099e16380    000001c0                                           : csl_bcdma.obj (.text:CSL_bcdmaChanOpGetChanStats)
                  000099e16540    000001c0                                           : csl_lcdma_ringacc.obj (.text:CSL_lcdma_ringaccDequeue)
                  000099e16700    000001c0     freertos.am62dx.c75x.ti-c7000.release.lib : HwiP_c75.obj (.text:Hwi_reconfig)
                  000099e168c0    000001c0     drivers.am62dx.c75x.ti-c7000.release.lib : sciclient_pm.obj (.text:Sciclient_pmGetModuleClkNumParent)
                  000099e16a80    000001c0                                              : sciclient_pm.obj (.text:Sciclient_pmGetModuleClkParent)
                  000099e16c40    000001c0                                              : sciclient_pm.obj (.text:Sciclient_pmModuleGetClkStatus)
                  000099e16e00    000001c0                                              : sciclient.obj (.text:Sciclient_recvMessage)
                  000099e16fc0    000001c0                                              : sciclient.obj (.text:Sciclient_sendMessage)
                  000099e17180    000001c0     freertos.am62dx.c75x.ti-c7000.release.lib : TaskSupport.obj (.text:TaskSupport_setupTaskStack)
                  000099e17340    000001c0     drivers.am62dx.c75x.ti-c7000.release.lib : uart_v0.obj (.text:UART_divisorLatchWrite)
                  000099e17500    000001c0                                              : uart_v0.obj (.text:UART_procLineStatusErr)
                  000099e176c0    000001c0                                              : udma_rm.obj (.text:Udma_rmAllocBlkCopyCh)
                  000099e17880    000001c0                                              : udma_rm.obj (.text:Udma_rmAllocBlkCopyHcCh)
                  000099e17a40    000001c0                                              : udma_rm.obj (.text:Udma_rmAllocBlkCopyUhcCh)
                  000099e17c00    000001c0                                              : udma_rm.obj (.text:Udma_rmAllocIrIntr)
                  000099e17dc0    000001c0                                              : udma_rm.obj (.text:Udma_rmAllocMappedRxCh)
                  000099e17f80    000001c0                                              : udma_rm.obj (.text:Udma_rmAllocMappedTxCh)
                  000099e18140    000001c0                                              : udma_rm.obj (.text:Udma_rmAllocRxCh)
                  000099e18300    000001c0                                              : udma_rm.obj (.text:Udma_rmAllocRxHcCh)
                  000099e184c0    000001c0                                              : udma_rm.obj (.text:Udma_rmAllocRxUhcCh)
                  000099e18680    000001c0                                              : udma_rm.obj (.text:Udma_rmAllocTxCh)
                  000099e18840    000001c0                                              : udma_rm.obj (.text:Udma_rmAllocTxHcCh)
                  000099e18a00    000001c0                                              : udma_rm.obj (.text:Udma_rmAllocTxUhcCh)
                  000099e18bc0    000001c0     rts7504_le.lib : trgmsg.c.obj (.text:__TI_readmsg)
                  000099e18d80    000001c0     freertos.am62dx.c75x.ti-c7000.release.lib : printf.obj (.text:_ntoa_long)
                  000099e18f40    000001c0                                               : printf.obj (.text:_ntoa_long_long)
                  000099e19100    000001c0                                               : tasks.obj (.text:eTaskGetState)
                  000099e192c0    000001c0     rts7504_le.lib : fputc.c.obj (.text:fputc)
                  000099e19480    000001c0     freertos.am62dx.c75x.ti-c7000.release.lib : tasks.obj (.text:prvAddCurrentTaskToDelayedList)
                  000099e19640    000001c0                                               : tasks.obj (.text:prvCreateStaticTask)
                  000099e19800    000001c0                                               : heap_4.obj (.text:prvInsertBlockIntoFreeList)
                  000099e199c0    000001c0                                               : tasks.obj (.text:vTaskDelete)
                  000099e19b80    000001c0                                               : tasks.obj (.text:vTaskSwitchContext)
                  000099e19d40    000001c0                                               : queue.obj (.text:xQueueGenericCreateStatic)
                  000099e19f00    000001c0                                               : queue.obj (.text:xQueueGenericReset)
                  000099e1a0c0    00000180     udma.am62dx.c75x.ti-c7000.release.lib : csl_bcdma.obj (.text:CSL_bcdmaChanOpDecChanStats)
                  000099e1a240    00000180                                           : csl_bcdma.obj (.text:CSL_bcdmaChanOpTeardownChan)
                  000099e1a3c0    00000180     freertos.am62dx.c75x.ti-c7000.release.lib : csl_clec.obj (.text:CSL_clecConfigEvent)
                  000099e1a540    00000180     udma.am62dx.c75x.ti-c7000.release.lib : csl_lcdma_ringacc.obj (.text:CSL_lcdma_ringaccPop64MultiAccess)
                  000099e1a6c0    00000180                                           : csl_lcdma_ringacc.obj (.text:CSL_lcdma_ringaccPush64MultiAccess)
                  000099e1a840    00000180     drivers.am62dx.c75x.ti-c7000.release.lib : mcasp_dma.obj (.text:MCASP_enableDmaRx)
                  000099e1a9c0    00000180                                              : mcasp_dma.obj (.text:MCASP_enableDmaTx)
                  000099e1ab40    00000180                                              : mcasp_soc.obj (.text:MCASP_extHclkSrcConfig)
                  000099e1acc0    00000180     freertos.am62dx.c75x.ti-c7000.release.lib : MmuP_c75.obj (.text:MmuP_map)
                  000099e1ae40    00000180     drivers.am62dx.c75x.ti-c7000.release.lib : sciclient_pm.obj (.text:Sciclient_pmSetModuleClkFreq)
                  000099e1afc0    00000180                                              : sciclient_pm.obj (.text:Sciclient_pmSetModuleClkParent)
                  000099e1b140    00000180                                              : sciclient_rm_irq.obj (.text:Sciclient_rmIrGetOutp)
                  000099e1b2c0    00000180                                              : sciclient_rm_irq.obj (.text:Sciclient_rmIrqCfgIsEventToVintMappingOnly)
                  000099e1b440    00000180                                              : sciclient_rm_irq.obj (.text:Sciclient_rmIrqIsVintRouteSet)
                  000099e1b5c0    00000180                                              : sciclient_rm_irq.obj (.text:Sciclient_rmIrqVintAdd)
                  000099e1b740    00000180                                              : sciclient_rm_irq.obj (.text:Sciclient_rmIrqVintDelete)
                  000099e1b8c0    00000180                                              : sciclient.obj (.text:Sciclient_waitForMessage)
                  000099e1ba40    00000180     freertos.am62dx.c75x.ti-c7000.release.lib : TaskP_freertos.obj (.text:TaskP_loadUpdateAll)
                  000099e1bbc0    00000180     drivers.am62dx.c75x.ti-c7000.release.lib : udma_event.obj (.text:Udma_eventIsrFxn)
                  000099e1bd40    00000180     freertos.am62dx.c75x.ti-c7000.release.lib : printf.obj (.text:_out_rev)
                  000099e1bec0    00000180     rts7504_le.lib : getdevice.c.obj (.text:getdevice)
                  000099e1c040    00000180     freertos.am62dx.c75x.ti-c7000.release.lib : tasks.obj (.text:prvAddNewTaskToReadyList)
                  000099e1c1c0    00000180                                               : heap_4.obj (.text:vPortFree)
                  000099e1c340    00000180                                               : tasks.obj (.text:xTaskCheckForTimeOut)
                  000099e1c4c0    00000140     rts7504_le.lib : hostlseek.c.obj (.text:HOSTlseek)
                  000099e1c600    00000140                    : hostopen.c.obj (.text:HOSTopen)
                  000099e1c740    00000140     freertos.am62dx.c75x.ti-c7000.release.lib : HwiP_c75.obj (.text:Hwi_Module_startup)
                  000099e1c880    00000140     drivers.am62dx.c75x.ti-c7000.release.lib : mcasp.obj (.text:MCASP_close)
                  000099e1c9c0    00000140                                              : mcasp.obj (.text:MCASP_getBufferOffset)
                  000099e1cb00    00000140                                              : mcasp.obj (.text:MCASP_init)
                  000099e1cc40    00000140                                              : soc.obj (.text:SOC_controlModuleLockMMR)
                  000099e1cd80    00000140                                              : soc.obj (.text:SOC_controlModuleUnlockMMR)
                  000099e1cec0    00000140                                              : soc.obj (.text:SOC_moduleClockEnable)
                  000099e1d000    00000140                                              : sciclient_pm.obj (.text:Sciclient_pmModuleClkRequest)
                  000099e1d140    00000140                                              : sciclient_pm.obj (.text:Sciclient_pmSetModuleRst)
                  000099e1d280    00000140                                              : sciclient_pm.obj (.text:Sciclient_pmSetModuleState)
                  000099e1d3c0    00000140                                              : sciclient_rm_irq.obj (.text:Sciclient_rmIaValidateMapping)
                  000099e1d500    00000140                                              : sciclient_rm_irq.obj (.text:Sciclient_rmIrInpIsFree)
[...]
000099e28e00  CacheP_enable                                                                   
000099e28e80  CacheP_enableWT                                                                 
000099e28f00  CacheP_inv                                                                      
000099e28f80  CacheP_wb                                                                       
000099e29000  ClockP_usleep                                                                   
000099e29080  DebugP_logZoneEnable                                                            
000099e29100  DebugP_uartLogWriterPutChar                                                     
000099e29180  Dpl_init                                                                        
000099e29200  Drivers_uartClose                                                               
000099e29280  Exception_Module_startup                                                        
000099e29300  HwiP_destruct                                                                   
000099e29380  HwiP_disable                                                                    
000099e29400  HwiP_disableInt                                                                 
000099e29480  HwiP_restore                                                                    
000099e29500  Hwi_Instance_finalize                                                           
000099e29580  Hwi_construct                                                                   
000099e29600  Hwi_disableIER                                                                  
000099e29680  Hwi_dispatchC                                                                   
000099e29700  Hwi_enableIER                                                                   
000099e29780  Hwi_eventMap                                                                    
000099e29800  Hwi_postInit                                                                    
000099e29880  Hwi_secureStart                                                                 
000099e29900  Hwi_switchAndDispatch                                                           
000099e29980  Hwi_switchToNS                                                                  
000099e29a00  MCASP_getHandle                                                                 
000099e29b00  MmuP_disable                                                                    
000099e29b80  MmuP_enable                                                                     
000099e29c00  Module_clockEnable                                                              
000099e29c80  QueueP_isEmpty                                                                  
000099e2a080  Sciclient_rmIrqRelease                                                          
000099e2a500  UART_getHandle                                                                  
000099e2ab00  UART_writeInterruptDma                                                          
000099e2ab80  UdmaChUtcPrms_init                                                              
000099e2ac00  UdmaEventPrms_init                                                              
000099e2ac80  UdmaRingPrms_init                                                               
000099e2ad00  UdmaUtils_makeTrpd                                                              
000099e2ad80  Udma_chGetCqRingHandle                                                          
000099e2ae00  Udma_chGetFqRingHandle                                                          
000099e2af00  Udma_eventGetId                                                                 
000099e2b000  Udma_lcdmaRingaccMemOps                                                         
000099e2b080  Udma_ringDequeueRawLcdma                                                        
000099e2b100  Udma_ringGetForwardRingOccLcdma                                                 
000099e2b180  Udma_ringGetReverseRingOccLcdma                                                 
000099e2b200  Udma_ringPrimeLcdma                                                             
000099e2b280  Udma_ringPrimeReadLcdma                                                         
000099e2b300  Udma_virtToPhyFxn                                                               
000099e2b380  _DebugP_assertNoLog                                                             
000099e2b400  __TI_frcmpyd_div                                                                
000099e2b480  _args_main                                                                      
000099e2b600  freertos_main                                                                   
000099e2b680  lseek                                                                           
000099e2b700  mcasp_loopback_rxcb                                                             
000099e2b780  mcasp_loopback_txcb                                                             
000099e2b800  memset                                                                          
000099e2bc80  Task_exit                                                                       
000099e2bd00  pxPortInitialiseStack                                                           
000099e2bd80  unlink                                                                          
000099e2be00  uxListRemove                                                                    
000099e2be80  vApplicationLoadHook                                                            
000099e2bf00  vApplicationStackOverflowHook                                                   
000099e2bf80  vPortAssertIfInISR                                                              
000099e2c000  vPortYieldAsyncFromISR                                                          
000099e2c080  vTaskEnterCritical                                                              
000099e2c100  vprintf_                                                                        
000099e2c180  write                                                                           
000099e2c200  xQueueCreateMutexStatic                                                         
000099e2c280  xTaskCreateStatic                                                               
000099e2c300  xTaskGetIdleTaskHandle                                                          
000099e2c380  Board_driversClose                                                              
000099e2c3c0  Board_driversOpen                                                               
000099e2c400  Board_init                                                                      
000099e2cc80  CSL_bcdmaGetRxRT                                                                
000099e2ccc0  CSL_bcdmaGetTxRT                                                                
000099e2cd00  CSL_bcdmaSetRxRT                                                                
000099e2cd40  CSL_bcdmaSetTxRT                                                                
000099e2ce00  CSL_lcdma_ringaccInitRingObj                                                    
000099e2ce40  CSL_lcdma_ringaccPop64                                                          
000099e2ce80  CSL_lcdma_ringaccPush64                                                         
000099e2cf40  CSL_pktdmaDisableRxChan                                                         
000099e2cf80  CSL_pktdmaDisableTxChan                                                         
000099e2d000  CSL_pktdmaTeardownRxChan                                                        
000099e2d040  CSL_pktdmaTeardownTxChan                                                        
000099e2d080  CSL_secProxyGetDataAddr                                                         
000099e2d6c0  CacheP_Module_startup                                                           
000099e2d700  CacheP_getL1DCFG                                                                
000099e2d740  CacheP_setL1DCFG                                                                
000099e2d780  CacheP_wait                                                                     
000099e2d7c0  ClockP_getTicks                                                                 
000099e2d800  ClockP_getTimerCount                                                            
000099e2d880  ClockP_timerClearOverflowInt                                                    
000099e2d8c0  ClockP_timerTickIsr                                                             
000099e2d900  ClockP_usecToTicks                                                              
000099e2d940  DebugP_uartSetDrvIndex                                                          
000099e2d980  Drivers_close                                                                   
000099e2d9c0  Drivers_mcaspClose                                                              
000099e2da00  Drivers_open                                                                    
000099e2da40  Drivers_uartInit                                                                
000099e2dc00  HwiP_Params_init                                                                
000099e2dc40  HwiP_enable                                                                     
000099e2dc80  HwiP_enableInt                                                                  
000099e2dcc0  HwiP_inISR                                                                      
000099e2dd00  HwiP_init                                                                       
000099e2dd40  Hwi_Params__init__S                                                             
000099e2dd80  Hwi_Params_init                                                                 
000099e2ddc0  Hwi_destruct                                                                    
000099e2de00  Hwi_disable                                                                     
000099e2de40  Hwi_enable                                                                      
000099e2de80  Hwi_getCXM                                                                      
000099e2dec0  Hwi_getEventId                                                                  
000099e2df00  Hwi_getIsrStackAddress                                                          
000099e2df80  Hwi_restore                                                                     
000099e2dfc0  Hwi_setCOP                                                                      
000099e2e000  Hwi_switchFromBootStack                                                         
000099e2e040  IntrinsicsSupport_maxbit                                                        
000099e2e080  IntrinsicsSupport_mfence                                                        
000099e2e0c0  MCASP_disableDmaRx                                                              
000099e2e100  MCASP_disableDmaTx                                                              
000099e2e180  MmuP_disableI                                                                   
000099e2e1c0  MmuP_enableI                                                                    
000099e2e200  MmuP_enableI_secure                                                             
000099e2e280  MmuP_isEnabled                                                                  
000099e2e2c0  MmuP_setMAIRAsm                                                                 
000099e2e300  MmuP_setTCR                                                                     
000099e2e340  MmuP_tlbInvAll                                                                  
000099e2e380  Mmu_init                                                                        
000099e2e3c0  Pinmux_init                                                                     
000099e2e400  PowerClock_init                                                                 
000099e2e440  QueueP_create                                                                   
000099e2e4c0  Sciclient_getSelfDevIdCore                                                      
000099e2e600  Sciclient_rmIrqSet                                                              
000099e2e640  Sciclient_rmIrqTranslateIaOutput                                                
000099e2ea00  SemaphoreP_destruct                                                             
000099e2ea80  TaskP_yield                                                                     
000099e2eac0  TaskSupport_getStackAlignment                                                   
000099e2eb00  TaskSupport_glue                                                                
000099e2eb40  TaskSupport_glueUnpriv                                                          
000099e2eb80  Task_enter                                                                      
000099e2ebc0  TimerP_Params_init                                                              
000099e2ec00  TimerP_clearOverflowInt                                                         
000099e2ec40  TimerP_getCount                                                                 
000099e2ec80  TimerP_getReloadCount                                                           
000099e2efc0  UdmaChPdmaPrms_init                                                             
000099e2f000  UdmaUtils_getRingMemSize                                                        
000099e2f040  UdmaUtils_getTrSizeEncoded                                                      
000099e2f0c0  Udma_chGetCqRingNum                                                             
000099e2f100  Udma_defaultPhyToVirtFxn                                                        
000099e2f140  Udma_defaultVirtToPhyFxn                                                        
000099e2f180  Udma_eventGetGlobalHandle                                                       
000099e2f240  Udma_isCacheCoherent                                                            
000099e2f280  Udma_ringGetElementCntLcdma                                                     
000099e2f2c0  Udma_ringGetForwardRingOcc                                                      
000099e2f300  Udma_ringGetMemPtrLcdma                                                         
000099e2f340  Udma_ringGetModeLcdma                                                           
000099e2f380  Udma_ringGetNum                                                                 
000099e2f3c0  Udma_ringGetRdIdxLcdma                                                          
000099e2f400  Udma_ringGetReverseRingOcc                                                      
000099e2f440  Udma_ringGetWrIdxLcdma                                                          
000099e2f480  Udma_ringHandleClearRegsLcdma                                                   
000099e2f4c0  Udma_ringQueueRawLcdma                                                          
000099e2f500  Udma_ringSetDoorBell                                                            
000099e2f540  Udma_rmAllocFreeRing                                                            
000099e2f580  Udma_rmFreeFreeRing                                                             
000099e2f5c0  Udma_rmGetDefBoardCfgPrms                                                       
000099e2f600  Udma_rmGetDefaultCfg                                                            
000099e2f640  Udma_rmGetSharedResPrms                                                         
000099e2f680  Udma_rmTranslateCoreIntrInput                                                   
000099e2f6c0  Udma_rmTranslateIrOutput                                                        
000099e2f700  __c7xabi_fixdull                                                                
000099e2f740  __c7xabi_fltulld                                                                
000099e2f780  __c7xabi_remull                                                                 
000099e2f7c0  _c_int00                                                                        
000099e2f840  _nop                                                                            
000099e2f900  _system_post_cinit                                                              
000099e2f940  _system_pre_init                                                                
000099e2f980  C$$EXIT                                                                         
000099e2f980  abort                                                                           
000099e2f9c0  c7x_startup_init                                                                
000099e2fa00  exit                                                                            
000099e2fa40  malloc                                                                          
000099e2fbc0  putchar                                                                         
000099e2fc00  putchar_                                                                        
000099e2fc40  pvTaskIncrementMutexHeldCount                                                   
000099e2fc80  remove                                                                          
000099e2fcc0  ti_sysbios_knl_Task_Func                                                        
000099e2fd00  uiPortGetRunTimeCounterValue                                                    
000099e2fd40  uxTaskGetNumberOfTasks                                                          
000099e2fd80  vApplicationGetIdleTaskMemory                                                   
000099e2fdc0  vApplicationGetTimerTaskMemory                                                  
000099e2fe00  vApplicationIdleHook                                                            
000099e2fe40  vListInitialise                                                                 
000099e2fe80  vListInitialiseItem                                                             
000099e2fec0  vListInsertEnd                                                                  
000099e2ff00  vPortConfigTimerForRunTimeStats                                                 
000099e2ff40  vPortRestoreTaskContext                                                         
000099e2ff80  vPortTimerTickHandler                                                           
000099e2ffc0  vPortValidateInterruptPriority                                                  
000099e30000  vPortYeildFromISR                                                               
000099e30040  vTaskInternalSetTimeOutState                                                    
000099e30080  vTaskMissedYield                                                                
000099e300c0  vTaskSuspendAll                                                                 
000099e30100  xPortInIsrContext                                                               
000099e30140  xPortStartScheduler                                                             
000099e30180  xTaskGetCurrentTaskHandle                                                       
000099e301c0  xTaskGetSchedulerState                                                          
000099e30200  xTaskGetTickCount                                                               
00009a000000  _c_int00_secure                                                                 
UNDEFED       __TI_CINIT_Base                                                                 
UNDEFED       __TI_CINIT_Limit                                                                
UNDEFED       __TI_Handler_Table_Base                                                         
UNDEFED       __TI_Handler_Table_Limit                                                        

[650 symbols]
