******************************************************************************
                     C7x Linker Unix v5.0.0                    
******************************************************************************
>> Linked Sat Feb 21 02:50:44 2026

OUTPUT FILE NAME:   <uart_echo_dma.release.out>
ENTRY POINT SYMBOL: "_c_int00_secure"  address: 00009a000000


MEMORY CONFIGURATION

         name            origin         length     used     unused   attr    fill
----------------------  ------------   --------  --------  --------  ----  --------
  L2SRAM                00007e000000   00100000  00000000  00100000  RW X
  DDR0_RESERVED         000080000000   19800000  00000000  19800000  RWIX
  C7X_IPC_D             000099800000   00100000  00000000  00100000  RWIX
  C7X_BOOT_D            000099a00000   00000400  00000000  00000400  RWIX
  C7X_VECS_D            000099c00000   00004000  00000840  000037c0  RWIX
  C7X_CIO_MEM           000099c10000   00001000  00000120  00000ee0  RWIX
  C7X_DDR_SPACE         000099c11000   01bef000  0014a7d2  01aa482e  RWIX


SEGMENT ALLOCATION MAP

  run origin     load origin      length   init length attrs members
--------------  --------------  ---------- ----------- ----- -------
000099c00000    000099c00000    00000840   00000840    r-x
  000099c00000    000099c00000    00000840   00000840    r-x .vecs
000099c10000    000099c10000    00000120   00000000    rw-
  000099c10000    000099c10000    00000120   00000000    rw- .cio
000099c11000    000099c11000    000c5688   00000000    rw-
  000099c11000    000099c11000    000c5688   00000000    rw- .bss
000099cd6688    000099cd6688    00001000   00001000    rw-
  000099cd6688    000099cd6688    00001000   00001000    rw- .args
000099cd8000    000099cd8000    00040008   00000000    rw-
  000099cd8000    000099cd8000    00020000   00000000    rw- .stack
  000099cf8000    000099cf8000    00020000   00000000    rw- .sysmem
  000099d18000    000099d18000    00000008   00000000    rw- .data.Mmu_level1Table
000099d19000    000099d19000    00010008   00000000    rw-
  000099d19000    000099d19000    00010000   00000000    rw- .data.gMmu_tableArray_NS
  000099d29000    000099d29000    00000008   00000000    rw- .data.Mmu_tableArraySlot_NS
000099d2a000    000099d2a000    00000008   00000000    rw-
  000099d2a000    000099d2a000    00000008   00000000    rw- .data.Mmu_level1Table_NS
000099d2a008    000099d2a008    00005985   00005985    rw-
  000099d2a008    000099d2a008    000036e5   000036e5    rw- .const
  000099d2d6f0    000099d2d6f0    0000229d   0000229d    rw- .data
000099e00000    000099e00000    0002c780   0002c780    r-x
  000099e00000    000099e00000    0002c780   0002c780    r-x .text
00009a000000    00009a000000    00000040   00000040    r-x
  00009a000000    00009a000000    00000040   00000040    r-x .text:_c_int00_secure


SECTION ALLOCATION MAP

 output                                      attributes/
section   page      origin        length       input sections
--------  ----  --------------  ----------   ----------------
.vecs      0    000099c00000    00000840     
                  000099c00000    00000840     freertos.am62dx.c75x.ti-c7000.release.lib : Hwi_disp_always_asm.obj (.vecs)

.cio       0    000099c10000    00000120     UNINITIALIZED
                  000099c10000    00000120     rts7504_le.lib : trgmsg.c.obj (.cio)

.bss       0    000099c11000    000c5688     UNINITIALIZED
                  000099c11000    00040000     freertos.am62dx.c75x.ti-c7000.release.lib : port.obj (.bss:uxIdleTaskStack$4)
                  000099c51000    00040000                                               : port.obj (.bss:uxTimerTaskStack$6)
                  000099c91000    00030000                                               : heap_4.obj (.bss:ucHeap)
                  000099cc1000    00010000     (.common:gMainTaskStack)
                  000099cd1000    000013d8     (.common:gUdmaDrvObj)
                  000099cd23d8    00000f00                                               : Exception.obj (.bss:gExceptionContext)
                  000099cd32d8    00000e00                                               : HwiP_freertos_c7x.obj (.bss:gOsalHwiPFreeRtosPool)
                  000099cd40d8    00000590     ti_drivers_config.obj (.bss:gUart0UdmaRxObj)
                  000099cd4668    00000590     ti_drivers_config.obj (.bss:gUart0UdmaTxObj)
                  000099cd4bf8    00000500     freertos.am62dx.c75x.ti-c7000.release.lib : tasks.obj (.bss:pxReadyTasksLists)
                  000099cd50f8    00000480     ti_drivers_config.obj (.bss:gUartObjects)
                  000099cd5578    00000200     freertos.am62dx.c75x.ti-c7000.release.lib : timers.obj (.bss:ucStaticTimerQueueStorage$17)
                  000099cd5778    00000200     (.common:xQueueRegistry)
                  000099cd5978    00000140     ti_drivers_config.obj (.bss:gUart0UdmaCqRxEventObj)
                  000099cd5ab8    00000140     ti_drivers_config.obj (.bss:gUart0UdmaCqTxEventObj)
                  000099cd5bf8    00000130     freertos.am62dx.c75x.ti-c7000.release.lib : DebugP_freertos.obj (.bss:gDebugLogLockObj)
                  000099cd5d28    00000118                                               : port.obj (.bss:xIdleTaskTCB$3)
                  000099cd5e40    00000118                                               : port.obj (.bss:xTimerTaskTCB$5)
                  000099cd5f58    00000118     (.common:gMainTaskObj)
                  000099cd6070    00000010                                               : tasks.obj (.bss)
                  000099cd6080    000000c8     (.common:gUartBuffer)
                  000099cd6148    000000a0                                               : timers.obj (.bss:xStaticTimerQueue$16)
                  000099cd61e8    000000a0     (.common:__TI_tmpnams)
                  000099cd6288    000000a0     (.common:gTaskP_ctrl)
                  000099cd6328    00000038     drivers.am62dx.c75x.ti-c7000.release.lib : sciclient_rm_irq.obj (.bss:gPstack)
                  000099cd6360    00000038     (.common:gClockCtrl)
                  000099cd6398    00000028     freertos.am62dx.c75x.ti-c7000.release.lib : timers.obj (.bss:xActiveTimerList1)
                  000099cd63c0    00000028                                               : timers.obj (.bss:xActiveTimerList2)
                  000099cd63e8    00000010                                               : timers.obj (.bss)
                  000099cd63f8    00000008     rts7504_le.lib : memory.c.obj (.bss)
                  000099cd6400    00000030     ti_drivers_config.obj (.bss:gUart0UdmaRxHpdMem)
                  000099cd6430    00000028     freertos.am62dx.c75x.ti-c7000.release.lib : tasks.obj (.bss:xDelayedTaskList1)
                  000099cd6458    00000028                                               : tasks.obj (.bss:xDelayedTaskList2)
                  000099cd6480    00000030     ti_drivers_config.obj (.bss:gUart0UdmaTxHpdMem)
                  000099cd64b0    00000028     freertos.am62dx.c75x.ti-c7000.release.lib : tasks.obj (.bss:xPendingReadyList)
                  000099cd64d8    00000028                                               : tasks.obj (.bss:xSuspendedTaskList)
                  000099cd6500    00000028                                               : tasks.obj (.bss:xTasksWaitingTermination)
                  000099cd6528    00000010                                               : heap_4.obj (.bss:xStart)
                  000099cd6538    00000008                                               : tasks.obj (.bss:xIdleTaskHandles)
                  000099cd6540    00000008     (.common:gMainTask)
                  000099cd6548    00000008     (.common:gUartHandle)
                  000099cd6550    00000008     (.common:parmbuf)
                  000099cd6558    00000028     --HOLE--
                  000099cd6580    00000008     ti_drivers_config.obj (.bss:gUart0UdmaRxRingMem)
                  000099cd6588    00000078     --HOLE--
                  000099cd6600    00000008     ti_drivers_config.obj (.bss:gUart0UdmaTxRingMem)
                  000099cd6608    00000078     --HOLE--
                  000099cd6680    00000008     (.common:gUartReceiveBuffer)

.args      0    000099cd6688    00001000     
                  000099cd6688    00001000     --HOLE-- [fill = 0]

.data      0    000099d2d6f0    0000229d     
                  000099d2d6f0    00001040     freertos.am62dx.c75x.ti-c7000.release.lib : Exception.obj (.data:Exception_Module_state)
                  000099d2e730    00000268                                               : HwiP_c75.obj (.data:Hwi_Module_state)
                  000099d2e998    000001e0     rts7504_le.lib : defs.c.obj (.data:_ftable)
                  000099d2eb78    00000190     ti_dpl_config.obj (.data:gMmuRegionConfig)
                  000099d2ed08    00000138     drivers.am62dx.c75x.ti-c7000.release.lib : uart_v0.obj (.data:gUartDrvObj)
                  000099d2ee40    00000110     ti_drivers_config.obj (.data:gUdmaInitPrms)
                  000099d2ef50    000000d8     rts7504_le.lib : host_device.c.obj (.data:_device)
                  000099d2f028    000000b8     drivers.am62dx.c75x.ti-c7000.release.lib : sciclient_irq_rm.obj (.data:vint_usage_count_DMSS_AM62_0_INTAGGR_0)
                  000099d2f0e0    000000a0     rts7504_le.lib : host_device.c.obj (.data:_stream)
                  000099d2f180    00000098     drivers.am62dx.c75x.ti-c7000.release.lib : sciclient_irq_rm.obj (.data:.const:gRmIrqTree)
                  000099d2f218    00000080                                              : sciclient_irq_rm.obj (.data:gRmIrInstances)
                  000099d2f298    00000060     freertos.am62dx.c75x.ti-c7000.release.lib : tasks.obj (.data)
                  000099d2f2f8    00000060     drivers.am62dx.c75x.ti-c7000.release.lib : sciclient_irq_rm.obj (.data:gRmIaInstances)
                  000099d2f358    00000060     ti_drivers_open_close.obj (.data:gUartParams)
                  000099d2f3b8    00000060     ti_drivers_config.obj (.data:gUartUdma0Args)
                  000099d2f418    00000050     drivers.am62dx.c75x.ti-c7000.release.lib : udma_rmcfg.obj (.data:gUdmaRmSharedResPrms)
                  000099d2f468    00000048                                              : sciclient_irq_rm.obj (.data:.const:tisci_if_TIMESYNC_EVENT_ROUTER0)
                  000099d2f4b0    00000040                                              : sciclient_irq_rm.obj (.data:.const:tisci_if_DMASS1_INTAGGR_0)
                  000099d2f4f0    00000040                                              : sciclient_irq_rm.obj (.data:.const:tisci_if_WKUP_MCU_GPIOMUX_INTROUTER0)
                  000099d2f530    00000038                                              : sciclient_irq_rm.obj (.data:.const:tisci_if_DMASS0_INTAGGR_0)
                  000099d2f568    00000038                                              : sciclient_irq_rm.obj (.data:.const:tisci_if_MAIN_GPIOMUX_INTROUTER0)
                  000099d2f5a0    00000030                                              : sciclient_irq_rm.obj (.data:.const:tisci_if_CMP_EVENT_INTROUTER0)
                  000099d2f5d0    00000028     freertos.am62dx.c75x.ti-c7000.release.lib : heap_4.obj (.data)
                  000099d2f5f8    00000028     drivers.am62dx.c75x.ti-c7000.release.lib : sciclient_soc_priv.obj (.data:gSciclientSecProxyCfg)
                  000099d2f620    00000028                                              : uart_dma_udma.obj (.data:gUartDmaUdmaFxns)
                  000099d2f648    00000020                                              : sciclient_irq_rm.obj (.data:.const:tisci_if_CPSW0)
                  000099d2f668    00000020     freertos.am62dx.c75x.ti-c7000.release.lib : port.obj (.data)
                  000099d2f688    00000018     drivers.am62dx.c75x.ti-c7000.release.lib : sciclient_irq_rm.obj (.data:.const:tisci_if_GPIO0)
                  000099d2f6a0    00000018     ti_dpl_config.obj (.data:gClockConfig)
                  000099d2f6b8    00000018     ti_pinmux_config.obj (.data:gPinMuxMainDomainCfg)
                  000099d2f6d0    00000018     drivers.am62dx.c75x.ti-c7000.release.lib : sciclient.obj (.data:gSciclientHandle)
                  000099d2f6e8    00000018     ti_power_clock_config.obj (.data:gSocModulesClockFrequency)
                  000099d2f700    00000018     ti_drivers_config.obj (.data:gUartConfig)
                  000099d2f718    00000014     freertos.am62dx.c75x.ti-c7000.release.lib : timers.obj (.data)
                  000099d2f72c    00000004                                               : DebugP_freertos.obj (.data)
                  000099d2f730    00000010     drivers.am62dx.c75x.ti-c7000.release.lib : sciclient_irq_rm.obj (.data:.const:tisci_if_GPIO1)
                  000099d2f740    00000010                                              : sciclient_irq_rm.obj (.data:.const:tisci_if_MCU_GPIO0)
                  000099d2f750    00000010                                              : sciclient_irq_rm.obj (.data:.const:tisci_irq_CMP_EVENT_INTROUTER0)
                  000099d2f760    00000010                                              : sciclient_irq_rm.obj (.data:.const:tisci_irq_CPSW0)
                  000099d2f770    00000010                                              : sciclient_irq_rm.obj (.data:.const:tisci_irq_DEBUGSS0)
                  000099d2f780    00000010                                              : sciclient_irq_rm.obj (.data:.const:tisci_irq_DMASS0_INTAGGR_0)
                  000099d2f790    00000010                                              : sciclient_irq_rm.obj (.data:.const:tisci_irq_DMASS1_INTAGGR_0)
                  000099d2f7a0    00000010                                              : sciclient_irq_rm.obj (.data:.const:tisci_irq_EPWM0)
                  000099d2f7b0    00000010                                              : sciclient_irq_rm.obj (.data:.const:tisci_irq_GPIO0)
                  000099d2f7c0    00000010                                              : sciclient_irq_rm.obj (.data:.const:tisci_irq_GPIO1)
                  000099d2f7d0    00000010                                              : sciclient_irq_rm.obj (.data:.const:tisci_irq_GPMC0)
                  000099d2f7e0    00000010                                              : sciclient_irq_rm.obj (.data:.const:tisci_irq_MAIN_GPIOMUX_INTROUTER0)
                  000099d2f7f0    00000010                                              : sciclient_irq_rm.obj (.data:.const:tisci_irq_MCRC64_0)
                  000099d2f800    00000010                                              : sciclient_irq_rm.obj (.data:.const:tisci_irq_MCU_GPIO0)
                  000099d2f810    00000010                                              : sciclient_irq_rm.obj (.data:.const:tisci_irq_TIMER0)
                  000099d2f820    00000010                                              : sciclient_irq_rm.obj (.data:.const:tisci_irq_TIMER1)
                  000099d2f830    00000010                                              : sciclient_irq_rm.obj (.data:.const:tisci_irq_TIMER2)
                  000099d2f840    00000010                                              : sciclient_irq_rm.obj (.data:.const:tisci_irq_TIMER3)
                  000099d2f850    00000010                                              : sciclient_irq_rm.obj (.data:.const:tisci_irq_TIMESYNC_EVENT_ROUTER0)
                  000099d2f860    00000010                                              : sciclient_irq_rm.obj (.data:.const:tisci_irq_WKUP_GTC0)
                  000099d2f870    00000010                                              : sciclient_irq_rm.obj (.data:.const:tisci_irq_WKUP_MCU_GPIOMUX_INTROUTER0)
                  000099d2f880    00000010     freertos.am62dx.c75x.ti-c7000.release.lib : AddrTranslateP.obj (.data:gAddrTranslateConfig)
                  000099d2f890    00000010     ti_drivers_config.obj (.data:gUartDmaConfig)
                  000099d2f8a0    00000010     rts7504_le.lib : exit.c.obj (.data)
                  000099d2f8b0    00000008     drivers.am62dx.c75x.ti-c7000.release.lib : sciclient_irq_rm.obj (.data:.const:tisci_if_DEBUGSS0)
                  000099d2f8b8    00000008                                              : sciclient_irq_rm.obj (.data:.const:tisci_if_EPWM0)
                  000099d2f8c0    00000008                                              : sciclient_irq_rm.obj (.data:.const:tisci_if_GPMC0)
                  000099d2f8c8    00000008                                              : sciclient_irq_rm.obj (.data:.const:tisci_if_MCRC64_0)
                  000099d2f8d0    00000008                                              : sciclient_irq_rm.obj (.data:.const:tisci_if_TIMER0)
                  000099d2f8d8    00000008                                              : sciclient_irq_rm.obj (.data:.const:tisci_if_TIMER1)
                  000099d2f8e0    00000008                                              : sciclient_irq_rm.obj (.data:.const:tisci_if_TIMER2)
                  000099d2f8e8    00000008                                              : sciclient_irq_rm.obj (.data:.const:tisci_if_TIMER3)
                  000099d2f8f0    00000008                                              : sciclient_irq_rm.obj (.data:.const:tisci_if_WKUP_GTC0)
                  000099d2f8f8    00000008     freertos.am62dx.c75x.ti-c7000.release.lib : CacheP_c75.obj (.data:CacheP_Module_state)
                  000099d2f900    00000008     rts7504_le.lib : _lock.c.obj (.data:_lock)
                  000099d2f908    00000008                    : _lock.c.obj (.data:_unlock)
                  000099d2f910    00000008     freertos.am62dx.c75x.ti-c7000.release.lib : CycleCounterP_c75.obj (.data)
                  000099d2f918    00000008                                               : DebugP_uartLogWriter.obj (.data)
                  000099d2f920    00000008                                               : HwiP_freertos_c7x.obj (.data)
                  000099d2f928    00000008                                               : TaskP_freertos.obj (.data)
                  000099d2f930    00000008     ti_dpl_config.obj (.data:gMmuConfig)
                  000099d2f938    00000008     ti_pinmux_config.obj (.data:gPinMuxMcuDomainCfg)
                  000099d2f940    00000008     ti_power_clock_config.obj (.data:gSocModules)
                  000099d2f948    00000008     ti_drivers_config.obj (.data:gUartAttrs)
                  000099d2f950    00000008     ti_drivers_config.obj (.data)
                  000099d2f958    00000008     uart_echo_dma.obj (.data)
                  000099d2f960    00000008     drivers.am62dx.c75x.ti-c7000.release.lib : sciclient_irq_rm.obj (.data:vint_usage_count_DMSS_AM62_1_INTAGGR_0)
                  000099d2f968    00000008     freertos.am62dx.c75x.ti-c7000.release.lib : tasks.obj (.data:xYieldPendings)
                  000099d2f970    00000004                                               : DebugP_log.obj (.data)
                  000099d2f974    00000004     drivers.am62dx.c75x.ti-c7000.release.lib : sciclient_irq_rm.obj (.data:rom_usage_DMASS0_INTAGGR_0)
                  000099d2f978    00000004                                              : sciclient_irq_rm.obj (.data:rom_usage_DMASS1_INTAGGR_0)
                  000099d2f97c    00000004     rts7504_le.lib : defs.c.obj (.data)
                  000099d2f980    00000004                    : memory.c.obj (.data)
                  000099d2f984    00000004     freertos.am62dx.c75x.ti-c7000.release.lib : tasks.obj (.data:ulTaskSwitchedInTime)
                  000099d2f988    00000004                                               : tasks.obj (.data:ulTotalRunTime)
                  000099d2f98c    00000001     drivers.am62dx.c75x.ti-c7000.release.lib : sciclient.obj (.data)

.text      0    000099e00000    0002c780     
                  000099e00000    00001000     freertos.am62dx.c75x.ti-c7000.release.lib : CycleCounterP_c75.obj (.text:CycleCounterP_Module_startup)
                  000099e01000    00000e00                                               : printf.obj (.text:_vsnprintf)
                  000099e01e00    00000bc0     drivers.am62dx.c75x.ti-c7000.release.lib : udma_rm.obj (.text:Udma_rmInit)
                  000099e029c0    00000ac0     freertos.am62dx.c75x.ti-c7000.release.lib : Exception.obj (.text:Exception_handler)
                  000099e03480    00000a40                                               : Hwi_disp_always_asm.obj (.text:Hwi_dispatchAlways)
                  000099e03ec0    00000880                                               : Exception.obj (.text:Exception_internalHandler)
                  000099e04740    00000800     drivers.am62dx.c75x.ti-c7000.release.lib : sciclient_rm_irq.obj (.text:Sciclient_rmIrqRouteValidate)
                  000099e04f40    00000740     freertos.am62dx.c75x.ti-c7000.release.lib : printf.obj (.text:_ftoa)
                  000099e05680    00000680     rts7504_le.lib : divd.c.obj (.text:__c7xabi_divd)
                  000099e05d00    00000640     drivers.am62dx.c75x.ti-c7000.release.lib : udma_rmcfg_common.obj (.text:UdmaRmInitPrms_init)
                  000099e06340    00000600                                              : udma_ch.obj (.text:Udma_chAllocResource)
                  000099e06940    00000600                                              : udma_ch.obj (.text:Udma_chDisableTxChan)
                  000099e06f40    000005c0                                              : udma_soc.obj (.text:Udma_initDrvHandle)
                  000099e07500    00000500     freertos.am62dx.c75x.ti-c7000.release.lib : Exception_asm.obj (.text)
                  000099e07a00    000004c0                                               : MmuP_c75.obj (.text:MmuP_allocTable)
                  000099e07ec0    000004c0     drivers.am62dx.c75x.ti-c7000.release.lib : udma_event.obj (.text:Udma_eventConfig)
                  000099e08380    000004c0     freertos.am62dx.c75x.ti-c7000.release.lib : printf.obj (.text:_etoa)
                  000099e08840    00000480     drivers.am62dx.c75x.ti-c7000.release.lib : sciclient.obj (.text:Sciclient_service)
                  000099e08cc0    00000440     freertos.am62dx.c75x.ti-c7000.release.lib : TimerP.obj (.text:TimerP_setup)
                  000099e09100    00000440                                               : printf.obj (.text:_ntoa_format)
                  000099e09540    00000400     drivers.am62dx.c75x.ti-c7000.release.lib : udma_ch.obj (.text:Udma_chDisableRxChan)
                  000099e09940    000003c0                                              : sciclient_rm_irq.obj (.text:Sciclient_rmIrqGetRoute)
                  000099e09d00    000003c0                                              : uart_v0.obj (.text:UART_open)
                  000099e0a0c0    00000380     udma.am62dx.c75x.ti-c7000.release.lib : csl_bcdma.obj (.text:CSL_bcdmaChanOpCfgChan)
                  000099e0a440    00000380     freertos.am62dx.c75x.ti-c7000.release.lib : MmuP_c75.obj (.text:MmuP_tableWalk)
                  000099e0a7c0    00000380     drivers.am62dx.c75x.ti-c7000.release.lib : sciclient_rm_irq.obj (.text:Sciclient_rmIrqFindRoute)
                  000099e0ab40    00000340                                              : uart_v0.obj (.text:UART_masterIsr)
                  000099e0ae80    00000340                                              : udma_ch.obj (.text:Udma_chConfigRx)
                  000099e0b1c0    00000340                                              : udma_event.obj (.text:Udma_eventReset)
                  000099e0b500    00000340                                              : udma_flow.obj (.text:Udma_flowConfig)
                  000099e0b840    00000340     rts7504_le.lib : memory.c.obj (.text:aligned_alloc)
                  000099e0bb80    00000300     drivers.am62dx.c75x.ti-c7000.release.lib : udma_event.obj (.text:Udma_eventAllocResource)
                  000099e0be80    00000300                                              : udma_ring_common.obj (.text:Udma_ringAlloc)
                  000099e0c180    00000300                                              : udma_rm.obj (.text:Udma_rmSetSharedResRmInitPrms)
                  000099e0c480    00000300     freertos.am62dx.c75x.ti-c7000.release.lib : tasks.obj (.text:xTaskResumeAll)
                  000099e0c780    000002c0     drivers.am62dx.c75x.ti-c7000.release.lib : soc.obj (.text:SOC_moduleSetClockFrequency)
                  000099e0ca40    000002c0                                              : uart_v0.obj (.text:UART_fifoConfig)
                  000099e0cd00    000002c0                                              : udma_ch.obj (.text:Udma_chDisableBlkCpyChan)
                  000099e0cfc0    000002c0                                              : udma_event.obj (.text:Udma_eventRegister)
                  000099e0d280    000002c0     freertos.am62dx.c75x.ti-c7000.release.lib : timers.obj (.text:prvProcessReceivedCommands)
                  000099e0d540    000002c0                                               : queue.obj (.text:xQueueGenericSend)
                  000099e0d800    000002c0                                               : queue.obj (.text:xQueueSemaphoreTake)
                  000099e0dac0    000002c0                                               : tasks.obj (.text:xTaskIncrementTick)
                  000099e0dd80    00000280                                               : ClockP_freertos_c75.obj (.text:ClockP_init)
                  000099e0e000    00000280     drivers.am62dx.c75x.ti-c7000.release.lib : sciclient_rm_irq.obj (.text:Sciclient_rmClearInterruptRoute)
                  000099e0e280    00000280                                              : uart_v0.obj (.text:UART_read)
                  000099e0e500    00000280                                              : uart_v0.obj (.text:UART_write)
                  000099e0e780    00000280                                              : udma_ch.obj (.text:Udma_chConfigTx)
                  000099e0ea00    00000280                                              : udma_ch.obj (.text:Udma_chFreeResource)
                  000099e0ec80    00000280                                              : udma_ch.obj (.text:Udma_chOpen)
                  000099e0ef00    00000280                                              : udma.obj (.text:Udma_init)
                  000099e0f180    00000280     rts7504_le.lib : memory.c.obj (.text:free)
                  000099e0f400    00000280     uart_echo_dma.obj (.text:uart_echo_dma)
                  000099e0f680    00000280     freertos.am62dx.c75x.ti-c7000.release.lib : queue.obj (.text:xQueueReceive)
                  000099e0f900    00000240     rts7504_le.lib : hostrename.c.obj (.text:HOSTrename)
                  000099e0fb40    00000240     freertos.am62dx.c75x.ti-c7000.release.lib : MmuP_c75.obj (.text:MmuP_init)
                  000099e0fd80    00000240     drivers.am62dx.c75x.ti-c7000.release.lib : sciclient_rm_irq.obj (.text:Sciclient_rmIrqDeleteRoute)
                  000099e0ffc0    00000240                                              : sciclient_rm_irq.obj (.text:Sciclient_rmIrqProgramRoute)
                  000099e10200    00000240                                              : sciclient_rm_irq.obj (.text:Sciclient_rmProgramInterruptRoute)
                  000099e10440    00000240                                              : uart_v0.obj (.text:UART_close)
                  000099e10680    00000240                                              : uart_dma_udma.obj (.text:UART_udmaInitRxCh)
                  000099e108c0    00000240                                              : uart_dma_udma.obj (.text:UART_udmaInitTxCh)
                  000099e10b00    00000240                                              : udma_ch.obj (.text:Udma_chAssignRegOverlay)
                  000099e10d40    00000240                                              : udma_ch.obj (.text:Udma_chEnableLocal)
                  000099e10f80    00000240                                              : udma_rm.obj (.text:Udma_rmAllocMappedRing)
                  000099e111c0    00000240                                              : udma_rm.obj (.text:Udma_rmGetSciclientDefaultBoardCfgRmRange)
                  000099e11400    00000240     freertos.am62dx.c75x.ti-c7000.release.lib : queue.obj (.text:xQueueGiveFromISR)
                  000099e11640    00000200                                               : HwiP_freertos_c7x.obj (.text:HwiP_construct)
                  000099e11840    00000200     drivers.am62dx.c75x.ti-c7000.release.lib : sciclient_pm.obj (.text:Sciclient_pmGetModuleState)
                  000099e11a40    00000200                                              : sciclient_pm.obj (.text:Sciclient_pmQueryModuleClkFreq)
                  000099e11c40    00000200                                              : uart_v0.obj (.text:UART_configInstance)
                  000099e11e40    00000200                                              : udma_ch.obj (.text:Udma_chConfigPdma)
                  000099e12040    00000200                                              : udma_ring_lcdma.obj (.text:Udma_ringSetCfgLcdma)
                  000099e12240    00000200     freertos.am62dx.c75x.ti-c7000.release.lib : tasks.obj (.text:prvInitialiseNewTask)
                  000099e12440    00000200     rts7504_le.lib : setvbuf.c.obj (.text:setvbuf)
                  000099e12640    00000200     freertos.am62dx.c75x.ti-c7000.release.lib : tasks.obj (.text:vTaskPriorityDisinheritAfterTimeout)
                  000099e12840    00000200                                               : queue.obj (.text:xQueueReceiveFromISR)
                  000099e12a40    00000200                                               : tasks.obj (.text:xTaskPriorityDisinherit)
                  000099e12c40    00000200                                               : tasks.obj (.text:xTaskPriorityInherit)
                  000099e12e40    00000200                                               : tasks.obj (.text:xTaskRemoveFromEventList)
                  000099e13040    000001c0     udma.am62dx.c75x.ti-c7000.release.lib : csl_bcdma.obj (.text:CSL_bcdmaChanOp)
                  000099e13200    000001c0                                           : csl_bcdma.obj (.text:CSL_bcdmaChanOpGetChanStats)
                  000099e133c0    000001c0                                           : csl_lcdma_ringacc.obj (.text:CSL_lcdma_ringaccDequeue)
                  000099e13580    000001c0     freertos.am62dx.c75x.ti-c7000.release.lib : HwiP_c75.obj (.text:Hwi_reconfig)
                  000099e13740    000001c0     drivers.am62dx.c75x.ti-c7000.release.lib : sciclient_pm.obj (.text:Sciclient_pmGetModuleClkNumParent)
                  000099e13900    000001c0                                              : sciclient_pm.obj (.text:Sciclient_pmGetModuleClkParent)
                  000099e13ac0    000001c0                                              : sciclient_pm.obj (.text:Sciclient_pmModuleGetClkStatus)
                  000099e13c80    000001c0                                              : sciclient.obj (.text:Sciclient_recvMessage)
                  000099e13e40    000001c0                                              : sciclient.obj (.text:Sciclient_sendMessage)
                  000099e14000    000001c0     freertos.am62dx.c75x.ti-c7000.release.lib : TaskSupport.obj (.text:TaskSupport_setupTaskStack)
                  000099e141c0    000001c0     drivers.am62dx.c75x.ti-c7000.release.lib : uart_v0.obj (.text:UART_divisorLatchWrite)
                  000099e14380    000001c0                                              : uart_v0.obj (.text:UART_procLineStatusErr)
                  000099e14540    000001c0                                              : udma_rm.obj (.text:Udma_rmAllocBlkCopyCh)
                  000099e14700    000001c0                                              : udma_rm.obj (.text:Udma_rmAllocBlkCopyHcCh)
                  000099e148c0    000001c0                                              : udma_rm.obj (.text:Udma_rmAllocBlkCopyUhcCh)
                  000099e14a80    000001c0                                              : udma_rm.obj (.text:Udma_rmAllocIrIntr)
                  000099e14c40    000001c0                                              : udma_rm.obj (.text:Udma_rmAllocMappedRxCh)
                  000099e14e00    000001c0                                              : udma_rm.obj (.text:Udma_rmAllocMappedTxCh)
                  000099e14fc0    000001c0                                              : udma_rm.obj (.text:Udma_rmAllocRxCh)
                  000099e15180    000001c0                                              : udma_rm.obj (.text:Udma_rmAllocRxHcCh)
                  000099e15340    000001c0                                              : udma_rm.obj (.text:Udma_rmAllocRxUhcCh)
                  000099e15500    000001c0                                              : udma_rm.obj (.text:Udma_rmAllocTxCh)
                  000099e156c0    000001c0                                              : udma_rm.obj (.text:Udma_rmAllocTxHcCh)
                  000099e15880    000001c0                                              : udma_rm.obj (.text:Udma_rmAllocTxUhcCh)
                  000099e15a40    000001c0     rts7504_le.lib : trgmsg.c.obj (.text:__TI_readmsg)
                  000099e15c00    000001c0     freertos.am62dx.c75x.ti-c7000.release.lib : printf.obj (.text:_ntoa_long)
                  000099e15dc0    000001c0                                               : printf.obj (.text:_ntoa_long_long)
                  000099e15f80    000001c0                                               : tasks.obj (.text:eTaskGetState)
                  000099e16140    000001c0     rts7504_le.lib : fputc.c.obj (.text:fputc)
                  000099e16300    000001c0     freertos.am62dx.c75x.ti-c7000.release.lib : tasks.obj (.text:prvAddCurrentTaskToDelayedList)
                  000099e164c0    000001c0                                               : tasks.obj (.text:prvCreateStaticTask)
                  000099e16680    000001c0                                               : heap_4.obj (.text:prvInsertBlockIntoFreeList)
                  000099e16840    000001c0                                               : tasks.obj (.text:vTaskDelete)
                  000099e16a00    000001c0                                               : tasks.obj (.text:vTaskSwitchContext)
                  000099e16bc0    000001c0                                               : queue.obj (.text:xQueueGenericCreateStatic)
                  000099e16d80    000001c0                                               : queue.obj (.text:xQueueGenericReset)
                  000099e16f40    00000180     udma.am62dx.c75x.ti-c7000.release.lib : csl_bcdma.obj (.text:CSL_bcdmaChanOpDecChanStats)
                  000099e170c0    00000180                                           : csl_bcdma.obj (.text:CSL_bcdmaChanOpTeardownChan)
                  000099e17240    00000180     freertos.am62dx.c75x.ti-c7000.release.lib : csl_clec.obj (.text:CSL_clecConfigEvent)
                  000099e173c0    00000180     udma.am62dx.c75x.ti-c7000.release.lib : csl_lcdma_ringacc.obj (.text:CSL_lcdma_ringaccPop64MultiAccess)
                  000099e17540    00000180                                           : csl_lcdma_ringacc.obj (.text:CSL_lcdma_ringaccPush64MultiAccess)
                  000099e176c0    00000180     freertos.am62dx.c75x.ti-c7000.release.lib : MmuP_c75.obj (.text:MmuP_map)
                  000099e17840    00000180     drivers.am62dx.c75x.ti-c7000.release.lib : sciclient_pm.obj (.text:Sciclient_pmSetModuleClkFreq)
                  000099e179c0    00000180                                              : sciclient_pm.obj (.text:Sciclient_pmSetModuleClkParent)
                  000099e17b40    00000180                                              : sciclient_rm_irq.obj (.text:Sciclient_rmIrGetOutp)
                  000099e17cc0    00000180                                              : sciclient_rm_irq.obj (.text:Sciclient_rmIrqCfgIsEventToVintMappingOnly)
                  000099e17e40    00000180                                              : sciclient_rm_irq.obj (.text:Sciclient_rmIrqIsVintRouteSet)
                  000099e17fc0    00000180                                              : sciclient_rm_irq.obj (.text:Sciclient_rmIrqVintAdd)
                  000099e18140    00000180                                              : sciclient_rm_irq.obj (.text:Sciclient_rmIrqVintDelete)
                  000099e182c0    00000180                                              : sciclient.obj (.text:Sciclient_waitForMessage)
                  000099e18440    00000180     freertos.am62dx.c75x.ti-c7000.release.lib : TaskP_freertos.obj (.text:TaskP_loadUpdateAll)
                  000099e185c0    00000180     drivers.am62dx.c75x.ti-c7000.release.lib : uart_dma_udma.obj (.text:UART_udmaConfigPdmaRx)
                  000099e18740    00000180                                              : uart_dma_udma.obj (.text:UART_udmaConfigPdmaTx)
                  000099e188c0    00000180                                              : uart_dma_udma.obj (.text:UART_udmaIsrRx)
                  000099e18a40    00000180                                              : uart_dma_udma.obj (.text:UART_udmaIsrTx)
                  000099e18bc0    00000180                                              : udma_event.obj (.text:Udma_eventIsrFxn)
                  000099e18d40    00000180     freertos.am62dx.c75x.ti-c7000.release.lib : printf.obj (.text:_out_rev)
                  000099e18ec0    00000180     rts7504_le.lib : getdevice.c.obj (.text:getdevice)
                  000099e19040    00000180     freertos.am62dx.c75x.ti-c7000.release.lib : tasks.obj (.text:prvAddNewTaskToReadyList)
                  000099e191c0    00000180                                               : heap_4.obj (.text:vPortFree)
                  000099e19340    00000180                                               : tasks.obj (.text:xTaskCheckForTimeOut)
                  000099e194c0    00000140     rts7504_le.lib : hostlseek.c.obj (.text:HOSTlseek)
                  000099e19600    00000140                    : hostopen.c.obj (.text:HOSTopen)
                  000099e19740    00000140     freertos.am62dx.c75x.ti-c7000.release.lib : HwiP_c75.obj (.text:Hwi_Module_startup)
                  000099e19880    00000140     drivers.am62dx.c75x.ti-c7000.release.lib : soc.obj (.text:SOC_controlModuleLockMMR)
                  000099e199c0    00000140                                              : soc.obj (.text:SOC_controlModuleUnlockMMR)
                  000099e19b00    00000140                                              : soc.obj (.text:SOC_moduleClockEnable)
                  000099e19c40    00000140                                              : sciclient_pm.obj (.text:Sciclient_pmModuleClkRequest)
                  000099e19d80    00000140                                              : sciclient_pm.obj (.text:Sciclient_pmSetModuleRst)
                  000099e19ec0    00000140                                              : sciclient_pm.obj (.text:Sciclient_pmSetModuleState)
                  000099e1a000    00000140                                              : sciclient_rm_irq.obj (.text:Sciclient_rmIaValidateMapping)
                  000099e1a140    00000140                                              : sciclient_rm_irq.obj (.text:Sciclient_rmIrInpIsFree)
                  000099e1a280    00000140                                              : sciclient_rm_irq.obj (.text:Sciclient_rmTranslateIntOutput)
                  000099e1a3c0    00000140                                              : uart_v0.obj (.text:UART_divisorValCompute)
                  000099e1a500    00000140                                              : uart_v0.obj (.text:UART_flushTxFifo)
                  000099e1a640    00000140                                              : uart_v0.obj (.text:UART_init)
                  000099e1a780    00000140                                              : uart_v0.obj (.text:UART_intrDisable)
                  000099e1a8c0    00000140                                              : uart_v0.obj (.text:UART_intrEnable)
                  000099e1aa00    00000140                                              : uart_v0.obj (.text:UART_readCancelNoCB)
                  000099e1ab40    00000140                                              : uart_v0.obj (.text:UART_readPolling)
                  000099e1ac80    00000140                                              : udma_flow.obj (.text:UdmaFlowPrms_init)
                  000099e1adc0    00000140                                              : udma_event.obj (.text:Udma_eventCheckParams)
                  000099e1af00    00000140                                              : udma_event.obj (.text:Udma_eventFreeResource)
                  000099e1b040    00000140                                              : udma_event.obj (.text:Udma_eventUnRegister)
                  000099e1b180    00000140                                              : udma_ring_common.obj (.text:Udma_ringCheckParams)
                  000099e1b2c0    00000140                                              : udma_ring_lcdma.obj (.text:Udma_ringFlushRawLcdma)
                  000099e1b400    00000140                                              : udma_ring_common.obj (.text:Udma_ringFree)
                  000099e1b540    00000140                                              : udma_rm.obj (.text:Udma_rmAllocEvent)
                  000099e1b680    00000140                                              : udma_rm.obj (.text:Udma_rmAllocVintr)
                  000099e1b7c0    00000140                                              : udma_rm.obj (.text:Udma_rmFreeMappedRing)
                  000099e1b900    00000140     rts7504_le.lib : fclose.c.obj (.text:__TI_closefile)
                  000099e1ba40    00000140                    : trgmsg.c.obj (.text:__TI_writemsg)
                  000099e1bb80    00000140                    : _io_perm.c.obj (.text:__TI_wrt_ok)
                  000099e1bcc0    00000140                    : imath64.c.obj (.text:__c7xabi_divull)
                  000099e1be00    00000140     freertos.am62dx.c75x.ti-c7000.release.lib : queue.obj (.text:prvCopyDataToQueue)
                  000099e1bf40    00000140     rts7504_le.lib : memory.c.obj (.text:split)
                  000099e1c080    00000140     freertos.am62dx.c75x.ti-c7000.release.lib : tasks.obj (.text:vTaskGetInfo)
                  000099e1c1c0    00000100                                               : AddrTranslateP.obj (.text:AddrTranslateP_getLocalAddr)
                  000099e1c2c0    00000100     udma.am62dx.c75x.ti-c7000.release.lib : csl_bcdma.obj (.text:CSL_bcdmaChanOpAccessRemotePeerReg)
                  000099e1c3c0    00000100                                           : csl_bcdma.obj (.text:CSL_bcdmaChanOpGetChanRT)
                  000099e1c4c0    00000100                                           : csl_bcdma.obj (.text:CSL_bcdmaChanOpSetBurstSize)
                  000099e1c5c0    00000100                                           : csl_bcdma.obj (.text:CSL_bcdmaChanOpSetChanRT)
                  000099e1c6c0    00000100                                           : csl_bcdma.obj (.text:CSL_bcdmaGetCfg)
                  000099e1c7c0    00000100                                           : csl_pktdma.obj (.text:CSL_pktdmaAccessChanPeerReg)
                  000099e1c8c0    00000100                                           : csl_pktdma.obj (.text:CSL_pktdmaTeardownChan)
                  000099e1c9c0    00000100     rts7504_le.lib : hostread.c.obj (.text:HOSTread)
                  000099e1cac0    00000100                    : hostunlink.c.obj (.text:HOSTunlink)
                  000099e1cbc0    00000100                    : hostwrite.c.obj (.text:HOSTwrite)
                  000099e1ccc0    00000100     freertos.am62dx.c75x.ti-c7000.release.lib : HwiP_freertos_c7x.obj (.text:HwiP_configClec)
                  000099e1cdc0    00000100                                               : HwiP_c75.obj (.text:Hwi_getStackInfo)
                  000099e1cec0    00000100                                               : MmuP_c75.obj (.text:MmuP_addBlockEntry)
                  000099e1cfc0    00000100     drivers.am62dx.c75x.ti-c7000.release.lib : pinmux.obj (.text:Pinmux_unlockMMR)
                  000099e1d0c0    00000100                                              : sciclient.obj (.text:Sciclient_init)
                  000099e1d1c0    00000100                                              : sciclient_rm.obj (.text:Sciclient_rmGetResourceRange)
                  000099e1d2c0    00000100                                              : sciclient_rm_irq.obj (.text:Sciclient_rmIrqGetNode)
                  000099e1d3c0    00000100                                              : sciclient_rm.obj (.text:Sciclient_rmIrqReleaseRaw)
                  000099e1d4c0    00000100                                              : sciclient_rm.obj (.text:Sciclient_rmIrqSetRaw)
                  000099e1d5c0    00000100                                              : sciclient_rm_irq.obj (.text:Sciclient_rmPsPop)
                  000099e1d6c0    00000100                                              : sciclient_rm.obj (.text:Sciclient_rmPsilPair)
                  000099e1d7c0    00000100                                              : sciclient_rm.obj (.text:Sciclient_rmPsilUnpair)
                  000099e1d8c0    00000100                                              : sciclient_rm.obj (.text:Sciclient_rmRingCfg)
                  000099e1d9c0    00000100                                              : sciclient_rm.obj (.text:Sciclient_rmUdmapFlowCfg)
                  000099e1dac0    00000100                                              : sciclient_rm.obj (.text:Sciclient_rmUdmapFlowSizeThreshCfg)
                  000099e1dbc0    00000100                                              : sciclient_rm.obj (.text:Sciclient_rmUdmapRxChCfg)
                  000099e1dcc0    00000100                                              : sciclient_rm.obj (.text:Sciclient_rmUdmapTxChCfg)
                  000099e1ddc0    00000100     freertos.am62dx.c75x.ti-c7000.release.lib : SemaphoreP_freertos.obj (.text:SemaphoreP_constructBinary)
                  000099e1dec0    00000100                                               : SemaphoreP_freertos.obj (.text:SemaphoreP_pend)
                  000099e1dfc0    00000100     drivers.am62dx.c75x.ti-c7000.release.lib : uart_dma.obj (.text:UART_dmaDisableChannel)
                  000099e1e0c0    00000100                                              : uart_v0.obj (.text:UART_readInterrupt)
                  000099e1e1c0    00000100                                              : uart_v0.obj (.text:UART_subConfigTCRTLRModeEn)
                  000099e1e2c0    00000100                                              : uart_v0.obj (.text:UART_tcrTlrBitValRestore)
                  000099e1e3c0    00000100                                              : uart_dma_udma.obj (.text:UART_udmaDeInitCh)
                  000099e1e4c0    00000100                                              : uart_dma_udma.obj (.text:UART_udmaHpdInit)
                  000099e1e5c0    00000100                                              : uart_v0.obj (.text:UART_writeCancelNoCB)
                  000099e1e6c0    00000100                                              : uart_v0.obj (.text:UART_writePolling)
                  000099e1e7c0    00000100                                              : udma_ch.obj (.text:UdmaChRxPrms_init)
                  000099e1e8c0    00000100                                              : udma_ch.obj (.text:UdmaChTxPrms_init)
                  000099e1e9c0    00000100                                              : udma_ch.obj (.text:Udma_chCheckParams)
                  000099e1eac0    00000100                                              : udma_ch.obj (.text:Udma_chClose)
                  000099e1ebc0    00000100                                              : udma_ch.obj (.text:Udma_chPair)
                  000099e1ecc0    00000100                                              : udma_ch.obj (.text:Udma_chUnpair)
                  000099e1edc0    00000100                                              : udma_event.obj (.text:Udma_eventCheckUnRegister)
                  000099e1eec0    00000100                                              : udma_ring_common.obj (.text:Udma_ringDequeueRaw)
                  000099e1efc0    00000100                                              : udma_ring_common.obj (.text:Udma_ringQueueRaw)
                  000099e1f0c0    00000100                                              : udma_ring_lcdma.obj (.text:Udma_ringSetDoorBellLcdma)
                  000099e1f1c0    00000100                                              : udma_rm.obj (.text:Udma_rmAllocVintrBit)
                  000099e1f2c0    00000100     freertos.am62dx.c75x.ti-c7000.release.lib : DebugP_log.obj (.text:_DebugP_assert)
                  000099e1f3c0    00000100     rts7504_le.lib : fflush.c.obj (.text:__TI_doflush)
                  000099e1f4c0    00000100                    : fixdul.c.obj (.text:__c7xabi_fixdul)
                  000099e1f5c0    00000100                    : close.c.obj (.text:close)
                  000099e1f6c0    00000100                    : getdevice.c.obj (.text:finddevice)
                  000099e1f7c0    00000100                    : fseek.c.obj (.text:fseeko)
                  000099e1f8c0    00000100     freertos.am62dx.c75x.ti-c7000.release.lib : timers.obj (.text:prvCheckForValidListAndQueue)
                  000099e1f9c0    00000100                                               : tasks.obj (.text:prvCreateIdleTasks)
                  000099e1fac0    00000100                                               : timers.obj (.text:prvProcessTimerOrBlockTask)
                  000099e1fbc0    00000100                                               : queue.obj (.text:prvUnlockQueue)
                  000099e1fcc0    00000100                                               : queue.obj (.text:vQueueAddToRegistry)
                  000099e1fdc0    00000100                                               : tasks.obj (.text:vTaskPlaceOnEventListRestricted)
                  000099e1fec0    00000100                                               : queue.obj (.text:xQueueTakeMutexRecursive)
                  000099e1ffc0    00000100                                               : timers.obj (.text:xTimerCreateTimerTask)
                  000099e200c0    000000c0     udma.am62dx.c75x.ti-c7000.release.lib : csl_bcdma.obj (.text:CSL_bcdmaChanOpClearError)
                  000099e20180    000000c0                                           : csl_bcdma.obj (.text:CSL_bcdmaChanOpIsChanEnabled)
                  000099e20240    000000c0                                           : csl_bcdma.obj (.text:CSL_bcdmaChanOpSetChanEnable)
                  000099e20300    000000c0                                           : csl_bcdma.obj (.text:CSL_bcdmaChanOpSetChanPause)
                  000099e203c0    000000c0                                           : csl_bcdma.obj (.text:CSL_bcdmaChanOpTriggerChan)
                  000099e20480    000000c0                                           : csl_bcdma.obj (.text:CSL_bcdmaDoChanOp)
                  000099e20540    000000c0     freertos.am62dx.c75x.ti-c7000.release.lib : csl_clec.obj (.text:CSL_clecConfigEventLevel)
                  000099e20600    000000c0     udma.am62dx.c75x.ti-c7000.release.lib : csl_intaggr.obj (.text:CSL_intaggrGetCfg)
                  000099e206c0    000000c0                                           : csl_intaggr.obj (.text:CSL_intaggrIsIntrPending)
                  000099e20780    000000c0                                           : csl_lcdma_ringacc.obj (.text:CSL_lcdma_ringaccAckReverseRing)
                  000099e20840    000000c0                                           : csl_lcdma_ringacc.obj (.text:CSL_lcdma_ringaccCommitToForwardRing)
                  000099e20900    000000c0                                           : csl_pktdma.obj (.text:CSL_pktdmaGetCfg)
                  000099e209c0    000000c0     freertos.am62dx.c75x.ti-c7000.release.lib : ClockP_freertos.obj (.text:ClockP_getTimeUsec)
                  000099e20a80    000000c0     ti_drivers_open_close.obj (.text:Drivers_uartOpen)
                  000099e20b40    000000c0     rts7504_le.lib : hostclose.c.obj (.text:HOSTclose)
                  000099e20c00    000000c0     freertos.am62dx.c75x.ti-c7000.release.lib : HwiP_freertos_c7x.obj (.text:HwiP_configClecAccessCtrl)
                  000099e20cc0    000000c0                                               : HwiP_c75.obj (.text:Hwi_Instance_init)
                  000099e20d80    000000c0                                               : HwiP_c75.obj (.text:Hwi_dispatchCore)
                  000099e20e40    000000c0                                               : HwiP_c75.obj (.text:Hwi_setPriority)
                  000099e20f00    000000c0                                               : MmuP_c75.obj (.text:MmuP_readBlockEntry)
                  000099e20fc0    000000c0                                               : MmuP_c75.obj (.text:MmuP_setConfig)
                  000099e21080    000000c0     ti_power_clock_config.obj (.text:Module_clockSetFrequency)
                  000099e21140    000000c0     drivers.am62dx.c75x.ti-c7000.release.lib : pinmux.obj (.text:Pinmux_config)
                  000099e21200    000000c0                                              : sciclient_soc_priv.obj (.text:Sciclient_getContext)
                  000099e212c0    000000c0                                              : sciclient.obj (.text:Sciclient_getCurrentContext)
                  000099e21380    000000c0                                              : sciclient_soc_priv.obj (.text:Sciclient_getDevId)
                  000099e21440    000000c0                                              : sciclient_rm_irq.obj (.text:Sciclient_rmIaEvtRomMapped)
                  000099e21500    000000c0                                              : sciclient_rm_irq.obj (.text:Sciclient_rmIrInpRomMapped)
                  000099e215c0    000000c0                                              : sciclient_rm_irq.obj (.text:Sciclient_rmIrOutpIsFree)
                  000099e21680    000000c0                                              : sciclient_rm_irq.obj (.text:Sciclient_rmIrOutpRomMapped)
                  000099e21740    000000c0                                              : sciclient_rm_irq.obj (.text:Sciclient_rmIrqCfgIsDirectEvent)
                  000099e21800    000000c0                                              : sciclient_rm_irq.obj (.text:Sciclient_rmIrqCfgIsDirectNonEvent)
                  000099e218c0    000000c0                                              : sciclient_rm_irq.obj (.text:Sciclient_rmIrqCfgIsOesOnly)
                  000099e21980    000000c0                                              : sciclient_rm_irq.obj (.text:Sciclient_rmIrqCfgIsUnmappedVintDirectEvent)
                  000099e21a40    000000c0                                              : sciclient_rm_irq.obj (.text:Sciclient_rmIrqCheckLoop)
                  000099e21b00    000000c0                                              : sciclient_rm_irq.obj (.text:Sciclient_rmIrqUnmappedVintRouteDelete)
                  000099e21bc0    000000c0                                              : sciclient_rm_irq.obj (.text:Sciclient_rmUnmappedVintRouteCreate)
                  000099e21c80    000000c0                                              : sciclient.obj (.text:Sciclient_secProxyFlush)
                  000099e21d40    000000c0     freertos.am62dx.c75x.ti-c7000.release.lib : SemaphoreP_freertos.obj (.text:SemaphoreP_constructMutex)
                  000099e21e00    000000c0                                               : SemaphoreP_freertos.obj (.text:SemaphoreP_post)
                  000099e21ec0    000000c0                                               : TaskSupport_asm.obj (.text:TaskSupport_buildTaskStack)
                  000099e21f80    000000c0                                               : TaskSupport_asm.obj (.text:TaskSupport_swap)
                  000099e22040    000000c0                                               : TimerP.obj (.text:TimerP_start)
                  000099e22100    000000c0                                               : TimerP.obj (.text:TimerP_stop)
                  000099e221c0    000000c0     drivers.am62dx.c75x.ti-c7000.release.lib : uart_v0.obj (.text:UART_Params_init)
                  000099e22280    000000c0                                              : uart_dma.obj (.text:UART_dmaClose)
                  000099e22340    000000c0                                              : uart_dma.obj (.text:UART_dmaOpen)
                  000099e22400    000000c0                                              : uart_v0.obj (.text:UART_fifoRead)
                  000099e224c0    000000c0                                              : uart_v0.obj (.text:UART_fifoWrite)
                  000099e22580    000000c0                                              : uart_v0.obj (.text:UART_getChar)
                  000099e22640    000000c0                                              : uart_v0.obj (.text:UART_readByte)
                  000099e22700    000000c0                                              : uart_v0.obj (.text:UART_readData)
                  000099e227c0    000000c0                                              : uart_v0.obj (.text:UART_regConfigModeEnable)
                  000099e22880    000000c0                                              : uart_dma_udma.obj (.text:UART_udmaDisableChannel)
                  000099e22940    000000c0                                              : udma_ch.obj (.text:UdmaChPrms_init)
                  000099e22a00    000000c0                                              : udma_ch.obj (.text:Udma_chDisable)
                  000099e22ac0    000000c0                                              : udma_ch.obj (.text:Udma_chEnable)
                  000099e22b80    000000c0                                              : udma_ch.obj (.text:Udma_chSetPeerReg)
                  000099e22c40    000000c0                                              : udma_soc.obj (.text:Udma_getMappedChRingAttributes)
                  000099e22d00    000000c0                                              : udma_utils.obj (.text:Udma_phyToVirtFxn)
                  000099e22dc0    000000c0                                              : udma_ring_common.obj (.text:Udma_ringFlushRaw)
                  000099e22e80    000000c0                                              : udma_rm.obj (.text:Udma_rmFreeBlkCopyCh)
                  000099e22f40    000000c0                                              : udma_rm.obj (.text:Udma_rmFreeBlkCopyHcCh)
                  000099e23000    000000c0                                              : udma_rm.obj (.text:Udma_rmFreeBlkCopyUhcCh)
                  000099e230c0    000000c0                                              : udma_rm.obj (.text:Udma_rmFreeEvent)
                  000099e23180    000000c0                                              : udma_rm.obj (.text:Udma_rmFreeIrIntr)
                  000099e23240    000000c0                                              : udma_rm.obj (.text:Udma_rmFreeMappedRxCh)
                  000099e23300    000000c0                                              : udma_rm.obj (.text:Udma_rmFreeMappedTxCh)
                  000099e233c0    000000c0                                              : udma_rm.obj (.text:Udma_rmFreeRxCh)
                  000099e23480    000000c0                                              : udma_rm.obj (.text:Udma_rmFreeRxHcCh)
                  000099e23540    000000c0                                              : udma_rm.obj (.text:Udma_rmFreeRxUhcCh)
                  000099e23600    000000c0                                              : udma_rm.obj (.text:Udma_rmFreeTxCh)
                  000099e236c0    000000c0                                              : udma_rm.obj (.text:Udma_rmFreeTxHcCh)
                  000099e23780    000000c0                                              : udma_rm.obj (.text:Udma_rmFreeTxUhcCh)
                  000099e23840    000000c0                                              : udma_rm.obj (.text:Udma_rmFreeVintr)
                  000099e23900    000000c0                                              : udma_rm.obj (.text:Udma_rmFreeVintrBit)
                  000099e239c0    000000c0     freertos.am62dx.c75x.ti-c7000.release.lib : DebugP_freertos.obj (.text:_DebugP_logZone)
                  000099e23a80    000000c0     rts7504_le.lib : autoinit.c.obj (.text:__TI_auto_init_nobinit_nopinit:__TI_auto_init_nobinit_nopinit)
                  000099e23b40    000000c0                    : fopen.c.obj (.text:__TI_cleanup)
                  000099e23c00    000000c0                    : fltuld.c.obj (.text:__c7xabi_fltuld)
                  000099e23cc0    000000c0                    : memory.c.obj (.text:free_list_insert)
                  000099e23d80    000000c0                    : memory.c.obj (.text:free_list_remove)
                  000099e23e40    000000c0     main.obj (.text:main)
                  000099e23f00    000000c0     rts7504_le.lib : memcpy.cpp.obj (.text:memcpy)
                  000099e23fc0    000000c0     freertos.am62dx.c75x.ti-c7000.release.lib : Exception.obj (.text:printTwoVectors)
                  000099e24080    000000c0                                               : tasks.obj (.text:prvCheckTasksWaitingTermination)
                  000099e24140    000000c0                                               : tasks.obj (.text:prvDeleteTCB)
                  000099e24200    000000c0                                               : tasks.obj (.text:prvInitialiseTaskLists)
                  000099e242c0    000000c0                                               : timers.obj (.text:prvInsertTimerInActiveList)
                  000099e24380    000000c0                                               : timers.obj (.text:prvProcessExpiredTimer)
                  000099e24440    000000c0                                               : timers.obj (.text:prvReloadTimer)
                  000099e24500    000000c0     rts7504_le.lib : strncpy.c.obj (.text:strncpy)
                  000099e245c0    000000c0     freertos.am62dx.c75x.ti-c7000.release.lib : list.obj (.text:vListInsert)
                  000099e24680    000000c0                                               : port.obj (.text:vPortYield)
                  000099e24740    000000c0                                               : queue.obj (.text:vQueueDelete)
                  000099e24800    000000c0                                               : queue.obj (.text:vQueueUnregisterQueue)
                  000099e248c0    000000c0                                               : queue.obj (.text:vQueueWaitForMessageRestricted)
                  000099e24980    000000c0                                               : tasks.obj (.text:vTaskDelay)
                  000099e24a40    000000c0                                               : tasks.obj (.text:vTaskExitCritical)
                  000099e24b00    000000c0                                               : tasks.obj (.text:vTaskPlaceOnEventList)
                  000099e24bc0    000000c0                                               : tasks.obj (.text:vTaskStartScheduler)
                  000099e24c80    000000c0                                               : queue.obj (.text:xQueueGiveMutexRecursive)
                  000099e24d40    00000080     udma.am62dx.c75x.ti-c7000.release.lib : csl_bcdma.obj (.text:CSL_bcdmaChanOpIsValidChanIdx)
                  000099e24dc0    00000080                                           : csl_bcdma.obj (.text:CSL_bcdmaGetChanPeerReg)
                  000099e24e40    00000080                                           : csl_bcdma.obj (.text:CSL_bcdmaMapChanIdx)
                  000099e24ec0    00000080                                           : csl_bcdma.obj (.text:CSL_bcdmaSetChanPeerReg)
                  000099e24f40    00000080                                           : csl_bcdma.obj (.text:CSL_bcdmaTeardownRxChan)
                  000099e24fc0    00000080                                           : csl_bcdma.obj (.text:CSL_bcdmaTeardownTxChan)
                  000099e25040    00000080     freertos.am62dx.c75x.ti-c7000.release.lib : csl_clec.obj (.text:CSL_clecClearEvent)
                  000099e250c0    00000080     udma.am62dx.c75x.ti-c7000.release.lib : csl_intaggr.obj (.text:CSL_intaggrClrIntr)
                  000099e25140    00000080                                           : csl_lcdma_ringacc.obj (.text:CSL_lcdma_ringaccGetForwardRingOcc)
                  000099e251c0    00000080                                           : csl_lcdma_ringacc.obj (.text:CSL_lcdma_ringaccGetReverseRingOcc)
                  000099e25240    00000080                                           : csl_lcdma_ringacc.obj (.text:CSL_lcdma_ringaccIsTeardownComplete)
                  000099e252c0    00000080                                           : csl_pktdma.obj (.text:CSL_pktdmaGetChanPeerReg)
                  000099e25340    00000080                                           : csl_pktdma.obj (.text:CSL_pktdmaGetRxRT)
                  000099e253c0    00000080                                           : csl_pktdma.obj (.text:CSL_pktdmaGetTxRT)
                  000099e25440    00000080                                           : csl_pktdma.obj (.text:CSL_pktdmaIsChanEnabled)
                  000099e254c0    00000080                                           : csl_pktdma.obj (.text:CSL_pktdmaSetChanPeerReg)
                  000099e25540    00000080                                           : csl_pktdma.obj (.text:CSL_pktdmaSetRxRT)
                  000099e255c0    00000080                                           : csl_pktdma.obj (.text:CSL_pktdmaSetTxRT)
                  000099e25640    00000080     drivers.am62dx.c75x.ti-c7000.release.lib : sciclient.obj (.text:CSL_secProxyGetMaxMsgSize)
                  000099e256c0    00000080     freertos.am62dx.c75x.ti-c7000.release.lib : CacheP_c75.obj (.text:CacheP_disable)
                  000099e25740    00000080                                               : CacheP_c75.obj (.text:CacheP_enable)
                  000099e257c0    00000080                                               : CacheP_c75.obj (.text:CacheP_enableWT)
                  000099e25840    00000080                                               : CacheP_c75.obj (.text:CacheP_inv)
                  000099e258c0    00000080                                               : CacheP_c75.obj (.text:CacheP_wb)
                  000099e25940    00000080                                               : CacheP_c75.obj (.text:CacheP_wbInv)
                  000099e259c0    00000080                                               : ClockP_freertos.obj (.text:ClockP_usleep)
                  000099e25a40    00000080                                               : DebugP_log.obj (.text:DebugP_logZoneEnable)
                  000099e25ac0    00000080                                               : DebugP_uartLogWriter.obj (.text:DebugP_uartLogWriterPutChar)
                  000099e25b40    00000080     ti_dpl_config.obj (.text:Dpl_init)
                  000099e25bc0    00000080     ti_drivers_open_close.obj (.text:Drivers_uartClose)
                  000099e25c40    00000080     freertos.am62dx.c75x.ti-c7000.release.lib : Exception.obj (.text:Exception_Module_startup)
                  000099e25cc0    00000080                                               : HwiP_freertos_c7x.obj (.text:HwiP_destruct)
                  000099e25d40    00000080                                               : HwiP_c75.obj (.text:HwiP_disable)
                  000099e25dc0    00000080                                               : HwiP_c75.obj (.text:HwiP_disableInt)
                  000099e25e40    00000080                                               : HwiP_c75.obj (.text:HwiP_restore)
                  000099e25ec0    00000080                                               : HwiP_c75.obj (.text:Hwi_Instance_finalize)
                  000099e25f40    00000080                                               : HwiP_c75.obj (.text:Hwi_construct)
                  000099e25fc0    00000080                                               : HwiP_c75.obj (.text:Hwi_disableIER)
                  000099e26040    00000080                                               : HwiP_c75.obj (.text:Hwi_dispatchC)
                  000099e260c0    00000080                                               : HwiP_c75.obj (.text:Hwi_enableIER)
                  000099e26140    00000080                                               : HwiP_c75.obj (.text:Hwi_eventMap)
                  000099e261c0    00000080                                               : HwiP_c75.obj (.text:Hwi_postInit)
                  000099e26240    00000080                                               : HwiP_c75.obj (.text:Hwi_secureStart)
                  000099e262c0    00000080                                               : Hwi_switch_asm.obj (.text:Hwi_switchAndDispatch)
                  000099e26340    00000080                                               : Hwi_asm.obj (.text:Hwi_switchToNS)
                  000099e263c0    00000080                                               : MmuP_c75.obj (.text:MmuP_addTableEntry)
                  000099e26440    00000080                                               : MmuP_c75.obj (.text:MmuP_disable)
                  000099e264c0    00000080                                               : MmuP_c75.obj (.text:MmuP_enable)
                  000099e26540    00000080     ti_power_clock_config.obj (.text:Module_clockEnable)
                  000099e265c0    00000080     drivers.am62dx.c75x.ti-c7000.release.lib : sciclient_rm_irq.obj (.text:Sciclient_rmIaGetInst)
                  000099e26640    00000080                                              : sciclient_rm_irq.obj (.text:Sciclient_rmIaValidateEvt)
                  000099e266c0    00000080                                              : sciclient_rm_irq.obj (.text:Sciclient_rmIaValidateGlobalEvt)
                  000099e26740    00000080                                              : sciclient_rm_irq.obj (.text:Sciclient_rmIaVintGetInfo)
                  000099e267c0    00000080                                              : sciclient_rm_irq.obj (.text:Sciclient_rmIrGetInst)
                  000099e26840    00000080                                              : sciclient_rm_irq.obj (.text:Sciclient_rmIrqClearOesRegister)
                  000099e268c0    00000080                                              : sciclient_rm_irq.obj (.text:Sciclient_rmIrqProgramOesRegister)
                  000099e26940    00000080                                              : sciclient_rm.obj (.text:Sciclient_rmIrqRelease)
                  000099e269c0    00000080                                              : sciclient_rm_irq.obj (.text:Sciclient_rmPsPush)
                  000099e26a40    00000080                                              : sciclient.obj (.text:Sciclient_secProxyReadThread32)
                  000099e26ac0    00000080                                              : sciclient.obj (.text:Sciclient_secProxyWaitThread)
                  000099e26b40    00000080     ti_drivers_config.obj (.text:System_init)
                  000099e26bc0    00000080     drivers.am62dx.c75x.ti-c7000.release.lib : uart_v0.obj (.text:UART_checkCharsAvailInFifo)
                  000099e26c40    00000080                                              : uart_v0.obj (.text:UART_checkOpenParams)
                  000099e26cc0    00000080                                              : uart_v0.obj (.text:UART_enhanFuncBitValRestore)
                  000099e26d40    00000080                                              : uart_v0.obj (.text:UART_enhanFuncEnable)
                  000099e26dc0    00000080                                              : uart_v0.obj (.text:UART_fifoRegisterWrite)
                  000099e26e40    00000080                                              : uart_v0.obj (.text:UART_getHandle)
                  000099e26ec0    00000080                                              : uart_v0.obj (.text:UART_getIntrIdentityStatus)
                  000099e26f40    00000080                                              : uart_v0.obj (.text:UART_getRxError)
                  000099e26fc0    00000080                                              : uart_v0.obj (.text:UART_hardwareFlowCtrlOptSet)
                  000099e27040    00000080                                              : uart_v0.obj (.text:UART_i2310WA)
                  000099e270c0    00000080                                              : uart_v0.obj (.text:UART_lineCharConfig)
                  000099e27140    00000080                                              : uart_v0.obj (.text:UART_moduleReset)
                  000099e271c0    00000080                                              : uart_v0.obj (.text:UART_operatingModeSelect)
                  000099e27240    00000080                                              : uart_v0.obj (.text:UART_readDataPolling)
                  000099e272c0    00000080                                              : uart_dma.obj (.text:UART_readInterruptDma)
                  000099e27340    00000080                                              : uart_v0.obj (.text:UART_readLineStatus)
                  000099e273c0    00000080                                              : uart_v0.obj (.text:UART_resetModule)
                  000099e27440    00000080                                              : uart_v0.obj (.text:UART_spaceAvail)
                  000099e274c0    00000080                                              : uart_v0.obj (.text:UART_statusIsDataReady)
                  000099e27540    00000080                                              : uart_dma_udma.obj (.text:UART_udmaClose)
                  000099e275c0    00000080                                              : uart_dma_udma.obj (.text:UART_udmaOpen)
                  000099e27640    00000080                                              : uart_v0.obj (.text:UART_writeData)
                  000099e276c0    00000080                                              : uart_v0.obj (.text:UART_writeDataPolling)
                  000099e27740    00000080                                              : uart_dma.obj (.text:UART_writeInterruptDma)
                  000099e277c0    00000080                                              : udma_ch.obj (.text:UdmaChUtcPrms_init)
                  000099e27840    00000080                                              : udma_event.obj (.text:UdmaEventPrms_init)
                  000099e278c0    00000080                                              : udma_ring_common.obj (.text:UdmaRingPrms_init)
                  000099e27940    00000080                                              : udma_ch.obj (.text:Udma_chGetCqRingHandle)
                  000099e279c0    00000080                                              : udma_ch.obj (.text:Udma_chGetFqRingHandle)
                  000099e27a40    00000080                                              : udma_ch.obj (.text:Udma_chInitRegs)
                  000099e27ac0    00000080                                              : udma_event.obj (.text:Udma_eventGetId)
                  000099e27b40    00000080                                              : udma_rmcfg_common.obj (.text:Udma_getCoreSciDevId)
                  000099e27bc0    00000080                                              : udma_ring_lcdma.obj (.text:Udma_lcdmaRingaccMemOps)
                  000099e27c40    00000080                                              : udma_ring_lcdma.obj (.text:Udma_ringDequeueRawLcdma)
                  000099e27cc0    00000080                                              : udma_ring_lcdma.obj (.text:Udma_ringGetForwardRingOccLcdma)
                  000099e27d40    00000080                                              : udma_ring_lcdma.obj (.text:Udma_ringGetReverseRingOccLcdma)
                  000099e27dc0    00000080                                              : udma_ring_lcdma.obj (.text:Udma_ringPrimeLcdma)
                  000099e27e40    00000080                                              : udma_ring_lcdma.obj (.text:Udma_ringPrimeReadLcdma)
                  000099e27ec0    00000080                                              : udma_utils.obj (.text:Udma_virtToPhyFxn)
                  000099e27f40    00000080     freertos.am62dx.c75x.ti-c7000.release.lib : DebugP_log.obj (.text:_DebugP_assertNoLog)
                  000099e27fc0    00000080     rts7504_le.lib : frcmpyd_div.c.obj (.text:__TI_frcmpyd_div)
                  000099e28040    00000080                    : args_main.c.obj (.text:_args_main)
                  000099e280c0    00000080     freertos.am62dx.c75x.ti-c7000.release.lib : printf.obj (.text:_atoi)
                  000099e28140    00000080                                               : printf.obj (.text:_strnlen_s)
                  000099e281c0    00000080     main.obj (.text:freertos_main)
                  000099e28240    00000080     rts7504_le.lib : lseek.c.obj (.text:lseek)
                  000099e282c0    00000080                    : memset.cpp.obj (.text:memset)
                  000099e28340    00000080     freertos.am62dx.c75x.ti-c7000.release.lib : queue.obj (.text:prvCopyDataFromQueue)
                  000099e283c0    00000080                                               : queue.obj (.text:prvInitialiseMutex)
                  000099e28440    00000080                                               : queue.obj (.text:prvInitialiseNewQueue)
                  000099e284c0    00000080                                               : queue.obj (.text:prvIsQueueEmpty)
                  000099e28540    00000080                                               : queue.obj (.text:prvIsQueueFull)
                  000099e285c0    00000080                                               : timers.obj (.text:prvSampleTimeNow)
                  000099e28640    00000080                                               : timers.obj (.text:prvSwitchTimerLists)
                  000099e286c0    00000080                                               : tasks.obj (.text:prvTaskCheckFreeStackSpace)
                  000099e28740    00000080                                               : port.obj (.text:prvTaskExitError)
                  000099e287c0    00000080                                               : port.obj (.text:pxPortInitialiseStack)
                  000099e28840    00000080     rts7504_le.lib : strlen.c.obj (.text:strlen)
                  000099e288c0    00000080                    : unlink.c.obj (.text:unlink)
[...]
000099e250c0  CSL_intaggrClrIntr                                                              
000099e25140  CSL_lcdma_ringaccGetForwardRingOcc                                              
000099e251c0  CSL_lcdma_ringaccGetReverseRingOcc                                              
000099e25240  CSL_lcdma_ringaccIsTeardownComplete                                             
000099e252c0  CSL_pktdmaGetChanPeerReg                                                        
000099e25340  CSL_pktdmaGetRxRT                                                               
000099e253c0  CSL_pktdmaGetTxRT                                                               
000099e254c0  CSL_pktdmaSetChanPeerReg                                                        
000099e25540  CSL_pktdmaSetRxRT                                                               
000099e255c0  CSL_pktdmaSetTxRT                                                               
000099e256c0  CacheP_disable                                                                  
000099e25740  CacheP_enable                                                                   
000099e257c0  CacheP_enableWT                                                                 
000099e25840  CacheP_inv                                                                      
000099e258c0  CacheP_wb                                                                       
000099e25940  CacheP_wbInv                                                                    
000099e259c0  ClockP_usleep                                                                   
000099e25a40  DebugP_logZoneEnable                                                            
000099e25ac0  DebugP_uartLogWriterPutChar                                                     
000099e25b40  Dpl_init                                                                        
000099e25bc0  Drivers_uartClose                                                               
000099e25c40  Exception_Module_startup                                                        
000099e25cc0  HwiP_destruct                                                                   
000099e25d40  HwiP_disable                                                                    
000099e25dc0  HwiP_disableInt                                                                 
000099e25e40  HwiP_restore                                                                    
000099e25ec0  Hwi_Instance_finalize                                                           
000099e25f40  Hwi_construct                                                                   
000099e25fc0  Hwi_disableIER                                                                  
000099e26040  Hwi_dispatchC                                                                   
000099e260c0  Hwi_enableIER                                                                   
000099e26140  Hwi_eventMap                                                                    
000099e261c0  Hwi_postInit                                                                    
000099e26240  Hwi_secureStart                                                                 
000099e262c0  Hwi_switchAndDispatch                                                           
000099e26340  Hwi_switchToNS                                                                  
000099e26440  MmuP_disable                                                                    
000099e264c0  MmuP_enable                                                                     
000099e26540  Module_clockEnable                                                              
000099e26940  Sciclient_rmIrqRelease                                                          
000099e26b40  System_init                                                                     
000099e26e40  UART_getHandle                                                                  
000099e272c0  UART_readInterruptDma                                                           
000099e27740  UART_writeInterruptDma                                                          
000099e277c0  UdmaChUtcPrms_init                                                              
000099e27840  UdmaEventPrms_init                                                              
000099e278c0  UdmaRingPrms_init                                                               
000099e27940  Udma_chGetCqRingHandle                                                          
000099e279c0  Udma_chGetFqRingHandle                                                          
000099e27ac0  Udma_eventGetId                                                                 
000099e27bc0  Udma_lcdmaRingaccMemOps                                                         
000099e27c40  Udma_ringDequeueRawLcdma                                                        
000099e27cc0  Udma_ringGetForwardRingOccLcdma                                                 
000099e27d40  Udma_ringGetReverseRingOccLcdma                                                 
000099e27dc0  Udma_ringPrimeLcdma                                                             
000099e27e40  Udma_ringPrimeReadLcdma                                                         
000099e27ec0  Udma_virtToPhyFxn                                                               
000099e27f40  _DebugP_assertNoLog                                                             
000099e27fc0  __TI_frcmpyd_div                                                                
000099e28040  _args_main                                                                      
000099e281c0  freertos_main                                                                   
000099e28240  lseek                                                                           
000099e282c0  memset                                                                          
000099e28740  Task_exit                                                                       
000099e287c0  pxPortInitialiseStack                                                           
000099e28840  strlen                                                                          
000099e288c0  unlink                                                                          
000099e28940  uxListRemove                                                                    
000099e289c0  vApplicationLoadHook                                                            
000099e28a40  vApplicationStackOverflowHook                                                   
000099e28ac0  vPortAssertIfInISR                                                              
000099e28b40  vPortYieldAsyncFromISR                                                          
000099e28bc0  vTaskEnterCritical                                                              
000099e28c40  vprintf_                                                                        
000099e28cc0  write                                                                           
000099e28d40  xQueueCreateMutexStatic                                                         
000099e28dc0  xTaskCreateStatic                                                               
000099e28e40  xTaskGetIdleTaskHandle                                                          
000099e28ec0  Board_driversClose                                                              
000099e28f00  Board_driversOpen                                                               
000099e28f40  Board_init                                                                      
000099e29640  CSL_bcdmaGetRxRT                                                                
000099e29680  CSL_bcdmaGetTxRT                                                                
000099e296c0  CSL_bcdmaSetRxRT                                                                
000099e29700  CSL_bcdmaSetTxRT                                                                
000099e297c0  CSL_lcdma_ringaccInitRingObj                                                    
000099e29800  CSL_lcdma_ringaccPop64                                                          
000099e29840  CSL_lcdma_ringaccPush64                                                         
000099e29940  CSL_pktdmaTeardownRxChan                                                        
000099e29980  CSL_pktdmaTeardownTxChan                                                        
000099e299c0  CSL_secProxyGetDataAddr                                                         
000099e29dc0  CacheP_Module_startup                                                           
000099e29e00  CacheP_getL1DCFG                                                                
000099e29e40  CacheP_setL1DCFG                                                                
000099e29e80  CacheP_wait                                                                     
000099e29ec0  ClockP_getTicks                                                                 
000099e29f00  ClockP_getTimerCount                                                            
000099e29f80  ClockP_timerClearOverflowInt                                                    
000099e29fc0  ClockP_timerTickIsr                                                             
000099e2a000  ClockP_usecToTicks                                                              
000099e2a040  DebugP_uartSetDrvIndex                                                          
000099e2a080  Drivers_close                                                                   
000099e2a0c0  Drivers_open                                                                    
000099e2a100  Drivers_uartInit                                                                
000099e2a2c0  HwiP_Params_init                                                                
000099e2a300  HwiP_enable                                                                     
000099e2a340  HwiP_enableInt                                                                  
000099e2a380  HwiP_inISR                                                                      
000099e2a3c0  HwiP_init                                                                       
000099e2a400  Hwi_Params__init__S                                                             
000099e2a440  Hwi_Params_init                                                                 
000099e2a480  Hwi_destruct                                                                    
000099e2a4c0  Hwi_disable                                                                     
000099e2a500  Hwi_enable                                                                      
000099e2a540  Hwi_getCXM                                                                      
000099e2a580  Hwi_getEventId                                                                  
000099e2a5c0  Hwi_getIsrStackAddress                                                          
000099e2a640  Hwi_restore                                                                     
000099e2a680  Hwi_setCOP                                                                      
000099e2a6c0  Hwi_switchFromBootStack                                                         
000099e2a700  IntrinsicsSupport_maxbit                                                        
000099e2a740  IntrinsicsSupport_mfence                                                        
000099e2a780  MmuP_disableI                                                                   
000099e2a7c0  MmuP_enableI                                                                    
000099e2a800  MmuP_enableI_secure                                                             
000099e2a880  MmuP_isEnabled                                                                  
000099e2a8c0  MmuP_setMAIRAsm                                                                 
000099e2a900  MmuP_setTCR                                                                     
000099e2a940  MmuP_tlbInvAll                                                                  
000099e2a980  Mmu_init                                                                        
000099e2a9c0  Pinmux_init                                                                     
000099e2aa00  PowerClock_init                                                                 
000099e2aa80  Sciclient_getSelfDevIdCore                                                      
000099e2abc0  Sciclient_rmIrqSet                                                              
000099e2ac00  Sciclient_rmIrqTranslateIaOutput                                                
000099e2afc0  SemaphoreP_destruct                                                             
000099e2b040  TaskP_yield                                                                     
000099e2b080  TaskSupport_getStackAlignment                                                   
000099e2b0c0  TaskSupport_glue                                                                
000099e2b100  TaskSupport_glueUnpriv                                                          
000099e2b140  Task_enter                                                                      
000099e2b180  TimerP_Params_init                                                              
000099e2b1c0  TimerP_clearOverflowInt                                                         
000099e2b200  TimerP_getCount                                                                 
000099e2b240  TimerP_getReloadCount                                                           
000099e2b640  UdmaChPdmaPrms_init                                                             
000099e2b680  UdmaUtils_getRingMemSize                                                        
000099e2b6c0  Udma_defaultPhyToVirtFxn                                                        
000099e2b700  Udma_defaultVirtToPhyFxn                                                        
000099e2b740  Udma_eventGetGlobalHandle                                                       
000099e2b800  Udma_isCacheCoherent                                                            
000099e2b840  Udma_ringGetElementCntLcdma                                                     
000099e2b880  Udma_ringGetForwardRingOcc                                                      
000099e2b8c0  Udma_ringGetMemPtrLcdma                                                         
000099e2b900  Udma_ringGetModeLcdma                                                           
000099e2b940  Udma_ringGetRdIdxLcdma                                                          
000099e2b980  Udma_ringGetReverseRingOcc                                                      
000099e2b9c0  Udma_ringGetWrIdxLcdma                                                          
000099e2ba00  Udma_ringHandleClearRegsLcdma                                                   
000099e2ba40  Udma_ringQueueRawLcdma                                                          
000099e2ba80  Udma_rmAllocFreeRing                                                            
000099e2bac0  Udma_rmFreeFreeRing                                                             
000099e2bb00  Udma_rmGetDefBoardCfgPrms                                                       
000099e2bb40  Udma_rmGetDefaultCfg                                                            
000099e2bb80  Udma_rmGetSharedResPrms                                                         
000099e2bbc0  Udma_rmTranslateCoreIntrInput                                                   
000099e2bc00  Udma_rmTranslateIrOutput                                                        
000099e2bc40  __c7xabi_fixdull                                                                
000099e2bc80  __c7xabi_fltulld                                                                
000099e2bcc0  __c7xabi_remull                                                                 
000099e2bd00  _c_int00                                                                        
000099e2bd80  _nop                                                                            
000099e2be40  _system_post_cinit                                                              
000099e2be80  _system_pre_init                                                                
000099e2bec0  C$$EXIT                                                                         
000099e2bec0  abort                                                                           
000099e2bf00  c7x_startup_init                                                                
000099e2bf40  exit                                                                            
000099e2bf80  malloc                                                                          
000099e2c100  putchar                                                                         
000099e2c140  putchar_                                                                        
000099e2c180  pvTaskIncrementMutexHeldCount                                                   
000099e2c1c0  remove                                                                          
000099e2c200  ti_sysbios_knl_Task_Func                                                        
000099e2c240  uiPortGetRunTimeCounterValue                                                    
000099e2c280  uxTaskGetNumberOfTasks                                                          
000099e2c2c0  vApplicationGetIdleTaskMemory                                                   
000099e2c300  vApplicationGetTimerTaskMemory                                                  
000099e2c340  vApplicationIdleHook                                                            
000099e2c380  vListInitialise                                                                 
000099e2c3c0  vListInitialiseItem                                                             
000099e2c400  vListInsertEnd                                                                  
000099e2c440  vPortConfigTimerForRunTimeStats                                                 
000099e2c480  vPortRestoreTaskContext                                                         
000099e2c4c0  vPortTimerTickHandler                                                           
000099e2c500  vPortValidateInterruptPriority                                                  
000099e2c540  vPortYeildFromISR                                                               
000099e2c580  vTaskInternalSetTimeOutState                                                    
000099e2c5c0  vTaskMissedYield                                                                
000099e2c600  vTaskSuspendAll                                                                 
000099e2c640  xPortInIsrContext                                                               
000099e2c680  xPortStartScheduler                                                             
000099e2c6c0  xTaskGetCurrentTaskHandle                                                       
000099e2c700  xTaskGetSchedulerState                                                          
000099e2c740  xTaskGetTickCount                                                               
00009a000000  _c_int00_secure                                                                 
UNDEFED       __TI_CINIT_Base                                                                 
UNDEFED       __TI_CINIT_Limit                                                                
UNDEFED       __TI_Handler_Table_Base                                                         
UNDEFED       __TI_Handler_Table_Limit                                                        

[606 symbols]
