******************************************************************************
            TI ARM Clang Linker Unix v5.0.0                    
******************************************************************************
>> Linked Sat Feb 21 02:50:35 2026

OUTPUT FILE NAME:   <uart_echo_dma.release.out>
ENTRY POINT SYMBOL: "_vectors"  address: 00000000


MEMORY CONFIGURATION

         name            origin    length      used     unused   attr    fill
----------------------  --------  ---------  --------  --------  ----  --------
  R5F_VECS              00000000   00000040  00000040  00000000  RWIX
  R5F_TCMA              00000040   00007fc0  00000000  00007fc0  RWIX
  R5F_TCMB              41010000   00008000  00000000  00008000  RWIX
  MSRAM                 79100000   00080000  0001deb8  00062148  RWIX


SEGMENT ALLOCATION MAP

run origin  load origin   length   init length attrs members
----------  ----------- ---------- ----------- ----- -------
00000000    00000000    00000040   00000040    r-x
  00000000    00000000    00000040   00000040    r-x .vectors
79100000    79100000    0000e900   00000000    rw-
  79100000    79100000    00002900   00000000    rw- .bss
  79102900    79102900    00008000   00000000    rw- .sysmem
  7910a900    7910a900    00004000   00000000    rw- .stack
7910e900    7910e900    0000daa0   0000daa0    r-x
  7910e900    7910e900    0000bb40   0000bb40    r-x .text
  7911a440    7911a440    00000fd0   00000fd0    r-- .rodata
  7911b410    7911b410    00000790   00000790    r-x .text.hwi
  7911bba0    7911bba0    00000488   00000488    r-x .text.cache
  7911c028    7911c028    00000248   00000248    r-x .text.mpu
  7911c270    7911c270    00000128   00000128    r-x .text.boot
  7911c398    7911c398    00000008   00000008    r-x .text:abort
7911c3a0    7911c3a0    00001b18   00000718    rw-
  7911c3a0    7911c3a0    00000718   00000718    rw- .data
  7911cab8    7911cab8    00000100   00000000    rw- .irqstack
  7911cbb8    7911cbb8    00000100   00000000    rw- .fiqstack
  7911ccb8    7911ccb8    00001000   00000000    rw- .svcstack
  7911dcb8    7911dcb8    00000100   00000000    rw- .abortstack
  7911ddb8    7911ddb8    00000100   00000000    rw- .undefinedstack


SECTION ALLOCATION MAP

 output                                  attributes/
section   page    origin      length       input sections
--------  ----  ----------  ----------   ----------------
.vectors   0    00000000    00000040     
                  00000000    00000040     nortos.am62dx.r5f.ti-arm-clang.release.lib : HwiP_armv7r_vectors_nortos_asm.obj (.vectors)

.bss       0    79100000    00002900     UNINITIALIZED
                  79100000    00001008     (.common:gHwiCtrl)
                  79101008    000009ec     (.common:gUdmaDrvObj)
                  791019f4    000002c8     ti_drivers_config.obj (.bss.gUart0UdmaRxObj)
                  79101cbc    000002c8     ti_drivers_config.obj (.bss.gUart0UdmaTxObj)
                  79101f84    00000280     ti_drivers_config.obj (.bss.gUartObjects)
                  79102204    00000120     libsysbm.a : trgmsg.c.obj (.bss:_CIOBUF_)
                  79102324    00000004     nortos.am62dx.r5f.ti-arm-clang.release.lib : HwiP_armv7r_vim.obj (.bss.gdummy)
                  79102328    00000038     (.common:gClockCtrl)
                  79102360    00000008     libsysbm.a : hostopen.c.obj (.bss.parmbuf)
                  79102368    00000004     libc.a : memory.c.obj (.bss.sys_free)
                  7910236c    00000004     (.common:gUartHandle)
                  79102370    00000010     --HOLE--
                  79102380    000000c8     (.common:gUartBuffer)
                  79102448    000000a0            : defs.c.obj (.bss.__TI_tmpnams)
                  791024e8    000000a0     ti_drivers_config.obj (.bss.gUart0UdmaCqRxEventObj)
                  79102588    000000a0     ti_drivers_config.obj (.bss.gUart0UdmaCqTxEventObj)
                  79102628    00000028     drivers.am62dx.r5f.ti-arm-clang.release.lib : sciclient_rm_irq.obj (.bss.gPstack)
                  79102650    00000030     --HOLE--
                  79102680    00000030     ti_drivers_config.obj (.bss.gUart0UdmaRxHpdMem)
                  791026b0    00000050     --HOLE--
                  79102700    00000030     ti_drivers_config.obj (.bss.gUart0UdmaTxHpdMem)
                  79102730    00000050     --HOLE--
                  79102780    00000008     ti_drivers_config.obj (.bss.gUart0UdmaRxRingMem)
                  79102788    00000078     --HOLE--
                  79102800    00000008     ti_drivers_config.obj (.bss.gUart0UdmaTxRingMem)
                  79102808    00000078     --HOLE--
                  79102880    00000008     (.common:gUartReceiveBuffer)
                  79102888    00000078     --HOLE--

.sysmem    0    79102900    00008000     UNINITIALIZED
                  79102900    00000010     libc.a : memory.c.obj (.sysmem)
                  79102910    00007ff0     --HOLE--

.stack     0    7910a900    00004000     UNINITIALIZED
                  7910a900    00000004     nortos.am62dx.r5f.ti-arm-clang.release.lib : boot_armv7r_asm.obj (.stack)
                  7910a904    00003ffc     --HOLE--

.text      0    7910e900    0000bb40     
                  7910e900    000006c6     drivers.am62dx.r5f.ti-arm-clang.release.lib : sciclient_rm_irq.obj (.text.Sciclient_rmIrqFindRoute)
                  7910efc6    000005be                                                 : udma_ch.obj (.text.Udma_chDisable)
                  7910f584    0000057a     nortos.am62dx.r5f.ti-arm-clang.release.lib : printf.obj (.text._vsnprintf)
                  7910fafe    000004d6     drivers.am62dx.r5f.ti-arm-clang.release.lib : uart_v0.obj (.text.UART_open)
                  7910ffd4    0000045e                                                 : udma_event.obj (.text.Udma_eventRegister)
                  79110432    00000434                                                 : udma_ch.obj (.text.Udma_chOpen)
                  79110866    00000002     ti_board_config.obj (.text.Board_deinit)
                  79110868    000003a0     nortos.am62dx.r5f.ti-arm-clang.release.lib : printf.obj (.text._ftoa)
                  79110c08    00000018     drivers.am62dx.r5f.ti-arm-clang.release.lib : sciclient_soc_priv.obj (.text.Sciclient_getDevId)
                  79110c20    00000390     libc.a : strcmp32.S.obj (.text:strcmp)
                  79110fb0    0000036c     drivers.am62dx.r5f.ti-arm-clang.release.lib : udma_rm.obj (.text.Udma_rmInit)
                  7911131c    0000034e                                                 : sciclient.obj (.text.Sciclient_service)
                  7911166a    00000006                                                 : csl_pktdma.obj (.text.CSL_pktdmaTeardownRxChan)
                  79111670    000002f8     nortos.am62dx.r5f.ti-arm-clang.release.lib : printf.obj (.text._etoa)
                  79111968    000002e6     drivers.am62dx.r5f.ti-arm-clang.release.lib : udma_rm.obj (.text.Udma_rmDeinit)
                  79111c4e    0000028c                                                 : udma_rmcfg_common.obj (.text.UdmaRmInitPrms_init)
                  79111eda    00000286                                                 : udma_soc.obj (.text.Udma_initDrvHandle)
                  79112160    00000272                                                 : sciclient_rm_irq.obj (.text.Sciclient_rmIrqGetRoute)
                  791123d2    00000256                                                 : sciclient_rm_irq.obj (.text.Sciclient_rmProgramInterruptRoute)
                  79112628    0000021e                                                 : uart_v0.obj (.text.UART_masterIsr)
                  79112846    00000218     nortos.am62dx.r5f.ti-arm-clang.release.lib : TimerP.obj (.text.TimerP_setup)
                  79112a5e    00000002     ti_board_open_close.obj (.text.Board_driversClose)
                  79112a60    0000020e     drivers.am62dx.r5f.ti-arm-clang.release.lib : udma_event.obj (.text.Udma_eventUnRegister)
                  79112c6e    00000206                                                 : uart_dma_udma.obj (.text.UART_udmaOpen)
                  79112e74    000001e6                                                 : sciclient_rm_irq.obj (.text.Sciclient_rmClearInterruptRoute)
                  7911305a    000001a4                                                 : udma_ring_common.obj (.text.Udma_ringAlloc)
                  791131fe    00000002     ti_board_config.obj (.text.Board_init)
                  79113200    000001a0     libc.a : memory.c.obj (.text.free)
                  791133a0    00000198     drivers.am62dx.r5f.ti-arm-clang.release.lib : csl_bcdma.obj (.text.CSL_bcdmaChanOp)
                  79113538    00000194     libc.a : memory.c.obj (.text.aligned_alloc)
                  791136cc    00000188     uart_echo_dma.obj (.text.uart_echo_dma)
                  79113854    0000015e     drivers.am62dx.r5f.ti-arm-clang.release.lib : udma_ch.obj (.text.Udma_chConfigRx)
                  791139b2    00000158                                                 : sciclient_rm_irq.obj (.text.Sciclient_rmIrqDeleteRoute)
                  79113b0a    00000154                                                 : sciclient_rm_irq.obj (.text.Sciclient_rmIrqProgramRoute)
                  79113c5e    00000146                                                 : uart_v0.obj (.text.UART_close)
                  79113da4    00000144     libc.a : setvbuf.c.obj (.text.setvbuf)
                  79113ee8    0000013a     drivers.am62dx.r5f.ti-arm-clang.release.lib : soc.obj (.text.SOC_moduleSetClockFrequency)
                  79114022    00000132     nortos.am62dx.r5f.ti-arm-clang.release.lib : printf.obj (.text._ntoa_format)
                  79114154    0000012e     drivers.am62dx.r5f.ti-arm-clang.release.lib : uart_v0.obj (.text.UART_write)
                  79114282    0000012c                                                 : csl_bcdma.obj (.text.CSL_bcdmaChanOpCfgChan)
                  791143ae    00000002     nortos.am62dx.r5f.ti-arm-clang.release.lib : SemaphoreP_nortos.obj (.text.SemaphoreP_destruct)
                  791143b0    0000012c                                                : PmuP_armv7r_asm.obj (.text.pmu)
                  791144dc    00000126     drivers.am62dx.r5f.ti-arm-clang.release.lib : udma_flow.obj (.text.Udma_flowConfig)
                  79114602    00000002     nortos.am62dx.r5f.ti-arm-clang.release.lib : TaskP_nortos.obj (.text.TaskP_yield)
                  79114604    00000118     libclang_rt.builtins.a : udivmoddi4.S.obj (.text)
                  7911471c    00000108     drivers.am62dx.r5f.ti-arm-clang.release.lib : udma_ch.obj (.text.Udma_chEnable)
                  79114824    000000fe                                                 : uart_v0.obj (.text.UART_read)
                  79114922    000000fc     nortos.am62dx.r5f.ti-arm-clang.release.lib : ClockP_nortos_r5.obj (.text.ClockP_init)
                  79114a1e    000000f8     drivers.am62dx.r5f.ti-arm-clang.release.lib : csl_lcdma_ringacc.obj (.text.CSL_lcdma_ringaccPop64MultiAccess)
                  79114b16    000000f8                                                 : uart_v0.obj (.text.UART_readPolling)
                  79114c0e    000000f8                                                 : udma_rm.obj (.text.Udma_rmSetSharedResRmInitPrms)
                  79114d06    000000f6                                                 : udma_ch.obj (.text.Udma_chFreeResource)
                  79114dfc    000000f0     libc.a : fputc.c.obj (.text.fputc)
                  79114eec    000000e6     drivers.am62dx.r5f.ti-arm-clang.release.lib : udma_ch.obj (.text.Udma_chConfigTx)
                  79114fd2    000000dc                                                 : uart_v0.obj (.text.UART_readInterrupt)
                  791150ae    000000d6                                                 : uart_v0.obj (.text.UART_writePolling)
                  79115184    000000d4                                                 : csl_lcdma_ringacc.obj (.text.CSL_lcdma_ringaccPush64MultiAccess)
                  79115258    000000c8     libc.a : getdevice.c.obj (.text.getdevice)
                  79115320    000000c4     drivers.am62dx.r5f.ti-arm-clang.release.lib : csl_bcdma.obj (.text.CSL_bcdmaChanOpTeardownChan)
                  791153e4    000000c4                                                 : uart_dma_udma.obj (.text.UART_udmaTransferRead)
                  791154a8    000000c2                                                 : uart_dma_udma.obj (.text.UART_udmaTransferWrite)
                  7911556a    000000c0                                                 : udma.obj (.text.Udma_init)
                  7911562a    000000ba                                                 : sciclient_rm_irq.obj (.text.Sciclient_rmIaValidateMapping)
                  791156e4    000000ba                                                 : udma_ch.obj (.text.Udma_chConfigPdma)
                  7911579e    000000b8                                                 : uart_v0.obj (.text.UART_divisorLatchWrite)
                  79115856    000000b6                                                 : csl_lcdma_ringacc.obj (.text.CSL_lcdma_ringaccDequeue)
                  7911590c    000000b4                                                 : sciclient_pm.obj (.text.Sciclient_pmQueryModuleClkFreq)
                  791159c0    000000b4     libc.a : fseek.c.obj (.text.fseeko)
                  79115a74    000000b0     drivers.am62dx.r5f.ti-arm-clang.release.lib : uart_v0.obj (.text.UART_procLineStatusErr)
                  79115b24    000000b0     libc.a : fclose.c.obj (.text.__TI_closefile)
                  79115bd4    000000a8     drivers.am62dx.r5f.ti-arm-clang.release.lib : uart_v0.obj (.text.UART_flushTxFifo)
                  79115c7c    000000a6                                                 : udma_rm.obj (.text.Udma_rmAllocBlkCopyCh)
                  79115d22    000000a6                                                 : udma_rm.obj (.text.Udma_rmAllocBlkCopyHcCh)
                  79115dc8    000000a6                                                 : udma_rm.obj (.text.Udma_rmAllocBlkCopyUhcCh)
                  79115e6e    000000a6                                                 : udma_rm.obj (.text.Udma_rmAllocIrIntr)
                  79115f14    000000a6                                                 : udma_rm.obj (.text.Udma_rmAllocMappedRxCh)
                  79115fba    000000a6                                                 : udma_rm.obj (.text.Udma_rmAllocMappedTxCh)
                  79116060    000000a6                                                 : udma_rm.obj (.text.Udma_rmAllocRxCh)
                  79116106    000000a6                                                 : udma_rm.obj (.text.Udma_rmAllocRxHcCh)
                  791161ac    000000a6                                                 : udma_rm.obj (.text.Udma_rmAllocRxUhcCh)
                  79116252    000000a6                                                 : udma_rm.obj (.text.Udma_rmAllocTxCh)
                  791162f8    000000a6                                                 : udma_rm.obj (.text.Udma_rmAllocTxHcCh)
                  7911639e    000000a6                                                 : udma_rm.obj (.text.Udma_rmAllocTxUhcCh)
                  79116444    000000a6     nortos.am62dx.r5f.ti-arm-clang.release.lib : printf.obj (.text._out_rev)
                  791164ea    000000a4     drivers.am62dx.r5f.ti-arm-clang.release.lib : uart_dma_udma.obj (.text.UART_udmaIsrRx)
                  7911658e    000000a4                                                 : uart_dma_udma.obj (.text.UART_udmaIsrTx)
                  79116632    00000002                                                 : udma_utils.obj (.text.Udma_defaultPhyToVirtFxn)
                  79116634    000000a4     libc.a : memory.c.obj (.text.split)
                  791166d8    000000a2     drivers.am62dx.r5f.ti-arm-clang.release.lib : sciclient_pm.obj (.text.Sciclient_pmSetModuleClkFreq)
                  7911677a    000000a2     nortos.am62dx.r5f.ti-arm-clang.release.lib : printf.obj (.text._ntoa_long_long)
                  7911681c    000000a0     libsysbm.a : hostrename.c.obj (.text.HOSTrename)
                  791168bc    0000009c                : hostopen.c.obj (.text.HOSTopen)
                  79116958    0000009c     drivers.am62dx.r5f.ti-arm-clang.release.lib : sciclient_rm_irq.obj (.text.Sciclient_rmIrInpIsFree)
                  791169f4    0000009c                                                 : udma_ch.obj (.text.Udma_chClose)
                  79116a90    0000009c     libc.a : _io_perm.c.obj (.text.__TI_wrt_ok)
                  79116b2c    0000009a     drivers.am62dx.r5f.ti-arm-clang.release.lib : sciclient.obj (.text.Sciclient_init)
                  79116bc6    0000009a                                                 : sciclient.obj (.text.Sciclient_sendMessage)
                  79116c60    0000009a                                                 : uart_dma_udma.obj (.text.UART_udmaDeInitCh)
                  79116cfa    00000096     nortos.am62dx.r5f.ti-arm-clang.release.lib : SemaphoreP_nortos.obj (.text.SemaphoreP_pend)
                  79116d90    00000094     drivers.am62dx.r5f.ti-arm-clang.release.lib : uart_v0.obj (.text.UART_init)
                  79116e24    00000092                                                 : udma_rm.obj (.text.Udma_rmAllocMappedRing)
                  79116eb6    00000090                                                 : udma_event.obj (.text.Udma_eventFreeResource)
                  79116f46    0000008e                                                 : uart_v0.obj (.text.UART_readCancelNoCB)
                  79116fd4    0000008c                                                 : udma_event.obj (.text.Udma_eventIsrFxn)
                  79117060    0000008a                                                 : udma_ring_lcdma.obj (.text.Udma_ringSetCfgLcdma)
                  791170ea    00000088                                                 : udma_rm.obj (.text.Udma_rmGetSciclientDefaultBoardCfgRmRange)
                  79117172    00000002                                                 : udma_rm.obj (.text.Udma_rmFreeFreeRing)
                  79117174    00000088     libc.a : fflush.c.obj (.text.__TI_doflush)
                  791171fc    00000088     libsysbm.a : close.c.obj (.text.close)
                  79117284    00000084                : hostread.c.obj (.text.HOSTread)
                  79117308    00000084                : hostwrite.c.obj (.text.HOSTwrite)
                  7911738c    00000080                : hostlseek.c.obj (.text.HOSTlseek)
                  7911740c    00000080     nortos.am62dx.r5f.ti-arm-clang.release.lib : printf.obj (.text._ntoa_long)
                  7911748c    0000007e     drivers.am62dx.r5f.ti-arm-clang.release.lib : sciclient_rm_irq.obj (.text.Sciclient_rmTranslateIntOutput)
                  7911750a    0000007c                                                 : csl_pktdma.obj (.text.CSL_pktdmaAccessChanPeerReg)
                  79117586    0000007c                                                 : csl_pktdma.obj (.text.CSL_pktdmaTeardownChan)
                  79117602    0000007c                                                 : sciclient_pm.obj (.text.Sciclient_pmGetModuleClkNumParent)
                  7911767e    0000007c                                                 : sciclient_pm.obj (.text.Sciclient_pmGetModuleClkParent)
                  791176fa    0000007a                                                 : sciclient_pm.obj (.text.Sciclient_pmGetModuleClkFreq)
                  79117774    0000007a                                                 : sciclient_pm.obj (.text.Sciclient_pmGetModuleState)
                  791177ee    0000007a                                                 : sciclient_pm.obj (.text.Sciclient_pmModuleGetClkStatus)
                  79117868    0000007a                                                 : sciclient_rm_irq.obj (.text.Sciclient_rmIrOutpIsFree)
                  791178e2    00000076                                                 : sciclient_pm.obj (.text.Sciclient_pmModuleClkRequest)
                  79117958    00000076                                                 : sciclient_pm.obj (.text.Sciclient_pmSetModuleClkParent)
                  791179ce    00000072                                                 : udma_ring_lcdma.obj (.text.Udma_ringFlushRawLcdma)
                  79117a40    00000072                                                 : udma_rm.obj (.text.Udma_rmAllocVintrBit)
                  79117ab2    00000070                                                 : sciclient_rm_irq.obj (.text.Sciclient_rmIrqGetNode)
                  79117b22    0000006e                                                 : soc.obj (.text.SOC_moduleClockEnable)
                  79117b90    0000006e                                                 : sciclient_rm_irq.obj (.text.Sciclient_rmIrqCfgIsEventToVintMappingOnly)
                  79117bfe    0000006c     ti_drivers_config.obj (.text.System_init)
                  79117c6a    0000006a     drivers.am62dx.r5f.ti-arm-clang.release.lib : sciclient.obj (.text.Sciclient_getCurrentContext)
                  79117cd4    0000006a                                                 : uart_dma_udma.obj (.text.UART_udmaHpdInit)
                  79117d3e    0000006a                                                 : uart_v0.obj (.text.UART_writeCancelNoCB)
                  79117da8    00000068     nortos.am62dx.r5f.ti-arm-clang.release.lib : AddrTranslateP.obj (.text.AddrTranslateP_getLocalAddr)
                  79117e10    00000064     drivers.am62dx.r5f.ti-arm-clang.release.lib : csl_bcdma.obj (.text.CSL_bcdmaDoChanOp)
                  79117e74    00000064     libsysbm.a : hostunlink.c.obj (.text.HOSTunlink)
                  79117ed8    00000062     drivers.am62dx.r5f.ti-arm-clang.release.lib : uart_dma_udma.obj (.text.UART_udmaDisableChannel)
                  79117f3a    00000062                                                 : udma_ring_common.obj (.text.Udma_ringFree)
                  79117f9c    00000062                                                 : udma_ring_common.obj (.text.Udma_ringQueueRaw)
                  79117ffe    00000002     nortos.am62dx.r5f.ti-arm-clang.release.lib : printf.obj (.text._out_null)
                  79118000    00000060     libsysbm.a : hostclose.c.obj (.text.HOSTclose)
                  79118060    00000060     drivers.am62dx.r5f.ti-arm-clang.release.lib : udma_rm.obj (.text.Udma_rmFreeMappedRing)
                  791180c0    00000060     nortos.am62dx.r5f.ti-arm-clang.release.lib : PmuP_armv7r.obj (.text.pmu)
                  79118120    0000005e                                                : ClockP_nortos.obj (.text.ClockP_timerTickIsr)
                  7911817e    0000005c     drivers.am62dx.r5f.ti-arm-clang.release.lib : udma.obj (.text.Udma_deinit)
                  791181da    0000005c     nortos.am62dx.r5f.ti-arm-clang.release.lib : DebugP_log.obj (.text._DebugP_assert)
                  79118236    0000005a     drivers.am62dx.r5f.ti-arm-clang.release.lib : csl_bcdma.obj (.text.CSL_bcdmaChanOpGetChanStats)
                  79118290    0000005a                                                 : csl_bcdma.obj (.text.CSL_bcdmaChanOpSetChanPause)
                  791182ea    0000005a                                                 : sciclient_rm_irq.obj (.text.Sciclient_rmIrqUnmappedVintRouteDelete)
                  79118344    0000005a                                                 : udma_ring_common.obj (.text.Udma_ringDequeueRaw)
                  7911839e    0000005a                                                 : udma_rm.obj (.text.Udma_rmAllocEvent)
                  791183f8    0000005a                                                 : udma_rm.obj (.text.Udma_rmAllocVintr)
                  79118452    00000058                                                 : soc.obj (.text.SOC_controlModuleLockMMR)
                  791184aa    00000058                                                 : sciclient_rm.obj (.text.Sciclient_rmGetResourceRange)
                  79118502    00000058     ti_drivers_config.obj (.text.System_deinit)
                  7911855a    00000058     drivers.am62dx.r5f.ti-arm-clang.release.lib : udma_ch.obj (.text.UdmaChPrms_init)
                  791185b2    00000002     --HOLE-- [fill = 0]
                  791185b4    00000058     libc.a : fopen.c.obj (.text.__TI_cleanup)
                  7911860c    00000058     libsysbm.a : trgmsg.c.obj (.text.__TI_readmsg)
                  79118664    00000058                : trgmsg.c.obj (.text.__TI_writemsg)
                  791186bc    00000058     main.obj (.text.main)
                  79118714    00000056     ti_drivers_open_close.obj (.text.Drivers_uartOpen)
                  7911876a    00000056     drivers.am62dx.r5f.ti-arm-clang.release.lib : uart_dma.obj (.text.UART_dmaDisableChannel)
                  791187c0    00000054                                                 : csl_intaggr.obj (.text.CSL_intaggrIsIntrPending)
                  79118814    00000054                                                 : uart_dma.obj (.text.UART_dmaClose)
                  79118868    00000054     libc.a : exit.c.obj (.text.exit)
                  791188bc    00000054            : getdevice.c.obj (.text.finddevice)
                  79118910    00000054            : autoinit.c.obj (.text:__TI_auto_init_nobinit_nopinit)
                  79118964    00000052     drivers.am62dx.r5f.ti-arm-clang.release.lib : csl_bcdma.obj (.text.CSL_bcdmaChanOpGetChanRT)
                  791189b6    00000052                                                 : sciclient_pm.obj (.text.Sciclient_pmSetModuleState)
                  79118a08    00000050     nortos.am62dx.r5f.ti-arm-clang.release.lib : ClockP_nortos.obj (.text.ClockP_construct)
                  79118a58    00000050     drivers.am62dx.r5f.ti-arm-clang.release.lib : udma_rm.obj (.text.Udma_rmFreeVintrBit)
                  79118aa8    0000004e     nortos.am62dx.r5f.ti-arm-clang.release.lib : ClockP_nortos.obj (.text.ClockP_addToList)
                  79118af6    0000004c     drivers.am62dx.r5f.ti-arm-clang.release.lib : pinmux.obj (.text.Pinmux_config)
                  79118b42    0000004a                                                 : csl_bcdma.obj (.text.CSL_bcdmaGetCfg)
                  79118b8c    0000004a                                                 : pinmux.obj (.text.Pinmux_unlockMMR)
                  79118bd6    0000004a                                                 : soc.obj (.text.SOC_controlModuleUnlockMMR)
                  79118c20    0000004a                                                 : sciclient_pm.obj (.text.Sciclient_pmSetModuleRst)
                  79118c6a    0000004a                                                 : udma_ch.obj (.text.UdmaChTxPrms_init)
                  79118cb4    0000004a                                                 : udma_rm.obj (.text.Udma_rmFreeMappedRxCh)
                  79118cfe    0000004a                                                 : udma_rm.obj (.text.Udma_rmFreeMappedTxCh)
                  79118d48    00000048                                                 : csl_bcdma.obj (.text.CSL_bcdmaChanOpSetChanRT)
                  79118d90    00000048                                                 : csl_intaggr.obj (.text.CSL_intaggrClrIntr)
                  79118dd8    00000048                                                 : sciclient_rm.obj (.text.Sciclient_rmIrqSetRaw)
                  79118e20    00000048                                                 : sciclient_rm.obj (.text.Sciclient_rmRingCfg)
                  79118e68    00000048                                                 : sciclient_rm.obj (.text.Sciclient_rmUdmapFlowCfg)
                  79118eb0    00000048                                                 : sciclient_rm.obj (.text.Sciclient_rmUdmapFlowSizeThreshCfg)
                  79118ef8    00000048                                                 : sciclient_rm.obj (.text.Sciclient_rmUdmapRxChCfg)
                  79118f40    00000048                                                 : sciclient_rm.obj (.text.Sciclient_rmUdmapTxChCfg)
                  79118f88    00000048                                                 : udma_ch.obj (.text.UdmaChRxPrms_init)
                  79118fd0    00000048     libsysbm.a : unlink.c.obj (.text.unlink)
                  79119018    00000046     nortos.am62dx.r5f.ti-arm-clang.release.lib : ClockP_nortos.obj (.text.ClockP_getTimeUsec)
                  7911905e    00000044                                                : ClockP_nortos.obj (.text.ClockP_stop)
                  791190a2    00000044     drivers.am62dx.r5f.ti-arm-clang.release.lib : sciclient_rm.obj (.text.Sciclient_rmIrqReleaseRaw)
                  791190e6    00000044                                                 : sciclient_rm.obj (.text.Sciclient_rmPsilPair)
                  7911912a    00000044                                                 : sciclient_rm.obj (.text.Sciclient_rmPsilUnpair)
                  7911916e    00000042                                                 : csl_bcdma.obj (.text.CSL_bcdmaChanOpDecChanStats)
                  791191b0    00000042                                                 : udma_soc.obj (.text.Udma_getMappedChRingAttributes)
                  791191f2    00000040                                                 : csl_bcdma.obj (.text.CSL_bcdmaChanOpSetBurstSize)
                  79119232    00000040     ti_dpl_config.obj (.text.Dpl_init)
                  79119272    00000040     nortos.am62dx.r5f.ti-arm-clang.release.lib : SemaphoreP_nortos.obj (.text.SemaphoreP_constructBinary)
                  791192b2    00000040     drivers.am62dx.r5f.ti-arm-clang.release.lib : udma_ring_common.obj (.text.Udma_ringFlushRaw)
                  791192f2    00000040                                                 : udma_rm.obj (.text.Udma_rmFreeBlkCopyCh)
                  79119332    00000040                                                 : udma_rm.obj (.text.Udma_rmFreeBlkCopyHcCh)
                  79119372    00000040                                                 : udma_rm.obj (.text.Udma_rmFreeBlkCopyUhcCh)
                  791193b2    00000040                                                 : udma_rm.obj (.text.Udma_rmFreeEvent)
                  791193f2    00000040                                                 : udma_rm.obj (.text.Udma_rmFreeIrIntr)
                  79119432    00000040                                                 : udma_rm.obj (.text.Udma_rmFreeRxCh)
                  79119472    00000040                                                 : udma_rm.obj (.text.Udma_rmFreeRxHcCh)
                  791194b2    00000040                                                 : udma_rm.obj (.text.Udma_rmFreeRxUhcCh)
                  791194f2    00000040                                                 : udma_rm.obj (.text.Udma_rmFreeTxCh)
                  79119532    00000040                                                 : udma_rm.obj (.text.Udma_rmFreeTxHcCh)
                  79119572    00000040                                                 : udma_rm.obj (.text.Udma_rmFreeTxUhcCh)
                  791195b2    00000040                                                 : udma_rm.obj (.text.Udma_rmFreeVintr)
                  791195f2    00000002     --HOLE-- [fill = 0]
                  791195f4    00000040     libc.a : memory.c.obj (.text.free_list_insert)
                  79119634    0000003e     nortos.am62dx.r5f.ti-arm-clang.release.lib : SemaphoreP_nortos.obj (.text.SemaphoreP_constructMutex)
                  79119672    0000003e     drivers.am62dx.r5f.ti-arm-clang.release.lib : udma_flow.obj (.text.UdmaFlowPrms_init)
                  791196b0    0000003c     nortos.am62dx.r5f.ti-arm-clang.release.lib : ClockP_nortos.obj (.text.ClockP_usleep)
                  791196ec    0000003c     drivers.am62dx.r5f.ti-arm-clang.release.lib : udma_ring_lcdma.obj (.text.Udma_ringPrimeReadLcdma)
                  79119728    0000003c                                                 : udma_ring_lcdma.obj (.text.Udma_ringSetDoorBellLcdma)
                  79119764    0000003a     nortos.am62dx.r5f.ti-arm-clang.release.lib : ClockP_nortos.obj (.text.ClockP_destruct)
                  7911979e    0000003a                                                : DebugP_uartLogWriter.obj (.text.DebugP_uartLogWriterPutChar)
                  791197d8    0000003a     ti_power_clock_config.obj (.text.Module_clockSetFrequency)
                  79119812    0000003a     drivers.am62dx.r5f.ti-arm-clang.release.lib : uart_dma.obj (.text.UART_dmaOpen)
                  7911984c    00000038                                                 : udma_ring_lcdma.obj (.text.Udma_lcdmaRingaccMemOps)
                  79119884    00000038     nortos.am62dx.r5f.ti-arm-clang.release.lib : DebugP_nortos.obj (.text._DebugP_logZone)
                  791198bc    00000036     drivers.am62dx.r5f.ti-arm-clang.release.lib : csl_pktdma.obj (.text.CSL_pktdmaGetCfg)
                  791198f2    00000034     nortos.am62dx.r5f.ti-arm-clang.release.lib : ClockP_nortos.obj (.text.ClockP_start)
                  79119926    00000034     ti_power_clock_config.obj (.text.Module_clockDisable)
                  7911995a    00000034     ti_power_clock_config.obj (.text.Module_clockEnable)
                  7911998e    00000002     --HOLE-- [fill = 0]
                  79119990    00000034     libc.a : memory.c.obj (.text.free_list_remove)
                  791199c4    00000032     drivers.am62dx.r5f.ti-arm-clang.release.lib : sciclient_soc_priv.obj (.text.Sciclient_getContext)
                  791199f6    00000032     nortos.am62dx.r5f.ti-arm-clang.release.lib : SemaphoreP_nortos.obj (.text.SemaphoreP_post)
                  79119a28    00000032     drivers.am62dx.r5f.ti-arm-clang.release.lib : uart_v0.obj (.text.UART_getHandle)
                  79119a5a    00000032                                                 : udma_event.obj (.text.UdmaEventPrms_init)
                  79119a8c    00000030     libsysbm.a : lseek.c.obj (.text.lseek)
                  79119abc    00000030                : write.c.obj (.text.write)
                  79119aec    0000002e     drivers.am62dx.r5f.ti-arm-clang.release.lib : udma_ring_common.obj (.text.UdmaRingPrms_init)
                  79119b1a    0000002c                                                 : udma_ring_lcdma.obj (.text.Udma_ringGetForwardRingOccLcdma)
                  79119b46    0000002c                                                 : udma_ring_lcdma.obj (.text.Udma_ringGetReverseRingOccLcdma)
                  79119b72    0000002a                                                 : udma_ch.obj (.text.Udma_chGetCqRingHandle)
                  79119b9c    0000002a                                                 : udma_ch.obj (.text.Udma_chGetFqRingHandle)
                  79119bc6    0000002a                                                 : udma_utils.obj (.text.Udma_phyToVirtFxn)
                  79119bf0    00000028                                                 : csl_intaggr.obj (.text.CSL_intaggrGetCfg)
                  79119c18    00000028                                                 : csl_pktdma.obj (.text.CSL_pktdmaGetRxRT)
                  79119c40    00000028                                                 : csl_pktdma.obj (.text.CSL_pktdmaGetTxRT)
                  79119c68    00000028     nortos.am62dx.r5f.ti-arm-clang.release.lib : ClockP_nortos.obj (.text.ClockP_sleepTicks)
                  79119c90    00000028     drivers.am62dx.r5f.ti-arm-clang.release.lib : uart_v0.obj (.text.UART_statusIsDataReady)
                  79119cb8    00000026                                                 : uart_dma_udma.obj (.text.UART_udmaClose)
                  79119cde    00000024                                                 : csl_bcdma.obj (.text.CSL_bcdmaGetChanPeerReg)
                  79119d02    00000024                                                 : udma_ring_lcdma.obj (.text.Udma_ringPrimeLcdma)
                  79119d26    00000002     --HOLE-- [fill = 0]
                  79119d28    00000024     libclang_rt.builtins.a : aeabi_uldivmod.S.obj (.text.__aeabi_uldivmod)
                  79119d4c    00000024     nortos.am62dx.r5f.ti-arm-clang.release.lib : printf.obj (.text.vprintf_)
                  79119d70    00000022     drivers.am62dx.r5f.ti-arm-clang.release.lib : csl_bcdma.obj (.text.CSL_bcdmaSetChanPeerReg)
                  79119d92    00000022     nortos.am62dx.r5f.ti-arm-clang.release.lib : ClockP_nortos.obj (.text.ClockP_deinit)
                  79119db4    00000022     ti_pinmux_config.obj (.text.Pinmux_init)
                  79119dd6    00000022     drivers.am62dx.r5f.ti-arm-clang.release.lib : udma_rmcfg.obj (.text.Udma_rmGetSharedResPrms)
                  79119df8    00000022                                                 : udma_utils.obj (.text.Udma_virtToPhyFxn)
                  79119e1a    00000020                                                 : csl_pktdma.obj (.text.CSL_pktdmaSetRxRT)
                  79119e3a    00000020                                                 : csl_pktdma.obj (.text.CSL_pktdmaSetTxRT)
                  79119e5a    00000020     nortos.am62dx.r5f.ti-arm-clang.release.lib : DebugP_log.obj (.text.DebugP_logZoneEnable)
                  79119e7a    00000020     drivers.am62dx.r5f.ti-arm-clang.release.lib : soc.obj (.text.SOC_getSelfCpuClk)
                  79119e9a    00000020     nortos.am62dx.r5f.ti-arm-clang.release.lib : TimerP.obj (.text.TimerP_Params_init)
                  79119eba    0000001e     drivers.am62dx.r5f.ti-arm-clang.release.lib : csl_bcdma.obj (.text.CSL_bcdmaChanOpClearError)
                  79119ed8    0000001e                                                 : csl_bcdma.obj (.text.CSL_bcdmaTeardownRxChan)
                  79119ef6    0000001e                                                 : csl_bcdma.obj (.text.CSL_bcdmaTeardownTxChan)
                  79119f14    0000001e     ti_drivers_open_close.obj (.text.Drivers_close)
                  79119f32    0000001e     drivers.am62dx.r5f.ti-arm-clang.release.lib : udma_ring_lcdma.obj (.text.Udma_ringDequeueRawLcdma)
                  79119f50    0000001e                                                 : udma_ring_lcdma.obj (.text.Udma_ringQueueRawLcdma)
                  79119f6e    0000001c                                                 : csl_lcdma_ringacc.obj (.text.CSL_lcdma_ringaccPush64)
                  79119f8a    0000001c                                                 : csl_pktdma.obj (.text.CSL_pktdmaGetChanPeerReg)
                  79119fa6    0000001c                                                 : csl_pktdma.obj (.text.CSL_pktdmaSetChanPeerReg)
                  79119fc2    0000001c                                                 : udma_event.obj (.text.Udma_eventGetGlobalHandle)
                  79119fde    0000001c     nortos.am62dx.r5f.ti-arm-clang.release.lib : boot_armv7r.obj (.text._system_pre_init)
                  79119ffa    00000002     --HOLE-- [fill = 0]
                  79119ffc    0000001c     libsysbm.a : hostrename.c.obj (.text.strcpy)
                  7911a018    0000001c                : hostopen.c.obj (.text.strlen)
                  7911a034    0000001c                : hostrename.c.obj (.text.strlen)
                  7911a050    0000001c                : hostunlink.c.obj (.text.strlen)
                  7911a06c    0000001c     libc.a : memcpy32.S.obj (.text:TI_memcpy_small)
                  7911a088    0000001a     nortos.am62dx.r5f.ti-arm-clang.release.lib : TimerP.obj (.text.TimerP_start)
                  7911a0a2    0000001a                                                : TimerP.obj (.text.TimerP_stop)
                  7911a0bc    0000001a     drivers.am62dx.r5f.ti-arm-clang.release.lib : uart_v0.obj (.text.UART_deinit)
                  7911a0d6    0000001a                                                 : uart_dma.obj (.text.UART_readInterruptDma)
                  7911a0f0    0000001a                                                 : uart_dma.obj (.text.UART_writeInterruptDma)
                  7911a10a    0000001a                                                 : udma_rmcfg.obj (.text.Udma_rmGetDefBoardCfgPrms)
                  7911a124    00000018                                                 : udma_utils.obj (.text.UdmaUtils_getRingMemSize)
                  7911a13c    00000018                                                 : udma_ring_lcdma.obj (.text.Udma_ringGetElementCntLcdma)
                  7911a154    00000018                                                 : udma_ring_lcdma.obj (.text.Udma_ringGetMemPtrLcdma)
                  7911a16c    00000018                                                 : udma_ring_lcdma.obj (.text.Udma_ringGetModeLcdma)
                  7911a184    00000018                                                 : udma_ring_lcdma.obj (.text.Udma_ringGetRdIdxLcdma)
                  7911a19c    00000018                                                 : udma_ring_lcdma.obj (.text.Udma_ringGetWrIdxLcdma)
                  7911a1b4    00000018     libc.a : memset32.S.obj (.text:TI_memset_small)
                  7911a1cc    00000016     drivers.am62dx.r5f.ti-arm-clang.release.lib : csl_bcdma.obj (.text.CSL_bcdmaGetRxRT)
                  7911a1e2    00000016                                                 : csl_bcdma.obj (.text.CSL_bcdmaGetTxRT)
                  7911a1f8    00000016                                                 : csl_bcdma.obj (.text.CSL_bcdmaSetRxRT)
                  7911a20e    00000016                                                 : csl_bcdma.obj (.text.CSL_bcdmaSetTxRT)
                  7911a224    00000016                                                 : sciclient_rm.obj (.text.Sciclient_rmIrqRelease)
                  7911a23a    00000014                                                 : csl_lcdma_ringacc.obj (.text.CSL_lcdma_ringaccPop64)
                  7911a24e    00000012                                                 : csl_lcdma_ringacc.obj (.text.CSL_lcdma_ringaccGetReverseRingOcc)
                  7911a260    00000012     nortos.am62dx.r5f.ti-arm-clang.release.lib : TimerP.obj (.text.TimerP_clearOverflowInt)
                  7911a272    00000012     ti_dpl_config.obj (.text.putchar_)
                  7911a284    00000010     drivers.am62dx.r5f.ti-arm-clang.release.lib : csl_lcdma_ringacc.obj (.text.CSL_lcdma_ringaccIsTeardownComplete)
                  7911a294    00000010                                                 : udma_ch.obj (.text.UdmaChPdmaPrms_init)
                  7911a2a4    00000010                                                 : udma_rm.obj (.text.Udma_rmTranslateCoreIntrInput)
                  7911a2b4    00000010                                                 : udma_rm.obj (.text.Udma_rmTranslateIrOutput)
                  7911a2c4    00000010     libclang_rt.builtins.a : aeabi_memset.S.obj (.text.__aeabi_memset)
                  7911a2d4    00000010     libc.a : fputc.c.obj (.text.putchar)
                  7911a2e4    0000000e     drivers.am62dx.r5f.ti-arm-clang.release.lib : csl_lcdma_ringacc.obj (.text.CSL_lcdma_ringaccGetForwardRingOcc)
                  7911a2f2    0000000e                                                 : csl_lcdma_ringacc.obj (.text.CSL_lcdma_ringaccInitRingObj)
                  7911a300    0000000e     ti_dpl_config.obj (.text.Dpl_deinit)
                  7911a30e    0000000e     ti_power_clock_config.obj (.text.PowerClock_init)
                  7911a31c    0000000e     uart_echo_dma.obj (.text.strlen)
                  7911a32a    0000000c     nortos.am62dx.r5f.ti-arm-clang.release.lib : ClockP_nortos.obj (.text.ClockP_getTicks)
                  7911a336    0000000c                                                : DebugP_uartLogWriter.obj (.text.DebugP_uartSetDrvIndex)
                  7911a342    0000000c     drivers.am62dx.r5f.ti-arm-clang.release.lib : sciclient.obj (.text.Sciclient_getSelfDevIdCore)
                  7911a34e    00000002     --HOLE-- [fill = 0]
                  7911a350    0000000c     libclang_rt.builtins.a : aeabi_memset.S.obj (.text.__aeabi_memclr)
                  7911a35c    0000000c     libc.a : memory.c.obj (.text.malloc)
                  7911a368    0000000a     drivers.am62dx.r5f.ti-arm-clang.release.lib : csl_sec_proxy.obj (.text.CSL_secProxyGetDataAddr)
                  7911a372    0000000a     nortos.am62dx.r5f.ti-arm-clang.release.lib : ClockP_nortos.obj (.text.ClockP_Params_init)
                  7911a37c    00000004     ti_board_open_close.obj (.text.Board_driversOpen)
                  7911a380    0000000c     libc.a : strcmp32.S.obj (.text)
                  7911a38c    0000000a     nortos.am62dx.r5f.ti-arm-clang.release.lib : ClockP_nortos.obj (.text.ClockP_isActive)
                  7911a396    0000000a     drivers.am62dx.r5f.ti-arm-clang.release.lib : udma_rmcfg_common.obj (.text.Udma_rmGetDefaultCfg)
                  7911a3a0    00000008     libsysbm.a : hostexit.c.obj (.text.HOSTexit)
                  7911a3a8    00000008     drivers.am62dx.r5f.ti-arm-clang.release.lib : udma_ring_common.obj (.text.Udma_ringGetForwardRingOcc)
                  7911a3b0    00000008                                                 : udma_ring_common.obj (.text.Udma_ringGetReverseRingOcc)
                  7911a3b8    00000008                                                 : udma_ring_lcdma.obj (.text.Udma_ringHandleClearRegsLcdma)
                  7911a3c0    00000008     nortos.am62dx.r5f.ti-arm-clang.release.lib : printf.obj (.text._out_char)
                  7911a3c8    00000006     drivers.am62dx.r5f.ti-arm-clang.release.lib : csl_pktdma.obj (.text.CSL_pktdmaTeardownTxChan)
                  7911a3ce    00000006                                                 : udma_rm.obj (.text.Udma_rmAllocFreeRing)
                  7911a3d4    00000004     nortos.am62dx.r5f.ti-arm-clang.release.lib : ClockP_nortos_r5.obj (.text.ClockP_getTimerCount)
                  7911a3d8    00000004                                                : ClockP_nortos_r5.obj (.text.ClockP_timerClearOverflowInt)
                  7911a3dc    00000004     ti_drivers_open_close.obj (.text.Drivers_open)
                  7911a3e0    00000004     ti_power_clock_config.obj (.text.PowerClock_deinit)
                  7911a3e4    00000004     drivers.am62dx.r5f.ti-arm-clang.release.lib : sciclient.obj (.text.Sciclient_deinit)
                  7911a3e8    00000004                                                 : sciclient_rm.obj (.text.Sciclient_rmIrqSet)
                  7911a3ec    00000004                                                 : sciclient_rm.obj (.text.Sciclient_rmIrqTranslateIaOutput)
                  7911a3f0    00000004     nortos.am62dx.r5f.ti-arm-clang.release.lib : TimerP.obj (.text.TimerP_getCount)
                  7911a3f4    00000004                                                : TimerP.obj (.text.TimerP_getReloadCount)
                  7911a3f8    00000004     drivers.am62dx.r5f.ti-arm-clang.release.lib : udma_utils.obj (.text.Udma_defaultVirtToPhyFxn)
                  7911a3fc    00000004                                                 : udma_soc.obj (.text.Udma_isCacheCoherent)
                  7911a400    00000004     libclang_rt.builtins.a : aeabi_div0.c.obj (.text.__aeabi_ldiv0)
                  7911a404    00000004                            : aeabi_memcpy.S.obj (.text.__aeabi_memcpy)
                  7911a408    00000004     libc.a : _lock.c.obj (.text._nop)
                  7911a40c    00000004            : fseek.c.obj (.text.fseek)
                  7911a410    00000004     libsysbm.a : remove.c.obj (.text.remove)
                  7911a414    00000008     nortos.am62dx.r5f.ti-arm-clang.release.lib : HwiP_armv7r_asm.obj (.tramp.HwiP_disable.1)
                  7911a41c    00000008                                                : HwiP_armv7r_asm.obj (.tramp.HwiP_enable.1)
                  7911a424    00000008                                                : HwiP_armv7r_asm.obj (.tramp.HwiP_restore.1)
                  7911a42c    00000008                                                : PmuP_armv7r_asm.obj (.tramp.PmuP_enableCounters.1)
                  7911a434    00000008                                                : CacheP_armv7r_asm.obj (.tramp.CacheP_wb.1)
                  7911a43c    00000004     --HOLE-- [fill = 0]

.rodata    0    7911a440    00000fd0     
                  7911a440    000001a4     drivers.am62dx.r5f.ti-arm-clang.release.lib : udma_rmcfg.obj (.rodata.gUdmaRmDefBoardCfg_Pktdma)
                  7911a5e4    000000f4                                                 : udma_rmcfg_common.obj (.rodata.gUdmaRmDefCfg_Main)
                  7911a6d8    000000dc                                                 : sciclient_fmwSecureProxyMap.obj (.rodata.gSciclientMap)
                  7911a7b4    00000084                                                 : udma_rmcfg.obj (.rodata.gUdmaRmDefBoardCfg_Bcdma)
                  7911a838    00000078                                                 : udma_soc.obj (.rodata.gUdmaTxMappedChRingAttributes)
                  7911a8b0    00000063     uart_echo_dma.obj (.rodata.str1.2020891627714433245.1)
                  7911a913    00000005     main.obj (.rodata.str1.8309300403304547201.1)
                  7911a918    00000050     nortos.am62dx.r5f.ti-arm-clang.release.lib : printf.obj (.rodata._ftoa.pow10)
                  7911a968    0000004c     drivers.am62dx.r5f.ti-arm-clang.release.lib : sciclient_irq_rm.obj (.rodata.gRmIrqTree)
                  7911a9b4    0000003d     nortos.am62dx.r5f.ti-arm-clang.release.lib : TimerP.obj (.rodata.str1.7204056284400265615.1)
                  7911a9f1    00000003     --HOLE-- [fill = 0]
                  7911a9f4    0000003c     drivers.am62dx.r5f.ti-arm-clang.release.lib : udma_soc.obj (.rodata.gUdmaRxMappedChRingAttributes)
                  7911aa30    00000037     nortos.am62dx.r5f.ti-arm-clang.release.lib : SemaphoreP_nortos.obj (.rodata.str1.10662889980186908518.1)
                  7911aa67    00000035     ti_drivers_open_close.obj (.rodata.str1.871795152488895636.1)
                  7911aa9c    00000034     nortos.am62dx.r5f.ti-arm-clang.release.lib : TimerP.obj (.rodata.str1.1174123569608538634.1)
                  7911aad0    0000002e                                                : ClockP_nortos.obj (.rodata.str1.2466132907014901005.1)
                  7911aafe    0000002b     uart_echo_dma.obj (.rodata.str1.4068156570716214460.1)
                  7911ab29    0000002a     nortos.am62dx.r5f.ti-arm-clang.release.lib : DebugP_log.obj (.rodata.str1.227947788441500939.1)
                  7911ab53    00000027                                                : ClockP_nortos_r5.obj (.rodata.str1.12743090444791882666.1)
                  7911ab7a    00000002     --HOLE-- [fill = 0]
                  7911ab7c    00000024     drivers.am62dx.r5f.ti-arm-clang.release.lib : sciclient_irq_rm.obj (.rodata.tisci_if_TIMESYNC_EVENT_ROUTER0)
                  7911aba0    00000023     nortos.am62dx.r5f.ti-arm-clang.release.lib : ClockP_nortos_r5.obj (.rodata.str1.7689125538912326484.1)
                  7911abc3    00000021     drivers.am62dx.r5f.ti-arm-clang.release.lib : uart_dma_udma.obj (.rodata.str1.14871854539491865608.1)
                  7911abe4    00000021     nortos.am62dx.r5f.ti-arm-clang.release.lib : ClockP_nortos_r5.obj (.rodata.str1.8559540482768925367.1)
                  7911ac05    00000003     --HOLE-- [fill = 0]
                  7911ac08    00000020     drivers.am62dx.r5f.ti-arm-clang.release.lib : sciclient_soc_priv.obj (.rodata.cst32)
                  7911ac28    00000020                                                 : sciclient_irq_rm.obj (.rodata.tisci_if_DMASS1_INTAGGR_0)
                  7911ac48    00000020                                                 : sciclient_irq_rm.obj (.rodata.tisci_if_WKUP_MCU_GPIOMUX_INTROUTER0)
                  7911ac68    0000001f     nortos.am62dx.r5f.ti-arm-clang.release.lib : SemaphoreP_nortos.obj (.rodata.str1.11943902863462617530.1)
                  7911ac87    0000001f     drivers.am62dx.r5f.ti-arm-clang.release.lib : uart_v0.obj (.rodata.str1.16594507886308206351.1)
                  7911aca6    0000001f     nortos.am62dx.r5f.ti-arm-clang.release.lib : ClockP_nortos_r5.obj (.rodata.str1.2746619892315392655.1)
                  7911acc5    0000001f                                                : TimerP.obj (.rodata.str1.8977518360697364867.1)
                  7911ace4    0000001e     ti_drivers_config.obj (.rodata.str1.7767457247551078139.1)
                  7911ad02    0000001d     nortos.am62dx.r5f.ti-arm-clang.release.lib : TimerP.obj (.rodata.str1.10474951022783916479.1)
                  7911ad1f    0000001c     uart_echo_dma.obj (.rodata.str1.7990345582822570636.1)
                  7911ad3b    00000001     --HOLE-- [fill = 0]
                  7911ad3c    0000001c     drivers.am62dx.r5f.ti-arm-clang.release.lib : sciclient_irq_rm.obj (.rodata.tisci_if_DMASS0_INTAGGR_0)
                  7911ad58    0000001c                                                 : sciclient_irq_rm.obj (.rodata.tisci_if_MAIN_GPIOMUX_INTROUTER0)
                  7911ad74    0000001b     nortos.am62dx.r5f.ti-arm-clang.release.lib : ClockP_nortos.obj (.rodata.str1.6242061149943917857.1)
                  7911ad8f    0000001a                                                : ClockP_nortos_r5.obj (.rodata.str1.3810757863367538396.1)
                  7911ada9    0000001a                                                : TimerP.obj (.rodata.str1.8637723094013846684.1)
                  7911adc3    00000019     uart_echo_dma.obj (.rodata.str1.15161985784955818234.1)
                  7911addc    00000019     nortos.am62dx.r5f.ti-arm-clang.release.lib : TimerP.obj (.rodata.str1.16064678841060788613.1)
                  7911adf5    00000019     drivers.am62dx.r5f.ti-arm-clang.release.lib : uart_v0.obj (.rodata.str1.4697665093340446018.1)
                  7911ae0e    00000018                                                 : uart_dma_udma.obj (.rodata.str1.13975164731729171995.1)
                  7911ae26    00000018     main.obj (.rodata.str1.8154729771448623357.1)
                  7911ae3e    00000002     --HOLE-- [fill = 0]
                  7911ae40    00000018     drivers.am62dx.r5f.ti-arm-clang.release.lib : sciclient_irq_rm.obj (.rodata.tisci_if_CMP_EVENT_INTROUTER0)
                  7911ae58    00000017                                                 : uart_dma.obj (.rodata.str1.17622282211441578302.1)
                  7911ae6f    00000017                                                 : uart_dma.obj (.rodata.str1.8068979006002984012.1)
                  7911ae86    00000017                                                 : uart_v0.obj (.rodata.str1.820148597884224364.1)
                  7911ae9d    00000016                                                 : uart_v0.obj (.rodata.str1.16507871919775359273.1)
                  7911aeb3    00000016                                                 : uart_dma_udma.obj (.rodata.str1.1729962351793495079.1)
                  7911aec9    00000016                                                 : uart_dma_udma.obj (.rodata.str1.3436851256032474372.1)
                  7911aedf    00000015     nortos.am62dx.r5f.ti-arm-clang.release.lib : SemaphoreP_nortos.obj (.rodata.str1.7662662103702568143.1)
                  7911aef4    00000015     drivers.am62dx.r5f.ti-arm-clang.release.lib : uart_v0.obj (.rodata.str1.8347944176057173588.1)
                  7911af09    00000014                                                 : uart_v0.obj (.rodata.str1.10176561814002812036.1)
                  7911af1d    00000014     nortos.am62dx.r5f.ti-arm-clang.release.lib : TimerP.obj (.rodata.str1.11921788875391145438.1)
                  7911af31    00000013     drivers.am62dx.r5f.ti-arm-clang.release.lib : uart_dma_udma.obj (.rodata.str1.2102823142410937315.1)
                  7911af44    00000013     ti_drivers_config.obj (.rodata.str1.2211846465855763212.1)
                  7911af57    00000013     drivers.am62dx.r5f.ti-arm-clang.release.lib : uart_dma_udma.obj (.rodata.str1.7441288909987042852.1)
                  7911af6a    00000012                                                 : uart_dma_udma.obj (.rodata.str1.11993660660733878831.1)
                  7911af7c    00000012                                                 : uart_dma_udma.obj (.rodata.str1.15476812791105036812.1)
                  7911af8e    00000012                                                 : uart_v0.obj (.rodata.str1.1906408950570946892.1)
                  7911afa0    00000012                                                 : uart_dma_udma.obj (.rodata.str1.7391712824068986118.1)
                  7911afb2    00000011                                                 : uart_v0.obj (.rodata.str1.18277465892467933209.1)
                  7911afc3    00000011     ti_drivers_open_close.obj (.rodata.str1.6292539624901818759.1)
                  7911afd4    00000011     nortos.am62dx.r5f.ti-arm-clang.release.lib : ClockP_nortos.obj (.rodata.str1.9341864262286480583.1)
                  7911afe5    00000003     --HOLE-- [fill = 0]
                  7911afe8    00000010     drivers.am62dx.r5f.ti-arm-clang.release.lib : sciclient_irq_rm.obj (.rodata.tisci_if_CPSW0)
                  7911aff8    0000000f                                                 : uart_v0.obj (.rodata.str1.14526973635318284732.1)
                  7911b007    0000000f                                                 : uart_dma_udma.obj (.rodata.str1.1738624574308226427.1)
                  7911b016    0000000f                                                 : uart_dma_udma.obj (.rodata.str1.4515939948463043806.1)
                  7911b025    0000000f                                                 : uart_dma.obj (.rodata.str1.5933517016683749696.1)
                  7911b034    0000000f                                                 : uart_v0.obj (.rodata.str1.8511823138002593779.1)
                  7911b043    0000000f                                                 : uart_dma_udma.obj (.rodata.str1.9872690429500340620.1)
                  7911b052    0000000e                                                 : uart_v0.obj (.rodata.str1.10085477686273322470.1)
                  7911b060    0000000e     uart_echo_dma.obj (.rodata.str1.12592331091713199687.1)
                  7911b06e    0000000e     ti_drivers_config.obj (.rodata.str1.13539591224577546168.1)
                  7911b07c    0000000e     drivers.am62dx.r5f.ti-arm-clang.release.lib : uart_dma.obj (.rodata.str1.8377274764633514740.1)
                  7911b08a    0000000d     nortos.am62dx.r5f.ti-arm-clang.release.lib : TimerP.obj (.rodata.str1.15557933655112365262.1)
                  7911b097    0000000d                                                : TimerP.obj (.rodata.str1.3214927490806012327.1)
                  7911b0a4    0000000c                                                : ClockP_nortos_r5.obj (.rodata.str1.13463193513887205357.1)
                  7911b0b0    0000000c     ti_drivers_config.obj (.rodata.str1.3145245972279493797.1)
                  7911b0bc    0000000c     drivers.am62dx.r5f.ti-arm-clang.release.lib : uart_dma_udma.obj (.rodata.str1.6903673813284994109.1)
                  7911b0c8    0000000c                                                 : sciclient_irq_rm.obj (.rodata.tisci_if_GPIO0)
                  7911b0d4    0000000b                                                 : uart_v0.obj (.rodata.str1.1151567497034493012.1)
                  7911b0df    0000000b                                                 : uart_v0.obj (.rodata.str1.6746041542798830823.1)
                  7911b0ea    0000000a     main.obj (.rodata.str1.15159059442110792349.1)
                  7911b0f4    0000000a     drivers.am62dx.r5f.ti-arm-clang.release.lib : uart_v0.obj (.rodata.str1.7892831408302009747.1)
                  7911b0fe    0000000a                                                 : uart_v0.obj (.rodata.str1.8270176705717637767.1)
                  7911b108    0000000a                                                 : uart_v0.obj (.rodata.str1.8477608605346433529.1)
                  7911b112    00000008                                                 : sciclient_irq_rm.obj (.rodata.CMP_EVENT_INTROUTER0_outp_0_15_to_C7X256V0_CLEC_gic_spi_16_31)
                  7911b11a    00000008                                                 : sciclient_irq_rm.obj (.rodata.CMP_EVENT_INTROUTER0_outp_0_15_to_GICSS0_spi_48_63)
                  7911b122    00000008                                                 : sciclient_irq_rm.obj (.rodata.CMP_EVENT_INTROUTER0_outp_16_23_to_R5FSS0_CORE0_intr_48_55)
                  7911b12a    00000008                                                 : sciclient_irq_rm.obj (.rodata.CMP_EVENT_INTROUTER0_outp_24_31_to_DMASS0_INTAGGR_0_intaggr_levi_pend_0_7)
                  7911b132    00000008                                                 : sciclient_irq_rm.obj (.rodata.CMP_EVENT_INTROUTER0_outp_34_37_to_MCU_R5FSS0_CORE0_cpu0_intr_58_61)
                  7911b13a    00000008                                                 : sciclient_irq_rm.obj (.rodata.CMP_EVENT_INTROUTER0_outp_38_41_to_HSM0_nvic_51_54)
                  7911b142    00000008                                                 : sciclient_irq_rm.obj (.rodata.CPSW0_cpts_comp_0_0_to_CMP_EVENT_INTROUTER0_in_24_24)
                  7911b14a    00000008                                                 : sciclient_irq_rm.obj (.rodata.CPSW0_cpts_genf0_1_1_to_TIMESYNC_EVENT_ROUTER0_in_16_16)
                  7911b152    00000008                                                 : sciclient_irq_rm.obj (.rodata.CPSW0_cpts_genf1_2_2_to_TIMESYNC_EVENT_ROUTER0_in_17_17)
                  7911b15a    00000008                                                 : sciclient_irq_rm.obj (.rodata.CPSW0_cpts_sync_3_3_to_TIMESYNC_EVENT_ROUTER0_in_18_18)
                  7911b162    00000008                                                 : sciclient_irq_rm.obj (.rodata.DEBUGSS0_davdma_level_0_0_to_DMASS0_INTAGGR_0_intaggr_levi_pend_27_27)
                  7911b16a    00000008                                                 : sciclient_irq_rm.obj (.rodata.DMASS0_INTAGGR_0_intaggr_vintr_pend_0_39_to_C7X256V0_CLEC_gic_spi_32_71)
                  7911b172    00000008                                                 : sciclient_irq_rm.obj (.rodata.DMASS0_INTAGGR_0_intaggr_vintr_pend_0_39_to_GICSS0_spi_64_103)
                  7911b17a    00000008                                                 : sciclient_irq_rm.obj (.rodata.DMASS0_INTAGGR_0_intaggr_vintr_pend_136_151_to_HSM0_nvic_176_191)
                  7911b182    00000008                                                 : sciclient_irq_rm.obj (.rodata.DMASS0_INTAGGR_0_intaggr_vintr_pend_168_183_to_MCU_R5FSS0_CORE0_cpu0_intr_64_79)
                  7911b18a    00000008                                                 : sciclient_irq_rm.obj (.rodata.DMASS0_INTAGGR_0_intaggr_vintr_pend_40_71_to_R5FSS0_CORE0_intr_64_95)
                  7911b192    00000008                                                 : sciclient_irq_rm.obj (.rodata.DMASS0_INTAGGR_0_intaggr_vintr_pend_72_79_to_R5FSS0_CORE0_intr_8_15)
                  7911b19a    00000008                                                 : sciclient_irq_rm.obj (.rodata.DMASS0_INTAGGR_0_intaggr_vintr_pend_84_99_to_C7X256V0_CLEC_soc_events_in_209_224)
                  7911b1a2    00000008                                                 : sciclient_irq_rm.obj (.rodata.DMASS1_INTAGGR_0_intaggr_vintr_pend_0_3_to_C7X256V0_CLEC_gic_spi_205_208)
                  7911b1aa    00000008                                                 : sciclient_irq_rm.obj (.rodata.DMASS1_INTAGGR_0_intaggr_vintr_pend_0_3_to_MCU_R5FSS0_CORE0_cpu0_intr_129_132)
                  7911b1b2    00000008                                                 : sciclient_irq_rm.obj (.rodata.DMASS1_INTAGGR_0_intaggr_vintr_pend_0_3_to_R5FSS0_CORE0_intr_129_132)
                  7911b1ba    00000008                                                 : sciclient_irq_rm.obj (.rodata.DMASS1_INTAGGR_0_intaggr_vintr_pend_0_7_to_GICSS0_spi_237_244)
                  7911b1c2    00000008                                                 : sciclient_irq_rm.obj (.rodata.DMASS1_INTAGGR_0_intaggr_vintr_pend_4_4_to_MCU_R5FSS0_CORE0_cpu0_intr_150_150)
                  7911b1ca    00000008                                                 : sciclient_irq_rm.obj (.rodata.DMASS1_INTAGGR_0_intaggr_vintr_pend_4_4_to_R5FSS0_CORE0_intr_150_150)
                  7911b1d2    00000008                                                 : sciclient_irq_rm.obj (.rodata.DMASS1_INTAGGR_0_intaggr_vintr_pend_5_7_to_MCU_R5FSS0_CORE0_cpu0_intr_158_160)
                  7911b1da    00000008                                                 : sciclient_irq_rm.obj (.rodata.DMASS1_INTAGGR_0_intaggr_vintr_pend_5_7_to_R5FSS0_CORE0_intr_158_160)
                  7911b1e2    00000008                                                 : sciclient_irq_rm.obj (.rodata.EPWM0_epwm_synco_o_0_0_to_TIMESYNC_EVENT_ROUTER0_in_8_8)
                  7911b1ea    00000008                                                 : sciclient_irq_rm.obj (.rodata.GPIO0_gpio_0_89_to_MAIN_GPIOMUX_INTROUTER0_in_0_89)
                  7911b1f2    00000008                                                 : sciclient_irq_rm.obj (.rodata.GPIO0_gpio_90_91_to_MAIN_GPIOMUX_INTROUTER0_in_176_177)
                  7911b1fa    00000008                                                 : sciclient_irq_rm.obj (.rodata.GPIO0_gpio_bank_92_97_to_MAIN_GPIOMUX_INTROUTER0_in_190_195)
                  7911b202    00000008                                                 : sciclient_irq_rm.obj (.rodata.GPIO1_gpio_0_71_to_MAIN_GPIOMUX_INTROUTER0_in_90_161)
                  7911b20a    00000008                                                 : sciclient_irq_rm.obj (.rodata.GPIO1_gpio_bank_72_76_to_MAIN_GPIOMUX_INTROUTER0_in_180_184)
                  7911b212    00000008                                                 : sciclient_irq_rm.obj (.rodata.GPMC0_gpmc_sdmareq_0_0_to_DMASS0_INTAGGR_0_intaggr_levi_pend_26_26)
                  7911b21a    00000008                                                 : sciclient_irq_rm.obj (.rodata.MAIN_GPIOMUX_INTROUTER0_outp_0_15_to_C7X256V0_CLEC_gic_spi_0_15)
                  7911b222    00000008                                                 : sciclient_irq_rm.obj (.rodata.MAIN_GPIOMUX_INTROUTER0_outp_0_15_to_GICSS0_spi_32_47)
                  7911b22a    00000008                                                 : sciclient_irq_rm.obj (.rodata.MAIN_GPIOMUX_INTROUTER0_outp_0_15_to_R5FSS0_CORE0_intr_32_47)
                  7911b232    00000008                                                 : sciclient_irq_rm.obj (.rodata.MAIN_GPIOMUX_INTROUTER0_outp_0_7_to_HSM0_nvic_208_215)
                  7911b23a    00000008                                                 : sciclient_irq_rm.obj (.rodata.MAIN_GPIOMUX_INTROUTER0_outp_22_23_to_DMASS0_INTAGGR_0_intaggr_levi_pend_24_25)
                  7911b242    00000008                                                 : sciclient_irq_rm.obj (.rodata.MAIN_GPIOMUX_INTROUTER0_outp_24_31_to_DMASS0_INTAGGR_0_intaggr_levi_pend_16_23)
                  7911b24a    00000008                                                 : sciclient_irq_rm.obj (.rodata.MAIN_GPIOMUX_INTROUTER0_outp_34_35_to_MCU_R5FSS0_CORE0_cpu0_intr_32_33)
                  7911b252    00000008                                                 : sciclient_irq_rm.obj (.rodata.MCRC64_0_dma_event_0_3_to_DMASS0_INTAGGR_0_intaggr_levi_pend_28_31)
                  7911b25a    00000008                                                 : sciclient_irq_rm.obj (.rodata.MCU_GPIO0_gpio_0_23_to_WKUP_MCU_GPIOMUX_INTROUTER0_in_0_23)
                  7911b262    00000008                                                 : sciclient_irq_rm.obj (.rodata.MCU_GPIO0_gpio_bank_24_25_to_WKUP_MCU_GPIOMUX_INTROUTER0_in_30_31)
                  7911b26a    00000008                                                 : sciclient_irq_rm.obj (.rodata.TIMER0_timer_pwm_0_0_to_TIMESYNC_EVENT_ROUTER0_in_0_0)
                  7911b272    00000008                                                 : sciclient_irq_rm.obj (.rodata.TIMER1_timer_pwm_0_0_to_TIMESYNC_EVENT_ROUTER0_in_1_1)
                  7911b27a    00000008                                                 : sciclient_irq_rm.obj (.rodata.TIMER2_timer_pwm_0_0_to_TIMESYNC_EVENT_ROUTER0_in_2_2)
                  7911b282    00000008                                                 : sciclient_irq_rm.obj (.rodata.TIMER3_timer_pwm_0_0_to_TIMESYNC_EVENT_ROUTER0_in_3_3)
                  7911b28a    00000008                                                 : sciclient_irq_rm.obj (.rodata.TIMESYNC_EVENT_ROUTER0_outl_0_7_to_DMASS0_INTAGGR_0_intaggr_levi_pend_8_15)
                  7911b292    00000008                                                 : sciclient_irq_rm.obj (.rodata.TIMESYNC_EVENT_ROUTER0_outl_10_10_to_CPSW0_cpts_hw1_push_0_0)
                  7911b29a    00000008                                                 : sciclient_irq_rm.obj (.rodata.TIMESYNC_EVENT_ROUTER0_outl_11_11_to_CPSW0_cpts_hw2_push_1_1)
                  7911b2a2    00000008                                                 : sciclient_irq_rm.obj (.rodata.TIMESYNC_EVENT_ROUTER0_outl_12_12_to_CPSW0_cpts_hw3_push_2_2)
                  7911b2aa    00000008                                                 : sciclient_irq_rm.obj (.rodata.TIMESYNC_EVENT_ROUTER0_outl_13_13_to_CPSW0_cpts_hw4_push_3_3)
                  7911b2b2    00000008                                                 : sciclient_irq_rm.obj (.rodata.TIMESYNC_EVENT_ROUTER0_outl_14_14_to_CPSW0_cpts_hw5_push_4_4)
                  7911b2ba    00000008                                                 : sciclient_irq_rm.obj (.rodata.TIMESYNC_EVENT_ROUTER0_outl_15_15_to_CPSW0_cpts_hw6_push_5_5)
                  7911b2c2    00000008                                                 : sciclient_irq_rm.obj (.rodata.TIMESYNC_EVENT_ROUTER0_outl_16_16_to_CPSW0_cpts_hw7_push_6_6)
                  7911b2ca    00000008                                                 : sciclient_irq_rm.obj (.rodata.TIMESYNC_EVENT_ROUTER0_outl_17_17_to_CPSW0_cpts_hw8_push_7_7)
                  7911b2d2    00000008                                                 : sciclient_irq_rm.obj (.rodata.WKUP_GTC0_gtc_push_event_0_0_to_TIMESYNC_EVENT_ROUTER0_in_11_11)
                  7911b2da    00000008                                                 : sciclient_irq_rm.obj (.rodata.WKUP_MCU_GPIOMUX_INTROUTER0_outp_0_3_to_C7X256V0_CLEC_gic_spi_72_75)
                  7911b2e2    00000008                                                 : sciclient_irq_rm.obj (.rodata.WKUP_MCU_GPIOMUX_INTROUTER0_outp_0_3_to_GICSS0_spi_104_107)
                  7911b2ea    00000008                                                 : sciclient_irq_rm.obj (.rodata.WKUP_MCU_GPIOMUX_INTROUTER0_outp_0_3_to_R5FSS0_CORE0_intr_104_107)
                  7911b2f2    00000008                                                 : sciclient_irq_rm.obj (.rodata.WKUP_MCU_GPIOMUX_INTROUTER0_outp_4_7_to_HSM0_nvic_78_81)
                  7911b2fa    00000008                                                 : sciclient_irq_rm.obj (.rodata.WKUP_MCU_GPIOMUX_INTROUTER0_outp_4_7_to_MCU_R5FSS0_CORE0_cpu0_intr_104_107)
                  7911b302    00000008                                                 : sciclient_irq_rm.obj (.rodata.WKUP_MCU_GPIOMUX_INTROUTER0_outp_8_11_to_WKUP_ESM0_esm_pls_event0_88_91)
                  7911b30a    00000008                                                 : sciclient_irq_rm.obj (.rodata.WKUP_MCU_GPIOMUX_INTROUTER0_outp_8_11_to_WKUP_ESM0_esm_pls_event1_92_95)
                  7911b312    00000008                                                 : sciclient_irq_rm.obj (.rodata.WKUP_MCU_GPIOMUX_INTROUTER0_outp_8_11_to_WKUP_ESM0_esm_pls_event2_96_99)
                  7911b31a    00000002     --HOLE-- [fill = 0]
                  7911b31c    00000008                                                 : sciclient_irq_rm.obj (.rodata.tisci_if_GPIO1)
                  7911b324    00000008                                                 : sciclient_irq_rm.obj (.rodata.tisci_if_MCU_GPIO0)
                  7911b32c    00000008                                                 : sciclient_irq_rm.obj (.rodata.tisci_irq_CMP_EVENT_INTROUTER0)
                  7911b334    00000008                                                 : sciclient_irq_rm.obj (.rodata.tisci_irq_CPSW0)
                  7911b33c    00000008                                                 : sciclient_irq_rm.obj (.rodata.tisci_irq_DEBUGSS0)
                  7911b344    00000008                                                 : sciclient_irq_rm.obj (.rodata.tisci_irq_DMASS0_INTAGGR_0)
                  7911b34c    00000008                                                 : sciclient_irq_rm.obj (.rodata.tisci_irq_DMASS1_INTAGGR_0)
                  7911b354    00000008                                                 : sciclient_irq_rm.obj (.rodata.tisci_irq_EPWM0)
                  7911b35c    00000008                                                 : sciclient_irq_rm.obj (.rodata.tisci_irq_GPIO0)
                  7911b364    00000008                                                 : sciclient_irq_rm.obj (.rodata.tisci_irq_GPIO1)
                  7911b36c    00000008                                                 : sciclient_irq_rm.obj (.rodata.tisci_irq_GPMC0)
                  7911b374    00000008                                                 : sciclient_irq_rm.obj (.rodata.tisci_irq_MAIN_GPIOMUX_INTROUTER0)
                  7911b37c    00000008                                                 : sciclient_irq_rm.obj (.rodata.tisci_irq_MCRC64_0)
                  7911b384    00000008                                                 : sciclient_irq_rm.obj (.rodata.tisci_irq_MCU_GPIO0)
                  7911b38c    00000008                                                 : sciclient_irq_rm.obj (.rodata.tisci_irq_TIMER0)
                  7911b394    00000008                                                 : sciclient_irq_rm.obj (.rodata.tisci_irq_TIMER1)
                  7911b39c    00000008                                                 : sciclient_irq_rm.obj (.rodata.tisci_irq_TIMER2)
                  7911b3a4    00000008                                                 : sciclient_irq_rm.obj (.rodata.tisci_irq_TIMER3)
                  7911b3ac    00000008                                                 : sciclient_irq_rm.obj (.rodata.tisci_irq_TIMESYNC_EVENT_ROUTER0)
                  7911b3b4    00000008                                                 : sciclient_irq_rm.obj (.rodata.tisci_irq_WKUP_GTC0)
                  7911b3bc    00000008                                                 : sciclient_irq_rm.obj (.rodata.tisci_irq_WKUP_MCU_GPIOMUX_INTROUTER0)
                  7911b3c4    00000006     uart_echo_dma.obj (.rodata.str1.11032974254256095404.1)
                  7911b3ca    00000005     nortos.am62dx.r5f.ti-arm-clang.release.lib : printf.obj (.rodata.str1.8544352122861784523.1)
                  7911b3cf    00000005                                                : printf.obj (.rodata.str1.8812429412984920041.1)
                  7911b3d4    00000004                                                : CacheP_armv7r.obj (.rodata.gCacheL1dCacheLineSize)
                  7911b3d8    00000004                                                : CacheP_armv7r.obj (.rodata.gCacheL1pCacheLineSize)
                  7911b3dc    00000004     drivers.am62dx.r5f.ti-arm-clang.release.lib : sciclient_irq_rm.obj (.rodata.gRmIrqTreeCount)
                  7911b3e0    00000004     nortos.am62dx.r5f.ti-arm-clang.release.lib : printf.obj (.rodata.str1.13278797451342649413.1)
                  7911b3e4    00000004                                                : printf.obj (.rodata.str1.17155598869870286803.1)
                  7911b3e8    00000004     drivers.am62dx.r5f.ti-arm-clang.release.lib : sciclient_irq_rm.obj (.rodata.tisci_if_DEBUGSS0)
                  7911b3ec    00000004                                                 : sciclient_irq_rm.obj (.rodata.tisci_if_EPWM0)
                  7911b3f0    00000004                                                 : sciclient_irq_rm.obj (.rodata.tisci_if_GPMC0)
                  7911b3f4    00000004                                                 : sciclient_irq_rm.obj (.rodata.tisci_if_MCRC64_0)
                  7911b3f8    00000004                                                 : sciclient_irq_rm.obj (.rodata.tisci_if_TIMER0)
                  7911b3fc    00000004                                                 : sciclient_irq_rm.obj (.rodata.tisci_if_TIMER1)
                  7911b400    00000004                                                 : sciclient_irq_rm.obj (.rodata.tisci_if_TIMER2)
                  7911b404    00000004                                                 : sciclient_irq_rm.obj (.rodata.tisci_if_TIMER3)
                  7911b408    00000004                                                 : sciclient_irq_rm.obj (.rodata.tisci_if_WKUP_GTC0)
                  7911b40c    00000004     --HOLE-- [fill = 0]

.text.hwi 
*          0    7911b410    00000790     
                  7911b410    000003fa     nortos.am62dx.r5f.ti-arm-clang.release.lib : HwiP_armv7r_vim.obj (.text.hwi)
                  7911b80a    000002a0                                                : HwiP_armv7r_handlers_nortos.obj (.text.hwi)
                  7911baaa    00000002     --HOLE-- [fill = 0]
                  7911baac    00000078                                                : HwiP_armv7r_handlers_nortos_asm.obj (.text.hwi)
                  7911bb24    00000070                                                : HwiP_armv7r_asm.obj (.text.hwi)
                  7911bb94    00000008                                                : HwiP_armv7r_asm.obj (.tramp.HwiP_enableFIQ.1)
                  7911bb9c    00000004     --HOLE-- [fill = 0]

.text.cache 
*          0    7911bba0    00000488     
                  7911bba0    00000394     nortos.am62dx.r5f.ti-arm-clang.release.lib : CacheP_armv7r_asm.obj (.text.cache)
                  7911bf34    000000d8                                                : CacheP_armv7r.obj (.text.cache)
                  7911c00c    00000008                                                : CacheP_armv7r_asm.obj (.tramp.CacheP_invL1d.1)
                  7911c014    00000008                                                : CacheP_armv7r_asm.obj (.tramp.CacheP_enableL1p.1)
[...]
7911a404  __aeabi_memcpy8                                                                 
7911a408  _nop                                                                            
7911a40c  fseek                                                                           
7911a410  remove                                                                          
7911a440  gUdmaRmDefBoardCfg_Pktdma                                                       
7911a5e4  gUdmaRmDefCfg_Main                                                              
7911a6d8  gSciclientMap                                                                   
7911a7b4  gUdmaRmDefBoardCfg_Bcdma                                                        
7911a838  gUdmaTxMappedChRingAttributes                                                   
7911a968  gRmIrqTree                                                                      
7911a9f4  gUdmaRxMappedChRingAttributes                                                   
7911ab7c  tisci_if_TIMESYNC_EVENT_ROUTER0                                                 
7911ac28  tisci_if_DMASS1_INTAGGR_0                                                       
7911ac48  tisci_if_WKUP_MCU_GPIOMUX_INTROUTER0                                            
7911ad3c  tisci_if_DMASS0_INTAGGR_0                                                       
7911ad58  tisci_if_MAIN_GPIOMUX_INTROUTER0                                                
7911ae40  tisci_if_CMP_EVENT_INTROUTER0                                                   
7911afe8  tisci_if_CPSW0                                                                  
7911b0c8  tisci_if_GPIO0                                                                  
7911b112  CMP_EVENT_INTROUTER0_outp_0_15_to_C7X256V0_CLEC_gic_spi_16_31                   
7911b11a  CMP_EVENT_INTROUTER0_outp_0_15_to_GICSS0_spi_48_63                              
7911b122  CMP_EVENT_INTROUTER0_outp_16_23_to_R5FSS0_CORE0_intr_48_55                      
7911b12a  CMP_EVENT_INTROUTER0_outp_24_31_to_DMASS0_INTAGGR_0_intaggr_levi_pend_0_7       
7911b132  CMP_EVENT_INTROUTER0_outp_34_37_to_MCU_R5FSS0_CORE0_cpu0_intr_58_61             
7911b13a  CMP_EVENT_INTROUTER0_outp_38_41_to_HSM0_nvic_51_54                              
7911b142  CPSW0_cpts_comp_0_0_to_CMP_EVENT_INTROUTER0_in_24_24                            
7911b14a  CPSW0_cpts_genf0_1_1_to_TIMESYNC_EVENT_ROUTER0_in_16_16                         
7911b152  CPSW0_cpts_genf1_2_2_to_TIMESYNC_EVENT_ROUTER0_in_17_17                         
7911b15a  CPSW0_cpts_sync_3_3_to_TIMESYNC_EVENT_ROUTER0_in_18_18                          
7911b162  DEBUGSS0_davdma_level_0_0_to_DMASS0_INTAGGR_0_intaggr_levi_pend_27_27           
7911b16a  DMASS0_INTAGGR_0_intaggr_vintr_pend_0_39_to_C7X256V0_CLEC_gic_spi_32_71         
7911b172  DMASS0_INTAGGR_0_intaggr_vintr_pend_0_39_to_GICSS0_spi_64_103                   
7911b17a  DMASS0_INTAGGR_0_intaggr_vintr_pend_136_151_to_HSM0_nvic_176_191                
7911b182  DMASS0_INTAGGR_0_intaggr_vintr_pend_168_183_to_MCU_R5FSS0_CORE0_cpu0_intr_64_79 
7911b18a  DMASS0_INTAGGR_0_intaggr_vintr_pend_40_71_to_R5FSS0_CORE0_intr_64_95            
7911b192  DMASS0_INTAGGR_0_intaggr_vintr_pend_72_79_to_R5FSS0_CORE0_intr_8_15             
7911b19a  DMASS0_INTAGGR_0_intaggr_vintr_pend_84_99_to_C7X256V0_CLEC_soc_events_in_209_224
7911b1a2  DMASS1_INTAGGR_0_intaggr_vintr_pend_0_3_to_C7X256V0_CLEC_gic_spi_205_208        
7911b1aa  DMASS1_INTAGGR_0_intaggr_vintr_pend_0_3_to_MCU_R5FSS0_CORE0_cpu0_intr_129_132   
7911b1b2  DMASS1_INTAGGR_0_intaggr_vintr_pend_0_3_to_R5FSS0_CORE0_intr_129_132            
7911b1ba  DMASS1_INTAGGR_0_intaggr_vintr_pend_0_7_to_GICSS0_spi_237_244                   
7911b1c2  DMASS1_INTAGGR_0_intaggr_vintr_pend_4_4_to_MCU_R5FSS0_CORE0_cpu0_intr_150_150   
7911b1ca  DMASS1_INTAGGR_0_intaggr_vintr_pend_4_4_to_R5FSS0_CORE0_intr_150_150            
7911b1d2  DMASS1_INTAGGR_0_intaggr_vintr_pend_5_7_to_MCU_R5FSS0_CORE0_cpu0_intr_158_160   
7911b1da  DMASS1_INTAGGR_0_intaggr_vintr_pend_5_7_to_R5FSS0_CORE0_intr_158_160            
7911b1e2  EPWM0_epwm_synco_o_0_0_to_TIMESYNC_EVENT_ROUTER0_in_8_8                         
7911b1ea  GPIO0_gpio_0_89_to_MAIN_GPIOMUX_INTROUTER0_in_0_89                              
7911b1f2  GPIO0_gpio_90_91_to_MAIN_GPIOMUX_INTROUTER0_in_176_177                          
7911b1fa  GPIO0_gpio_bank_92_97_to_MAIN_GPIOMUX_INTROUTER0_in_190_195                     
7911b202  GPIO1_gpio_0_71_to_MAIN_GPIOMUX_INTROUTER0_in_90_161                            
7911b20a  GPIO1_gpio_bank_72_76_to_MAIN_GPIOMUX_INTROUTER0_in_180_184                     
7911b212  GPMC0_gpmc_sdmareq_0_0_to_DMASS0_INTAGGR_0_intaggr_levi_pend_26_26              
7911b21a  MAIN_GPIOMUX_INTROUTER0_outp_0_15_to_C7X256V0_CLEC_gic_spi_0_15                 
7911b222  MAIN_GPIOMUX_INTROUTER0_outp_0_15_to_GICSS0_spi_32_47                           
7911b22a  MAIN_GPIOMUX_INTROUTER0_outp_0_15_to_R5FSS0_CORE0_intr_32_47                    
7911b232  MAIN_GPIOMUX_INTROUTER0_outp_0_7_to_HSM0_nvic_208_215                           
7911b23a  MAIN_GPIOMUX_INTROUTER0_outp_22_23_to_DMASS0_INTAGGR_0_intaggr_levi_pend_24_25  
7911b242  MAIN_GPIOMUX_INTROUTER0_outp_24_31_to_DMASS0_INTAGGR_0_intaggr_levi_pend_16_23  
7911b24a  MAIN_GPIOMUX_INTROUTER0_outp_34_35_to_MCU_R5FSS0_CORE0_cpu0_intr_32_33          
7911b252  MCRC64_0_dma_event_0_3_to_DMASS0_INTAGGR_0_intaggr_levi_pend_28_31              
7911b25a  MCU_GPIO0_gpio_0_23_to_WKUP_MCU_GPIOMUX_INTROUTER0_in_0_23                      
7911b262  MCU_GPIO0_gpio_bank_24_25_to_WKUP_MCU_GPIOMUX_INTROUTER0_in_30_31               
7911b26a  TIMER0_timer_pwm_0_0_to_TIMESYNC_EVENT_ROUTER0_in_0_0                           
7911b272  TIMER1_timer_pwm_0_0_to_TIMESYNC_EVENT_ROUTER0_in_1_1                           
7911b27a  TIMER2_timer_pwm_0_0_to_TIMESYNC_EVENT_ROUTER0_in_2_2                           
7911b282  TIMER3_timer_pwm_0_0_to_TIMESYNC_EVENT_ROUTER0_in_3_3                           
7911b28a  TIMESYNC_EVENT_ROUTER0_outl_0_7_to_DMASS0_INTAGGR_0_intaggr_levi_pend_8_15      
7911b292  TIMESYNC_EVENT_ROUTER0_outl_10_10_to_CPSW0_cpts_hw1_push_0_0                    
7911b29a  TIMESYNC_EVENT_ROUTER0_outl_11_11_to_CPSW0_cpts_hw2_push_1_1                    
7911b2a2  TIMESYNC_EVENT_ROUTER0_outl_12_12_to_CPSW0_cpts_hw3_push_2_2                    
7911b2aa  TIMESYNC_EVENT_ROUTER0_outl_13_13_to_CPSW0_cpts_hw4_push_3_3                    
7911b2b2  TIMESYNC_EVENT_ROUTER0_outl_14_14_to_CPSW0_cpts_hw5_push_4_4                    
7911b2ba  TIMESYNC_EVENT_ROUTER0_outl_15_15_to_CPSW0_cpts_hw6_push_5_5                    
7911b2c2  TIMESYNC_EVENT_ROUTER0_outl_16_16_to_CPSW0_cpts_hw7_push_6_6                    
7911b2ca  TIMESYNC_EVENT_ROUTER0_outl_17_17_to_CPSW0_cpts_hw8_push_7_7                    
7911b2d2  WKUP_GTC0_gtc_push_event_0_0_to_TIMESYNC_EVENT_ROUTER0_in_11_11                 
7911b2da  WKUP_MCU_GPIOMUX_INTROUTER0_outp_0_3_to_C7X256V0_CLEC_gic_spi_72_75             
7911b2e2  WKUP_MCU_GPIOMUX_INTROUTER0_outp_0_3_to_GICSS0_spi_104_107                      
7911b2ea  WKUP_MCU_GPIOMUX_INTROUTER0_outp_0_3_to_R5FSS0_CORE0_intr_104_107               
7911b2f2  WKUP_MCU_GPIOMUX_INTROUTER0_outp_4_7_to_HSM0_nvic_78_81                         
7911b2fa  WKUP_MCU_GPIOMUX_INTROUTER0_outp_4_7_to_MCU_R5FSS0_CORE0_cpu0_intr_104_107      
7911b302  WKUP_MCU_GPIOMUX_INTROUTER0_outp_8_11_to_WKUP_ESM0_esm_pls_event0_88_91         
7911b30a  WKUP_MCU_GPIOMUX_INTROUTER0_outp_8_11_to_WKUP_ESM0_esm_pls_event1_92_95         
7911b312  WKUP_MCU_GPIOMUX_INTROUTER0_outp_8_11_to_WKUP_ESM0_esm_pls_event2_96_99         
7911b31c  tisci_if_GPIO1                                                                  
7911b324  tisci_if_MCU_GPIO0                                                              
7911b3d4  gCacheL1dCacheLineSize                                                          
7911b3d8  gCacheL1pCacheLineSize                                                          
7911b3dc  gRmIrqTreeCount                                                                 
7911b3e8  tisci_if_DEBUGSS0                                                               
7911b3ec  tisci_if_EPWM0                                                                  
7911b3f0  tisci_if_GPMC0                                                                  
7911b3f4  tisci_if_MCRC64_0                                                               
7911b3f8  tisci_if_TIMER0                                                                 
7911b3fc  tisci_if_TIMER1                                                                 
7911b400  tisci_if_TIMER2                                                                 
7911b404  tisci_if_TIMER3                                                                 
7911b408  tisci_if_WKUP_GTC0                                                              
7911b411  HwiP_enableInt                                                                  
7911b439  HwiP_disableInt                                                                 
7911b46b  HwiP_restoreInt                                                                 
7911b4c1  HwiP_clearInt                                                                   
7911b4e1  HwiP_post                                                                       
7911b509  HwiP_Params_init                                                                
7911b51b  HwiP_construct                                                                  
7911b663  HwiP_destruct                                                                   
7911b735  HwiP_init                                                                       
7911b7f9  HwiP_inISR                                                                      
7911b80b  HwiP_irq_handler_c                                                              
7911b891  HwiP_fiq_handler                                                                
7911b961  HwiP_reserved_handler                                                           
7911b9a3  HwiP_undefined_handler                                                          
7911b9e5  HwiP_svc_handler                                                                
7911ba27  HwiP_prefetch_abort_handler                                                     
7911ba69  HwiP_data_abort_handler                                                         
7911baac  HwiP_irq_handler                                                                
7911bb24  HwiP_disable                                                                    
7911bb34  HwiP_disableFIQ                                                                 
7911bb44  HwiP_enable                                                                     
7911bb54  HwiP_enableFIQ                                                                  
7911bb64  HwiP_restore                                                                    
7911bb6c  HwiP_enableVIC                                                                  
7911bb7c  HwiP_disableVIC                                                                 
7911bb8c  HwiP_getCPSR                                                                    
7911bba0  CacheP_disableL1d                                                               
7911bbc8  CacheP_disableL1p                                                               
7911bbe0  CacheP_enableL1d                                                                
7911bbf8  CacheP_enableL1p                                                                
7911bc10  CacheP_invL1d                                                                   
7911bc48  CacheP_invL1p                                                                   
7911bc84  CacheP_invL1dAll                                                                
7911bc8c  CacheP_invL1pAll                                                                
7911bc94  CacheP_wb                                                                       
7911bcd0  CacheP_wbInv                                                                    
7911bd0c  CacheP_wbAll                                                                    
7911bdb4  CacheP_wbInvAll                                                                 
7911bdcc  CacheP_wbInvAllAsm                                                              
7911be6c  CacheP_getEnabled                                                               
7911bea4  CacheP_getCacheLevelInfo                                                        
7911beb0  CacheP_configForceWrThru                                                        
7911bed0  CacheP_setDLFO                                                                  
7911bee0  CacheP_GetNumSets                                                               
7911bef8  CacheP_GetNumWays                                                               
7911bf10  CacheP_CleanInvalidateDcacheSetWay                                              
7911bf35  CacheP_init                                                                     
7911bf8d  CacheP_disable                                                                  
7911bfc7  CacheP_enable                                                                   
7911bfe7  CacheP_inv                                                                      
7911c029  MpuP_RegionAttrs_init                                                           
7911c037  MpuP_setRegion                                                                  
7911c0e5  MpuP_isEnable                                                                   
7911c0e9  MpuP_disable                                                                    
7911c11b  MpuP_enable                                                                     
7911c159  MpuP_resetRegion                                                                
7911c163  MpuP_init                                                                       
7911c1e0  MpuP_disableAsm                                                                 
7911c1f8  MpuP_disableBRAsm                                                               
7911c208  MpuP_enableAsm                                                                  
7911c220  MpuP_enableBRAsm                                                                
7911c230  MpuP_isEnableAsm                                                                
7911c244  MpuP_setRegionAsm                                                               
7911c270  _c_int00_sbl                                                                    
7911c294  _c_int00                                                                        
7911c36d  _DebugP_assertNoLog                                                             
7911c38b  __mpu_init                                                                      
7911c398  abort                                                                           
7911c4a8  _ftable                                                                         
7911c598  vint_usage_count_DMSS_AM62_0_INTAGGR_0                                          
7911c6ec  _device                                                                         
7911c764  gMpuRegionConfig                                                                
7911c7c4  gRmIrInstances                                                                  
7911c824  gUartParams                                                                     
7911c878  _stream                                                                         
7911c8c8  gUdmaRmSharedResPrms                                                            
7911c918  gRmIaInstances                                                                  
7911c958  gUartUdma0Args                                                                  
7911c98c  __TI_ft_end                                                                     
7911c990  gSciclientSecProxyCfg                                                           
7911c9b0  gClockConfig                                                                    
7911c9e0  gSocModulesClockFrequency                                                       
7911c9f8  gUartDmaUdmaFxns                                                                
7911ca0c  _lock                                                                           
7911ca10  gAddrTranslateConfig                                                            
7911ca1c  gMpuConfig                                                                      
7911ca28  gUartConfig                                                                     
7911ca34  __TI_cleanup_ptr                                                                
7911ca38  __TI_dtors_ptr                                                                  
7911ca3c  gCacheConfig                                                                    
7911ca4c  gSocModules                                                                     
7911ca5c  gUartDmaConfig                                                                  
7911ca64  _unlock                                                                         
7911ca70  vint_usage_count_DMSS_AM62_1_INTAGGR_0                                          
7911ca78  gDebugLogZone                                                                   
7911ca7c  gDebugP_uartDrvIndex                                                            
7911ca80  gHwiConfig                                                                      
7911ca84  gNumBytesRead                                                                   
7911ca88  gNumBytesWritten                                                                
7911caa0  gUartConfigNum                                                                  
7911caa4  gUartDmaConfigNum                                                               
7911cab8  __IRQ_STACK_START                                                               
7911cbb8  __FIQ_STACK_START                                                               
7911cbb8  __IRQ_STACK_END                                                                 
7911ccb8  __FIQ_STACK_END                                                                 
7911ccb8  __SVC_STACK_START                                                               
7911dcb8  __ABORT_STACK_START                                                             
7911dcb8  __SVC_STACK_END                                                                 
7911ddb8  __ABORT_STACK_END                                                               
7911ddb8  __UNDEFINED_STACK_START                                                         
7911deb8  __UNDEFINED_STACK_END                                                           
ffffffff  __TI_pprof_out_hndl                                                             
ffffffff  __TI_prof_data_size                                                             
ffffffff  __TI_prof_data_start                                                            
ffffffff  __binit__                                                                       
ffffffff  binit                                                                           
UNDEFED   __TI_CINIT_Base                                                                 
UNDEFED   __TI_CINIT_Limit                                                                
UNDEFED   __TI_Handler_Table_Base                                                         
UNDEFED   __TI_Handler_Table_Limit                                                        
UNDEFED   _system_post_cinit                                                              

[551 symbols]
